
> calculator-thailand@1.0.0 build
> node scripts/generate-release-metadata.mjs && astro build && node scripts/generate-sitemap.mjs

Generated release metadata: public/__release.json
  SHA: adc16a1745b008b7b290fec6e84ea6f730cb0fe9
  Timestamp: 2026-05-01T07:05:17.436Z
14.05.20 [types] Generated 82ms
14.05.20 [build] output: "static"
14.05.20 [build] directory: C:\Users\Henrik Madsen\.paperclip\instances\default\projects\3fee8de0-ac05-47ee-a8bd-b3b8a17cc09e\7bc34589-7df0-4922-a15b-7effc6367f4d\calculator-thailand\dist\
14.05.20 [build] Collecting build info...
14.05.20 [build] ✓ Completed in 438ms.
14.05.20 [build] Building static entrypoints...
14.05.51 [vite] [32m✓ built in 31.55s[39m
14.05.51 [build] ✓ Completed in 31.62s.

 building client (vite) 
14.05.52 [vite] transforming...
14.05.54 [vite] [32m✓[39m 1180 modules transformed.
14.05.54 [vite] rendering chunks...
14.05.54 [vite] computing gzip size...
14.05.54 [vite] [2mdist/[22m[36m_astro/hoisted.CbxB0Kak.js                                             [39m[1m[2m 0.03 kB[22m[1m[22m[2m │ gzip: 0.05 kB[22m
14.05.54 [vite] [2mdist/[22m[36m_astro/hoisted.ROei7xfS.js                                             [39m[1m[2m 0.13 kB[22m[1m[22m[2m │ gzip: 0.12 kB[22m
14.05.54 [vite] [2mdist/[22m[36m_astro/hoisted.BnFh171r.js                                             [39m[1m[2m 0.29 kB[22m[1m[22m[2m │ gzip: 0.22 kB[22m
14.05.54 [vite] [2mdist/[22m[36m_astro/hoisted.6UtaOeYx.js                                             [39m[1m[2m 0.29 kB[22m[1m[22m[2m │ gzip: 0.22 kB[22m
14.05.54 [vite] [2mdist/[22m[36m_astro/hoisted.Dn_X2N0j.js                                             [39m[1m[2m 0.29 kB[22m[1m[22m[2m │ gzip: 0.22 kB[22m
14.05.54 [vite] [2mdist/[22m[36m_astro/hoisted.D9qElK6a.js                                             [39m[1m[2m 0.29 kB[22m[1m[22m[2m │ gzip: 0.22 kB[22m
14.05.54 [vite] [2mdist/[22m[36m_astro/hoisted.Bx0j_tTN.js                                             [39m[1m[2m 0.29 kB[22m[1m[22m[2m │ gzip: 0.22 kB[22m
14.05.54 [vite] [2mdist/[22m[36m_astro/hoisted.CRjgwSo3.js                                             [39m[1m[2m 0.29 kB[22m[1m[22m[2m │ gzip: 0.22 kB[22m
14.05.54 [vite] [2mdist/[22m[36m_astro/hoisted.Du9kCjyJ.js                                             [39m[1m[2m 0.29 kB[22m[1m[22m[2m │ gzip: 0.22 kB[22m
14.05.54 [vite] [2mdist/[22m[36m_astro/hoisted.Bq6qdXtx.js                                             [39m[1m[2m 0.29 kB[22m[1m[22m[2m │ gzip: 0.22 kB[22m
14.05.54 [vite] [2mdist/[22m[36m_astro/hoisted.DmdGQ3Nc.js                                             [39m[1m[2m 0.29 kB[22m[1m[22m[2m │ gzip: 0.22 kB[22m
14.05.54 [vite] [2mdist/[22m[36m_astro/hoisted.CJQsk_2p.js                                             [39m[1m[2m 0.29 kB[22m[1m[22m[2m │ gzip: 0.22 kB[22m
14.05.54 [vite] [2mdist/[22m[36m_astro/hoisted.D6QaZLfi.js                                             [39m[1m[2m 0.29 kB[22m[1m[22m[2m │ gzip: 0.22 kB[22m
14.05.54 [vite] [2mdist/[22m[36m_astro/hoisted.CM1JwysF.js                                             [39m[1m[2m 0.29 kB[22m[1m[22m[2m │ gzip: 0.22 kB[22m
14.05.54 [vite] [2mdist/[22m[36m_astro/hoisted.CqPes-EW.js                                             [39m[1m[2m 0.29 kB[22m[1m[22m[2m │ gzip: 0.22 kB[22m
14.05.54 [vite] [2mdist/[22m[36m_astro/hoisted.BByy5iPh.js                                             [39m[1m[2m 0.29 kB[22m[1m[22m[2m │ gzip: 0.22 kB[22m
14.05.54 [vite] [2mdist/[22m[36m_astro/hoisted.MTuT_8Yk.js                                             [39m[1m[2m 0.29 kB[22m[1m[22m[2m │ gzip: 0.22 kB[22m
14.05.54 [vite] [2mdist/[22m[36m_astro/hoisted.CkwGkFIU.js                                             [39m[1m[2m 0.29 kB[22m[1m[22m[2m │ gzip: 0.22 kB[22m
14.05.54 [vite] [2mdist/[22m[36m_astro/hoisted.BcSwKhqR.js                                             [39m[1m[2m 0.29 kB[22m[1m[22m[2m │ gzip: 0.22 kB[22m
14.05.54 [vite] [2mdist/[22m[36m_astro/hoisted.DymqIIFL.js                                             [39m[1m[2m 0.29 kB[22m[1m[22m[2m │ gzip: 0.22 kB[22m
14.05.54 [vite] [2mdist/[22m[36m_astro/hoisted.BetB2Un4.js                                             [39m[1m[2m 0.29 kB[22m[1m[22m[2m │ gzip: 0.22 kB[22m
14.05.54 [vite] [2mdist/[22m[36m_astro/hoisted.BAOtzhKc.js                                             [39m[1m[2m 0.29 kB[22m[1m[22m[2m │ gzip: 0.22 kB[22m
14.05.54 [vite] [2mdist/[22m[36m_astro/hoisted.CD6Ovpzu.js                                             [39m[1m[2m 0.30 kB[22m[1m[22m[2m │ gzip: 0.23 kB[22m
14.05.54 [vite] [2mdist/[22m[36m_astro/hoisted.BbadbRM8.js                                             [39m[1m[2m 0.30 kB[22m[1m[22m[2m │ gzip: 0.23 kB[22m
14.05.54 [vite] [2mdist/[22m[36m_astro/hoisted.CKMHVcZd.js                                             [39m[1m[2m 0.30 kB[22m[1m[22m[2m │ gzip: 0.23 kB[22m
14.05.54 [vite] [2mdist/[22m[36m_astro/hoisted.B0xd2jRy.js                                             [39m[1m[2m 0.30 kB[22m[1m[22m[2m │ gzip: 0.23 kB[22m
14.05.54 [vite] [2mdist/[22m[36m_astro/hoisted.DI0Ci84G.js                                             [39m[1m[2m 0.30 kB[22m[1m[22m[2m │ gzip: 0.23 kB[22m
14.05.54 [vite] [2mdist/[22m[36m_astro/hoisted.B-8NaL35.js                                             [39m[1m[2m 0.30 kB[22m[1m[22m[2m │ gzip: 0.23 kB[22m
14.05.54 [vite] [2mdist/[22m[36m_astro/hoisted.B6m5YIYS.js                                             [39m[1m[2m 0.34 kB[22m[1m[22m[2m │ gzip: 0.24 kB[22m
14.05.54 [vite] [2mdist/[22m[36m_astro/hoisted.BcnI7250.js                                             [39m[1m[2m 0.36 kB[22m[1m[22m[2m │ gzip: 0.26 kB[22m
14.05.54 [vite] [2mdist/[22m[36m_astro/hoisted.CHh7F_P0.js                                             [39m[1m[2m 0.36 kB[22m[1m[22m[2m │ gzip: 0.26 kB[22m
14.05.54 [vite] [2mdist/[22m[36m_astro/hoisted.Kqz-LUDf.js                                             [39m[1m[2m 0.36 kB[22m[1m[22m[2m │ gzip: 0.27 kB[22m
14.05.54 [vite] [2mdist/[22m[36m_astro/hoisted.QhrGSlgY.js                                             [39m[1m[2m 0.36 kB[22m[1m[22m[2m │ gzip: 0.26 kB[22m
14.05.54 [vite] [2mdist/[22m[36m_astro/hoisted.DphJsBHi.js                                             [39m[1m[2m 0.36 kB[22m[1m[22m[2m │ gzip: 0.27 kB[22m
14.05.54 [vite] [2mdist/[22m[36m_astro/hoisted.Cmjs1XZ3.js                                             [39m[1m[2m 0.36 kB[22m[1m[22m[2m │ gzip: 0.27 kB[22m
14.05.54 [vite] [2mdist/[22m[36m_astro/hoisted.CpwmlQmB.js                                             [39m[1m[2m 0.36 kB[22m[1m[22m[2m │ gzip: 0.27 kB[22m
14.05.54 [vite] [2mdist/[22m[36m_astro/hoisted.LOB62ifK.js                                             [39m[1m[2m 0.36 kB[22m[1m[22m[2m │ gzip: 0.27 kB[22m
14.05.54 [vite] [2mdist/[22m[36m_astro/hoisted.xoLeyaej.js                                             [39m[1m[2m 0.36 kB[22m[1m[22m[2m │ gzip: 0.27 kB[22m
14.05.54 [vite] [2mdist/[22m[36m_astro/hoisted.BNRIcTEL.js                                             [39m[1m[2m 0.36 kB[22m[1m[22m[2m │ gzip: 0.27 kB[22m
14.05.54 [vite] [2mdist/[22m[36m_astro/hoisted.BwiV4NOl.js                                             [39m[1m[2m 0.36 kB[22m[1m[22m[2m │ gzip: 0.27 kB[22m
14.05.54 [vite] [2mdist/[22m[36m_astro/hoisted.CQJQDOer.js                                             [39m[1m[2m 0.36 kB[22m[1m[22m[2m │ gzip: 0.27 kB[22m
14.05.54 [vite] [2mdist/[22m[36m_astro/hoisted.VgV83SGT.js                                             [39m[1m[2m 0.36 kB[22m[1m[22m[2m │ gzip: 0.27 kB[22m
14.05.54 [vite] [2mdist/[22m[36m_astro/hoisted.Cy48hPpE.js                                             [39m[1m[2m 0.36 kB[22m[1m[22m[2m │ gzip: 0.27 kB[22m
14.05.54 [vite] [2mdist/[22m[36m_astro/hoisted.BW-PhTtO.js                                             [39m[1m[2m 0.36 kB[22m[1m[22m[2m │ gzip: 0.27 kB[22m
14.05.54 [vite] [2mdist/[22m[36m_astro/hoisted.QVrZtDQm.js                                             [39m[1m[2m 0.36 kB[22m[1m[22m[2m │ gzip: 0.27 kB[22m
14.05.54 [vite] [2mdist/[22m[36m_astro/hoisted.q3oNqaHK.js                                             [39m[1m[2m 0.37 kB[22m[1m[22m[2m │ gzip: 0.28 kB[22m
14.05.54 [vite] [2mdist/[22m[36m_astro/hoisted.Cl_ufq9o.js                                             [39m[1m[2m 0.37 kB[22m[1m[22m[2m │ gzip: 0.28 kB[22m
14.05.54 [vite] [2mdist/[22m[36m_astro/hoisted.sAx8gFvH.js                                             [39m[1m[2m 0.40 kB[22m[1m[22m[2m │ gzip: 0.29 kB[22m
14.05.54 [vite] [2mdist/[22m[36m_astro/hoisted.C4IEtaew.js                                             [39m[1m[2m 0.40 kB[22m[1m[22m[2m │ gzip: 0.28 kB[22m
14.05.54 [vite] [2mdist/[22m[36m_astro/hoisted.D9bDVO7i.js                                             [39m[1m[2m 0.40 kB[22m[1m[22m[2m │ gzip: 0.29 kB[22m
14.05.54 [vite] [2mdist/[22m[36m_astro/hoisted.CMQezUUj.js                                             [39m[1m[2m 0.40 kB[22m[1m[22m[2m │ gzip: 0.29 kB[22m
14.05.54 [vite] [2mdist/[22m[36m_astro/hoisted.h3Uvl--D.js                                             [39m[1m[2m 0.40 kB[22m[1m[22m[2m │ gzip: 0.29 kB[22m
14.05.54 [vite] [2mdist/[22m[36m_astro/hoisted.GhGGBdbJ.js                                             [39m[1m[2m 0.40 kB[22m[1m[22m[2m │ gzip: 0.29 kB[22m
14.05.54 [vite] [2mdist/[22m[36m_astro/hoisted.Bb_Pz1Iz.js                                             [39m[1m[2m 0.40 kB[22m[1m[22m[2m │ gzip: 0.29 kB[22m
14.05.54 [vite] [2mdist/[22m[36m_astro/hoisted.Cx9n9299.js                                             [39m[1m[2m 0.41 kB[22m[1m[22m[2m │ gzip: 0.29 kB[22m
14.05.54 [vite] [2mdist/[22m[36m_astro/hoisted.soOIlkV-.js                                             [39m[1m[2m 0.41 kB[22m[1m[22m[2m │ gzip: 0.29 kB[22m
14.05.54 [vite] [2mdist/[22m[36m_astro/hoisted.C5xSp4yC.js                                             [39m[1m[2m 0.41 kB[22m[1m[22m[2m │ gzip: 0.30 kB[22m
14.05.54 [vite] [2mdist/[22m[36m_astro/hoisted.B5C-eAyj.js                                             [39m[1m[2m 0.46 kB[22m[1m[22m[2m │ gzip: 0.33 kB[22m
14.05.54 [vite] [2mdist/[22m[36m_astro/hoisted.CspETYws.js                                             [39m[1m[2m 0.46 kB[22m[1m[22m[2m │ gzip: 0.33 kB[22m
14.05.54 [vite] [2mdist/[22m[36m_astro/hoisted.WOqOEtt4.js                                             [39m[1m[2m 0.46 kB[22m[1m[22m[2m │ gzip: 0.33 kB[22m
14.05.54 [vite] [2mdist/[22m[36m_astro/hoisted.RR1LZvVV.js                                             [39m[1m[2m 0.46 kB[22m[1m[22m[2m │ gzip: 0.33 kB[22m
14.05.54 [vite] [2mdist/[22m[36m_astro/hoisted.CbdZHKS9.js                                             [39m[1m[2m 0.46 kB[22m[1m[22m[2m │ gzip: 0.33 kB[22m
14.05.54 [vite] [2mdist/[22m[36m_astro/hoisted.BgWFBv1f.js                                             [39m[1m[2m 0.46 kB[22m[1m[22m[2m │ gzip: 0.34 kB[22m
14.05.54 [vite] [2mdist/[22m[36m_astro/hoisted.e6i19m6O.js                                             [39m[1m[2m 0.46 kB[22m[1m[22m[2m │ gzip: 0.34 kB[22m
14.05.54 [vite] [2mdist/[22m[36m_astro/hoisted.DxbF_-22.js                                             [39m[1m[2m 0.46 kB[22m[1m[22m[2m │ gzip: 0.34 kB[22m
14.05.54 [vite] [2mdist/[22m[36m_astro/hoisted.DzjTRRVw.js                                             [39m[1m[2m 0.46 kB[22m[1m[22m[2m │ gzip: 0.34 kB[22m
14.05.54 [vite] [2mdist/[22m[36m_astro/hoisted.bMeXCPEc.js                                             [39m[1m[2m 0.46 kB[22m[1m[22m[2m │ gzip: 0.34 kB[22m
14.05.54 [vite] [2mdist/[22m[36m_astro/hoisted.DJKmdOSc.js                                             [39m[1m[2m 0.46 kB[22m[1m[22m[2m │ gzip: 0.34 kB[22m
14.05.54 [vite] [2mdist/[22m[36m_astro/hoisted.BwRkrP3w.js                                             [39m[1m[2m 0.46 kB[22m[1m[22m[2m │ gzip: 0.35 kB[22m
14.05.54 [vite] [2mdist/[22m[36m_astro/hoisted.BsWW7D9z.js                                             [39m[1m[2m 0.46 kB[22m[1m[22m[2m │ gzip: 0.35 kB[22m
14.05.54 [vite] [2mdist/[22m[36m_astro/hoisted.a5PYbmM6.js                                             [39m[1m[2m 0.46 kB[22m[1m[22m[2m │ gzip: 0.35 kB[22m
14.05.54 [vite] [2mdist/[22m[36m_astro/hoisted.DowETLX7.js                                             [39m[1m[2m 0.46 kB[22m[1m[22m[2m │ gzip: 0.34 kB[22m
14.05.54 [vite] [2mdist/[22m[36m_astro/hoisted.D35wMMix.js                                             [39m[1m[2m 0.46 kB[22m[1m[22m[2m │ gzip: 0.35 kB[22m
14.05.54 [vite] [2mdist/[22m[36m_astro/hoisted.De0C8W7g.js                                             [39m[1m[2m 0.46 kB[22m[1m[22m[2m │ gzip: 0.35 kB[22m
14.05.54 [vite] [2mdist/[22m[36m_astro/hoisted.B50twbYy.js                                             [39m[1m[2m 0.46 kB[22m[1m[22m[2m │ gzip: 0.35 kB[22m
14.05.54 [vite] [2mdist/[22m[36m_astro/hoisted.B1qmZeAf.js                                             [39m[1m[2m 0.47 kB[22m[1m[22m[2m │ gzip: 0.35 kB[22m
14.05.54 [vite] [2mdist/[22m[36m_astro/hoisted._5bzhFlZ.js                                             [39m[1m[2m 0.47 kB[22m[1m[22m[2m │ gzip: 0.35 kB[22m
14.05.54 [vite] [2mdist/[22m[36m_astro/hoisted.wONEB-08.js                                             [39m[1m[2m 0.47 kB[22m[1m[22m[2m │ gzip: 0.35 kB[22m
14.05.54 [vite] [2mdist/[22m[36m_astro/hoisted.B6o17CB9.js                                             [39m[1m[2m 0.47 kB[22m[1m[22m[2m │ gzip: 0.35 kB[22m
14.05.54 [vite] [2mdist/[22m[36m_astro/hoisted.qGscxTWv.js                                             [39m[1m[2m 0.47 kB[22m[1m[22m[2m │ gzip: 0.35 kB[22m
14.05.54 [vite] [2mdist/[22m[36m_astro/hoisted.wVOftYev.js                                             [39m[1m[2m 0.47 kB[22m[1m[22m[2m │ gzip: 0.36 kB[22m
14.05.54 [vite] [2mdist/[22m[36m_astro/hoisted.C-KR-kfc.js                                             [39m[1m[2m 0.47 kB[22m[1m[22m[2m │ gzip: 0.36 kB[22m
14.05.54 [vite] [2mdist/[22m[36m_astro/hoisted.C2WWt9zh.js                                             [39m[1m[2m 0.47 kB[22m[1m[22m[2m │ gzip: 0.36 kB[22m
14.05.54 [vite] [2mdist/[22m[36m_astro/hoisted.Bn4h25wh.js                                             [39m[1m[2m 0.47 kB[22m[1m[22m[2m │ gzip: 0.36 kB[22m
14.05.54 [vite] [2mdist/[22m[36m_astro/hoisted.CsKWwH3r.js                                             [39m[1m[2m 0.52 kB[22m[1m[22m[2m │ gzip: 0.30 kB[22m
14.05.54 [vite] [2mdist/[22m[36m_astro/hoisted.BPambMLD.js                                             [39m[1m[2m 0.52 kB[22m[1m[22m[2m │ gzip: 0.31 kB[22m
14.05.54 [vite] [2mdist/[22m[36m_astro/hoisted.4FXyYbxu.js                                             [39m[1m[2m 0.53 kB[22m[1m[22m[2m │ gzip: 0.29 kB[22m
14.05.54 [vite] [2mdist/[22m[36m_astro/hoisted.CuQhk9Vn.js                                             [39m[1m[2m 0.53 kB[22m[1m[22m[2m │ gzip: 0.31 kB[22m
14.05.54 [vite] [2mdist/[22m[36m_astro/hoisted.CHfL4XMJ.js                                             [39m[1m[2m 0.53 kB[22m[1m[22m[2m │ gzip: 0.32 kB[22m
14.05.54 [vite] [2mdist/[22m[36m_astro/hoisted.B4oR5Y8H.js                                             [39m[1m[2m 0.54 kB[22m[1m[22m[2m │ gzip: 0.31 kB[22m
14.05.54 [vite] [2mdist/[22m[36m_astro/hoisted.Bb-evzhE.js                                             [39m[1m[2m 0.54 kB[22m[1m[22m[2m │ gzip: 0.32 kB[22m
14.05.54 [vite] [2mdist/[22m[36m_astro/hoisted.BfYF2Y-6.js                                             [39m[1m[2m 0.54 kB[22m[1m[22m[2m │ gzip: 0.32 kB[22m
14.05.54 [vite] [2mdist/[22m[36m_astro/hoisted.DM4FIj8i.js                                             [39m[1m[2m 0.54 kB[22m[1m[22m[2m │ gzip: 0.30 kB[22m
14.05.54 [vite] [2mdist/[22m[36m_astro/hoisted.lMgAt-SW.js                                             [39m[1m[2m 0.54 kB[22m[1m[22m[2m │ gzip: 0.30 kB[22m
14.05.54 [vite] [2mdist/[22m[36m_astro/hoisted.BXmSaDiY.js                                             [39m[1m[2m 0.54 kB[22m[1m[22m[2m │ gzip: 0.30 kB[22m
14.05.54 [vite] [2mdist/[22m[36m_astro/hoisted.BW_8lTf9.js                                             [39m[1m[2m 0.54 kB[22m[1m[22m[2m │ gzip: 0.30 kB[22m
14.05.54 [vite] [2mdist/[22m[36m_astro/hoisted.CZyLAyDw.js                                             [39m[1m[2m 0.54 kB[22m[1m[22m[2m │ gzip: 0.30 kB[22m
14.05.54 [vite] [2mdist/[22m[36m_astro/hoisted.BDwFDNxb.js                                             [39m[1m[2m 0.54 kB[22m[1m[22m[2m │ gzip: 0.30 kB[22m
14.05.54 [vite] [2mdist/[22m[36m_astro/hoisted.BXm2knWW.js                                             [39m[1m[2m 0.54 kB[22m[1m[22m[2m │ gzip: 0.30 kB[22m
14.05.54 [vite] [2mdist/[22m[36m_astro/hoisted.C7Mg88rP.js                                             [39m[1m[2m 0.54 kB[22m[1m[22m[2m │ gzip: 0.30 kB[22m
14.05.54 [vite] [2mdist/[22m[36m_astro/hoisted.BSSVzLbE.js                                             [39m[1m[2m 0.54 kB[22m[1m[22m[2m │ gzip: 0.30 kB[22m
14.05.54 [vite] [2mdist/[22m[36m_astro/hoisted.1aQbuNDC.js                                             [39m[1m[2m 0.54 kB[22m[1m[22m[2m │ gzip: 0.30 kB[22m
14.05.54 [vite] [2mdist/[22m[36m_astro/hoisted.xE_S-BVv.js                                             [39m[1m[2m 0.54 kB[22m[1m[22m[2m │ gzip: 0.30 kB[22m
14.05.54 [vite] [2mdist/[22m[36m_astro/hoisted.Deqr3dr-.js                                             [39m[1m[2m 0.54 kB[22m[1m[22m[2m │ gzip: 0.30 kB[22m
14.05.54 [vite] [2mdist/[22m[36m_astro/hoisted.MmTFnJRi.js                                             [39m[1m[2m 0.54 kB[22m[1m[22m[2m │ gzip: 0.30 kB[22m
14.05.54 [vite] [2mdist/[22m[36m_astro/hoisted.BFLL04CR.js                                             [39m[1m[2m 0.54 kB[22m[1m[22m[2m │ gzip: 0.30 kB[22m
14.05.54 [vite] [2mdist/[22m[36m_astro/hoisted.BEQkflXc.js                                             [39m[1m[2m 0.54 kB[22m[1m[22m[2m │ gzip: 0.30 kB[22m
14.05.54 [vite] [2mdist/[22m[36m_astro/hoisted.DSs2vckx.js                                             [39m[1m[2m 0.54 kB[22m[1m[22m[2m │ gzip: 0.30 kB[22m
14.05.54 [vite] [2mdist/[22m[36m_astro/hoisted.D_Qco6-I.js                                             [39m[1m[2m 0.54 kB[22m[1m[22m[2m │ gzip: 0.30 kB[22m
14.05.54 [vite] [2mdist/[22m[36m_astro/hoisted.dBYQ90wW.js                                             [39m[1m[2m 0.54 kB[22m[1m[22m[2m │ gzip: 0.30 kB[22m
14.05.54 [vite] [2mdist/[22m[36m_astro/hoisted.02QcIeFr.js                                             [39m[1m[2m 0.54 kB[22m[1m[22m[2m │ gzip: 0.30 kB[22m
14.05.54 [vite] [2mdist/[22m[36m_astro/hoisted.0yiM2L8x.js                                             [39m[1m[2m 0.54 kB[22m[1m[22m[2m │ gzip: 0.30 kB[22m
14.05.54 [vite] [2mdist/[22m[36m_astro/hoisted.Bs2J1xYk.js                                             [39m[1m[2m 0.54 kB[22m[1m[22m[2m │ gzip: 0.32 kB[22m
14.05.54 [vite] [2mdist/[22m[36m_astro/hoisted.DEkHQzDZ.js                                             [39m[1m[2m 0.54 kB[22m[1m[22m[2m │ gzip: 0.33 kB[22m
14.05.54 [vite] [2mdist/[22m[36m_astro/hoisted.D_bdBm8O.js                                             [39m[1m[2m 0.54 kB[22m[1m[22m[2m │ gzip: 0.32 kB[22m
14.05.54 [vite] [2mdist/[22m[36m_astro/hoisted.CHyFJoJC.js                                             [39m[1m[2m 0.54 kB[22m[1m[22m[2m │ gzip: 0.33 kB[22m
14.05.54 [vite] [2mdist/[22m[36m_astro/hoisted.CZgeM5Xn.js                                             [39m[1m[2m 0.55 kB[22m[1m[22m[2m │ gzip: 0.33 kB[22m
14.05.54 [vite] [2mdist/[22m[36m_astro/hoisted.DQZg9Vkt.js                                             [39m[1m[2m 0.55 kB[22m[1m[22m[2m │ gzip: 0.31 kB[22m
14.05.54 [vite] [2mdist/[22m[36m_astro/hoisted.bMQMqy5q.js                                             [39m[1m[2m 0.56 kB[22m[1m[22m[2m │ gzip: 0.29 kB[22m
14.05.54 [vite] [2mdist/[22m[36m_astro/hoisted.D9WO1mvi.js                                             [39m[1m[2m 0.58 kB[22m[1m[22m[2m │ gzip: 0.35 kB[22m
14.05.54 [vite] [2mdist/[22m[36m_astro/hoisted.0YULrvvF.js                                             [39m[1m[2m 0.59 kB[22m[1m[22m[2m │ gzip: 0.32 kB[22m
14.05.54 [vite] [2mdist/[22m[36m_astro/hoisted.Bu6T_8UX.js                                             [39m[1m[2m 0.59 kB[22m[1m[22m[2m │ gzip: 0.30 kB[22m
14.05.54 [vite] [2mdist/[22m[36m_astro/hoisted.DJLkK6fM.js                                             [39m[1m[2m 0.59 kB[22m[1m[22m[2m │ gzip: 0.32 kB[22m
14.05.54 [vite] [2mdist/[22m[36m_astro/hoisted.DkJCv0Ga.js                                             [39m[1m[2m 0.59 kB[22m[1m[22m[2m │ gzip: 0.32 kB[22m
14.05.54 [vite] [2mdist/[22m[36m_astro/hoisted.8P1wAF6K.js                                             [39m[1m[2m 0.60 kB[22m[1m[22m[2m │ gzip: 0.31 kB[22m
14.05.54 [vite] [2mdist/[22m[36m_astro/hoisted.BsdXGdwB.js                                             [39m[1m[2m 0.61 kB[22m[1m[22m[2m │ gzip: 0.30 kB[22m
14.05.54 [vite] [2mdist/[22m[36m_astro/hoisted.6__j33q_.js                                             [39m[1m[2m 0.61 kB[22m[1m[22m[2m │ gzip: 0.31 kB[22m
14.05.54 [vite] [2mdist/[22m[36m_astro/hoisted.CoTzoMRd.js                                             [39m[1m[2m 0.62 kB[22m[1m[22m[2m │ gzip: 0.40 kB[22m
14.05.54 [vite] [2mdist/[22m[36m_astro/hoisted.BReLSw0Y.js                                             [39m[1m[2m 0.63 kB[22m[1m[22m[2m │ gzip: 0.32 kB[22m
14.05.54 [vite] [2mdist/[22m[36m_astro/favorites.CbPM9Tii.js                                           [39m[1m[2m 0.64 kB[22m[1m[22m[2m │ gzip: 0.32 kB[22m
14.05.54 [vite] [2mdist/[22m[36m_astro/hoisted.C1-5Dm1x.js                                             [39m[1m[2m 0.64 kB[22m[1m[22m[2m │ gzip: 0.30 kB[22m
14.05.54 [vite] [2mdist/[22m[36m_astro/hoisted.CPWHa0i6.js                                             [39m[1m[2m 0.64 kB[22m[1m[22m[2m │ gzip: 0.34 kB[22m
14.05.54 [vite] [2mdist/[22m[36m_astro/hoisted.CnEX-FN8.js                                             [39m[1m[2m 0.64 kB[22m[1m[22m[2m │ gzip: 0.31 kB[22m
14.05.54 [vite] [2mdist/[22m[36m_astro/hoisted.DHZN2VgN.js                                             [39m[1m[2m 0.65 kB[22m[1m[22m[2m │ gzip: 0.31 kB[22m
14.05.54 [vite] [2mdist/[22m[36m_astro/hoisted.BvThFbCm.js                                             [39m[1m[2m 0.65 kB[22m[1m[22m[2m │ gzip: 0.30 kB[22m
14.05.54 [vite] [2mdist/[22m[36m_astro/hoisted.RENlctOI.js                                             [39m[1m[2m 0.65 kB[22m[1m[22m[2m │ gzip: 0.32 kB[22m
14.05.54 [vite] [2mdist/[22m[36m_astro/hoisted.P1neRwzV.js                                             [39m[1m[2m 0.66 kB[22m[1m[22m[2m │ gzip: 0.33 kB[22m
14.05.54 [vite] [2mdist/[22m[36m_astro/hoisted.BjqT6Yu8.js                                             [39m[1m[2m 0.66 kB[22m[1m[22m[2m │ gzip: 0.32 kB[22m
14.05.54 [vite] [2mdist/[22m[36m_astro/hoisted.Ckg7-naW.js                                             [39m[1m[2m 0.67 kB[22m[1m[22m[2m │ gzip: 0.33 kB[22m
14.05.54 [vite] [2mdist/[22m[36m_astro/hoisted.CNmNXVp1.js                                             [39m[1m[2m 0.67 kB[22m[1m[22m[2m │ gzip: 0.33 kB[22m
14.05.54 [vite] [2mdist/[22m[36m_astro/hoisted.yCeXLQ6K.js                                             [39m[1m[2m 0.67 kB[22m[1m[22m[2m │ gzip: 0.35 kB[22m
14.05.54 [vite] [2mdist/[22m[36m_astro/hoisted.C02SZE-M.js                                             [39m[1m[2m 0.67 kB[22m[1m[22m[2m │ gzip: 0.31 kB[22m
14.05.54 [vite] [2mdist/[22m[36m_astro/hoisted.C_5akeM1.js                                             [39m[1m[2m 0.67 kB[22m[1m[22m[2m │ gzip: 0.32 kB[22m
14.05.54 [vite] [2mdist/[22m[36m_astro/hoisted.DiiIZRvn.js                                             [39m[1m[2m 0.67 kB[22m[1m[22m[2m │ gzip: 0.32 kB[22m
14.05.54 [vite] [2mdist/[22m[36m_astro/hoisted.BxmRksBR.js                                             [39m[1m[2m 0.68 kB[22m[1m[22m[2m │ gzip: 0.35 kB[22m
14.05.54 [vite] [2mdist/[22m[36m_astro/hoisted.DKJxlLWb.js                                             [39m[1m[2m 0.68 kB[22m[1m[22m[2m │ gzip: 0.39 kB[22m
14.05.54 [vite] [2mdist/[22m[36m_astro/hoisted.C4vvZAsa.js                                             [39m[1m[2m 0.68 kB[22m[1m[22m[2m │ gzip: 0.32 kB[22m
14.05.54 [vite] [2mdist/[22m[36m_astro/hoisted.Dl8n0UTQ.js                                             [39m[1m[2m 0.68 kB[22m[1m[22m[2m │ gzip: 0.33 kB[22m
14.05.54 [vite] [2mdist/[22m[36m_astro/hoisted.BSWB-K1k.js                                             [39m[1m[2m 0.68 kB[22m[1m[22m[2m │ gzip: 0.32 kB[22m
14.05.54 [vite] [2mdist/[22m[36m_astro/hoisted.D39CcSNK.js                                             [39m[1m[2m 0.68 kB[22m[1m[22m[2m │ gzip: 0.34 kB[22m
14.05.54 [vite] [2mdist/[22m[36m_astro/hoisted.BmYCgtwc.js                                             [39m[1m[2m 0.68 kB[22m[1m[22m[2m │ gzip: 0.38 kB[22m
14.05.54 [vite] [2mdist/[22m[36m_astro/hoisted.OFqBfT7F.js                                             [39m[1m[2m 0.68 kB[22m[1m[22m[2m │ gzip: 0.41 kB[22m
14.05.54 [vite] [2mdist/[22m[36m_astro/hoisted.Y8O6fGz4.js                                             [39m[1m[2m 0.69 kB[22m[1m[22m[2m │ gzip: 0.32 kB[22m
14.05.54 [vite] [2mdist/[22m[36m_astro/hoisted.Cpz0Q5F7.js                                             [39m[1m[2m 0.69 kB[22m[1m[22m[2m │ gzip: 0.36 kB[22m
14.05.54 [vite] [2mdist/[22m[36m_astro/hoisted.D105mcvR.js                                             [39m[1m[2m 0.69 kB[22m[1m[22m[2m │ gzip: 0.33 kB[22m
14.05.54 [vite] [2mdist/[22m[36m_astro/hoisted.C-nz-xg_.js                                             [39m[1m[2m 0.69 kB[22m[1m[22m[2m │ gzip: 0.36 kB[22m
14.05.54 [vite] [2mdist/[22m[36m_astro/hoisted.DtyABvh6.js                                             [39m[1m[2m 0.70 kB[22m[1m[22m[2m │ gzip: 0.32 kB[22m
14.05.54 [vite] [2mdist/[22m[36m_astro/hoisted.CyV3b0pB.js                                             [39m[1m[2m 0.70 kB[22m[1m[22m[2m │ gzip: 0.35 kB[22m
14.05.54 [vite] [2mdist/[22m[36m_astro/hoisted.DQzD_KG-.js                                             [39m[1m[2m 0.70 kB[22m[1m[22m[2m │ gzip: 0.34 kB[22m
14.05.54 [vite] [2mdist/[22m[36m_astro/hoisted.CjhCDKwk.js                                             [39m[1m[2m 0.70 kB[22m[1m[22m[2m │ gzip: 0.40 kB[22m
14.05.54 [vite] [2mdist/[22m[36m_astro/hoisted.BhZO7G9y.js                                             [39m[1m[2m 0.70 kB[22m[1m[22m[2m │ gzip: 0.33 kB[22m
14.05.54 [vite] [2mdist/[22m[36m_astro/hoisted.CDgEGw4l.js                                             [39m[1m[2m 0.70 kB[22m[1m[22m[2m │ gzip: 0.33 kB[22m
14.05.54 [vite] [2mdist/[22m[36m_astro/hoisted.BvD_qT-7.js                                             [39m[1m[2m 0.71 kB[22m[1m[22m[2m │ gzip: 0.39 kB[22m
14.05.54 [vite] [2mdist/[22m[36m_astro/hoisted.C4HlZ20Z.js                                             [39m[1m[2m 0.71 kB[22m[1m[22m[2m │ gzip: 0.32 kB[22m
14.05.54 [vite] [2mdist/[22m[36m_astro/hoisted.DSrJ7hOK.js                                             [39m[1m[2m 0.71 kB[22m[1m[22m[2m │ gzip: 0.36 kB[22m
14.05.54 [vite] [2mdist/[22m[36m_astro/hoisted.CyJNm6Ep.js                                             [39m[1m[2m 0.72 kB[22m[1m[22m[2m │ gzip: 0.40 kB[22m
14.05.54 [vite] [2mdist/[22m[36m_astro/hoisted.BClC9ZhH.js                                             [39m[1m[2m 0.72 kB[22m[1m[22m[2m │ gzip: 0.33 kB[22m
14.05.54 [vite] [2mdist/[22m[36m_astro/hoisted.BWJj41Y-.js                                             [39m[1m[2m 0.72 kB[22m[1m[22m[2m │ gzip: 0.34 kB[22m
14.05.54 [vite] [2mdist/[22m[36m_astro/hoisted.BODx-Yua.js                                             [39m[1m[2m 0.72 kB[22m[1m[22m[2m │ gzip: 0.32 kB[22m
14.05.54 [vite] [2mdist/[22m[36m_astro/hoisted.X6XMYP9T.js                                             [39m[1m[2m 0.72 kB[22m[1m[22m[2m │ gzip: 0.31 kB[22m
14.05.54 [vite] [2mdist/[22m[36m_astro/hoisted.DyGW1xYy.js                                             [39m[1m[2m 0.72 kB[22m[1m[22m[2m │ gzip: 0.36 kB[22m
14.05.54 [vite] [2mdist/[22m[36m_astro/hoisted.CtzY_1I-.js                                             [39m[1m[2m 0.72 kB[22m[1m[22m[2m │ gzip: 0.38 kB[22m
14.05.54 [vite] [2mdist/[22m[36m_astro/hoisted.kVA58wH1.js                                             [39m[1m[2m 0.72 kB[22m[1m[22m[2m │ gzip: 0.35 kB[22m
14.05.54 [vite] [2mdist/[22m[36m_astro/hoisted.BvUuSiMD.js                                             [39m[1m[2m 0.72 kB[22m[1m[22m[2m │ gzip: 0.37 kB[22m
14.05.54 [vite] [2mdist/[22m[36m_astro/hoisted.DSwkP4lZ.js                                             [39m[1m[2m 0.72 kB[22m[1m[22m[2m │ gzip: 0.36 kB[22m
14.05.54 [vite] [2mdist/[22m[36m_astro/hoisted.xFQ7esXL.js                                             [39m[1m[2m 0.72 kB[22m[1m[22m[2m │ gzip: 0.33 kB[22m
14.05.54 [vite] [2mdist/[22m[36m_astro/hoisted.UovXVTWU.js                                             [39m[1m[2m 0.72 kB[22m[1m[22m[2m │ gzip: 0.32 kB[22m
14.05.54 [vite] [2mdist/[22m[36m_astro/hoisted.eP0BKxHM.js                                             [39m[1m[2m 0.73 kB[22m[1m[22m[2m │ gzip: 0.32 kB[22m
14.05.54 [vite] [2mdist/[22m[36m_astro/hoisted.DQfyjbu0.js                                             [39m[1m[2m 0.73 kB[22m[1m[22m[2m │ gzip: 0.34 kB[22m
14.05.54 [vite] [2mdist/[22m[36m_astro/hoisted.CM6zXv2z.js                                             [39m[1m[2m 0.73 kB[22m[1m[22m[2m │ gzip: 0.36 kB[22m
14.05.54 [vite] [2mdist/[22m[36m_astro/hoisted.D7BoPN5J.js                                             [39m[1m[2m 0.73 kB[22m[1m[22m[2m │ gzip: 0.33 kB[22m
14.05.54 [vite] [2mdist/[22m[36m_astro/hoisted.BnOmAttR.js                                             [39m[1m[2m 0.73 kB[22m[1m[22m[2m │ gzip: 0.32 kB[22m
14.05.54 [vite] [2mdist/[22m[36m_astro/hoisted.DamCMA2R.js                                             [39m[1m[2m 0.73 kB[22m[1m[22m[2m │ gzip: 0.33 kB[22m
14.05.54 [vite] [2mdist/[22m[36m_astro/hoisted.C_wY4Rxq.js                                             [39m[1m[2m 0.73 kB[22m[1m[22m[2m │ gzip: 0.37 kB[22m
14.05.54 [vite] [2mdist/[22m[36m_astro/hoisted.BOQJ6nR7.js                                             [39m[1m[2m 0.73 kB[22m[1m[22m[2m │ gzip: 0.36 kB[22m
14.05.54 [vite] [2mdist/[22m[36m_astro/hoisted.CI5hm0qf.js                                             [39m[1m[2m 0.73 kB[22m[1m[22m[2m │ gzip: 0.33 kB[22m
14.05.54 [vite] [2mdist/[22m[36m_astro/hoisted.CwWhq5IY.js                                             [39m[1m[2m 0.74 kB[22m[1m[22m[2m │ gzip: 0.40 kB[22m
14.05.54 [vite] [2mdist/[22m[36m_astro/hoisted.TrLUnVxA.js                                             [39m[1m[2m 0.74 kB[22m[1m[22m[2m │ gzip: 0.33 kB[22m
14.05.54 [vite] [2mdist/[22m[36m_astro/hoisted.ConINY-o.js                                             [39m[1m[2m 0.74 kB[22m[1m[22m[2m │ gzip: 0.40 kB[22m
14.05.54 [vite] [2mdist/[22m[36m_astro/hoisted.Ba07auhD.js                                             [39m[1m[2m 0.74 kB[22m[1m[22m[2m │ gzip: 0.33 kB[22m
14.05.54 [vite] [2mdist/[22m[36m_astro/hoisted.D02nymkW.js                                             [39m[1m[2m 0.74 kB[22m[1m[22m[2m │ gzip: 0.33 kB[22m
14.05.54 [vite] [2mdist/[22m[36m_astro/hoisted.BUViZSJG.js                                             [39m[1m[2m 0.74 kB[22m[1m[22m[2m │ gzip: 0.32 kB[22m
14.05.54 [vite] [2mdist/[22m[36m_astro/hoisted.DDdDueTs.js                                             [39m[1m[2m 0.74 kB[22m[1m[22m[2m │ gzip: 0.33 kB[22m
14.05.54 [vite] [2mdist/[22m[36m_astro/hoisted.DsEURzT_.js                                             [39m[1m[2m 0.74 kB[22m[1m[22m[2m │ gzip: 0.39 kB[22m
14.05.54 [vite] [2mdist/[22m[36m_astro/hoisted.BidegunT.js                                             [39m[1m[2m 0.75 kB[22m[1m[22m[2m │ gzip: 0.34 kB[22m
14.05.54 [vite] [2mdist/[22m[36m_astro/hoisted.szbx2_0U.js                                             [39m[1m[2m 0.75 kB[22m[1m[22m[2m │ gzip: 0.33 kB[22m
14.05.54 [vite] [2mdist/[22m[36m_astro/hoisted.Caxn3oUO.js                                             [39m[1m[2m 0.75 kB[22m[1m[22m[2m │ gzip: 0.34 kB[22m
14.05.54 [vite] [2mdist/[22m[36m_astro/hoisted.B3nKU-ck.js                                             [39m[1m[2m 0.75 kB[22m[1m[22m[2m │ gzip: 0.40 kB[22m
14.05.54 [vite] [2mdist/[22m[36m_astro/hoisted.D7Q-pkb_.js                                             [39m[1m[2m 0.75 kB[22m[1m[22m[2m │ gzip: 0.42 kB[22m
14.05.54 [vite] [2mdist/[22m[36m_astro/hoisted.0FkDIBBH.js                                             [39m[1m[2m 0.76 kB[22m[1m[22m[2m │ gzip: 0.34 kB[22m
14.05.54 [vite] [2mdist/[22m[36m_astro/hoisted.DPlL4ibV.js                                             [39m[1m[2m 0.76 kB[22m[1m[22m[2m │ gzip: 0.41 kB[22m
14.05.54 [vite] [2mdist/[22m[36m_astro/hoisted.BUSnCaRU.js                                             [39m[1m[2m 0.76 kB[22m[1m[22m[2m │ gzip: 0.34 kB[22m
14.05.54 [vite] [2mdist/[22m[36m_astro/hoisted.BX_2mda8.js                                             [39m[1m[2m 0.76 kB[22m[1m[22m[2m │ gzip: 0.33 kB[22m
14.05.54 [vite] [2mdist/[22m[36m_astro/hoisted.CTJYgSfo.js                                             [39m[1m[2m 0.77 kB[22m[1m[22m[2m │ gzip: 0.36 kB[22m
14.05.54 [vite] [2mdist/[22m[36m_astro/hoisted.DV6m0lMd.js                                             [39m[1m[2m 0.77 kB[22m[1m[22m[2m │ gzip: 0.34 kB[22m
14.05.54 [vite] [2mdist/[22m[36m_astro/hoisted.CGBKeX-m.js                                             [39m[1m[2m 0.77 kB[22m[1m[22m[2m │ gzip: 0.41 kB[22m
14.05.54 [vite] [2mdist/[22m[36m_astro/hoisted.Bofw3tWL.js                                             [39m[1m[2m 0.77 kB[22m[1m[22m[2m │ gzip: 0.32 kB[22m
14.05.54 [vite] [2mdist/[22m[36m_astro/hoisted.95T7Q3Av.js                                             [39m[1m[2m 0.77 kB[22m[1m[22m[2m │ gzip: 0.36 kB[22m
14.05.54 [vite] [2mdist/[22m[36m_astro/hoisted.DgORzXQp.js                                             [39m[1m[2m 0.78 kB[22m[1m[22m[2m │ gzip: 0.33 kB[22m
14.05.54 [vite] [2mdist/[22m[36m_astro/hoisted.DAa1XTSG.js                                             [39m[1m[2m 0.78 kB[22m[1m[22m[2m │ gzip: 0.41 kB[22m
14.05.54 [vite] [2mdist/[22m[36m_astro/hoisted.CMsXlgHB.js                                             [39m[1m[2m 0.78 kB[22m[1m[22m[2m │ gzip: 0.40 kB[22m
14.05.54 [vite] [2mdist/[22m[36m_astro/hoisted.Dk_agtjs.js                                             [39m[1m[2m 0.78 kB[22m[1m[22m[2m │ gzip: 0.35 kB[22m
14.05.54 [vite] [2mdist/[22m[36m_astro/hoisted.BnTVDxpW.js                                             [39m[1m[2m 0.78 kB[22m[1m[22m[2m │ gzip: 0.40 kB[22m
14.05.54 [vite] [2mdist/[22m[36m_astro/hoisted.ssnlUPfB.js                                             [39m[1m[2m 0.78 kB[22m[1m[22m[2m │ gzip: 0.31 kB[22m
14.05.54 [vite] [2mdist/[22m[36m_astro/hoisted.YeepQigs.js                                             [39m[1m[2m 0.79 kB[22m[1m[22m[2m │ gzip: 0.37 kB[22m
14.05.54 [vite] [2mdist/[22m[36m_astro/hoisted.6oW0RBvJ.js                                             [39m[1m[2m 0.80 kB[22m[1m[22m[2m │ gzip: 0.35 kB[22m
14.05.54 [vite] [2mdist/[22m[36m_astro/hoisted.Dz7geyjo.js                                             [39m[1m[2m 0.80 kB[22m[1m[22m[2m │ gzip: 0.40 kB[22m
14.05.54 [vite] [2mdist/[22m[36m_astro/hoisted.h2Kz8k61.js                                             [39m[1m[2m 0.80 kB[22m[1m[22m[2m │ gzip: 0.34 kB[22m
14.05.54 [vite] [2mdist/[22m[36m_astro/hoisted.FpEaUoBB.js                                             [39m[1m[2m 0.80 kB[22m[1m[22m[2m │ gzip: 0.40 kB[22m
14.05.54 [vite] [2mdist/[22m[36m_astro/hoisted.DZPxyXqa.js                                             [39m[1m[2m 0.80 kB[22m[1m[22m[2m │ gzip: 0.38 kB[22m
14.05.54 [vite] [2mdist/[22m[36m_astro/hoisted.DM8GYvfV.js                                             [39m[1m[2m 0.80 kB[22m[1m[22m[2m │ gzip: 0.33 kB[22m
14.05.54 [vite] [2mdist/[22m[36m_astro/hoisted.B6z-9Ruh.js                                             [39m[1m[2m 0.80 kB[22m[1m[22m[2m │ gzip: 0.36 kB[22m
14.05.54 [vite] [2mdist/[22m[36m_astro/hoisted.0S85GU-u.js                                             [39m[1m[2m 0.81 kB[22m[1m[22m[2m │ gzip: 0.38 kB[22m
14.05.54 [vite] [2mdist/[22m[36m_astro/hoisted.BV5OXXg6.js                                             [39m[1m[2m 0.81 kB[22m[1m[22m[2m │ gzip: 0.42 kB[22m
14.05.54 [vite] [2mdist/[22m[36m_astro/hoisted.L2SLjthW.js                                             [39m[1m[2m 0.81 kB[22m[1m[22m[2m │ gzip: 0.37 kB[22m
14.05.54 [vite] [2mdist/[22m[36m_astro/hoisted.k-vE0Xeb.js                                             [39m[1m[2m 0.81 kB[22m[1m[22m[2m │ gzip: 0.34 kB[22m
14.05.54 [vite] [2mdist/[22m[36m_astro/hoisted.DxYmrRTE.js                                             [39m[1m[2m 0.81 kB[22m[1m[22m[2m │ gzip: 0.40 kB[22m
14.05.54 [vite] [2mdist/[22m[36m_astro/hoisted.DDWiHZZv.js                                             [39m[1m[2m 0.82 kB[22m[1m[22m[2m │ gzip: 0.34 kB[22m
14.05.54 [vite] [2mdist/[22m[36m_astro/AffiliateCard.astro_astro_type_script_index_0_lang.DiaiRTCQ.js  [39m[1m[2m 0.82 kB[22m[1m[22m[2m │ gzip: 0.38 kB[22m
14.05.54 [vite] [2mdist/[22m[36m_astro/hoisted.ef63sXZ_.js                                             [39m[1m[2m 0.82 kB[22m[1m[22m[2m │ gzip: 0.34 kB[22m
14.05.54 [vite] [2mdist/[22m[36m_astro/hoisted._TKbHU6p.js                                             [39m[1m[2m 0.82 kB[22m[1m[22m[2m │ gzip: 0.43 kB[22m
14.05.54 [vite] [2mdist/[22m[36m_astro/hoisted.C_E1_D19.js                                             [39m[1m[2m 0.83 kB[22m[1m[22m[2m │ gzip: 0.34 kB[22m
14.05.54 [vite] [2mdist/[22m[36m_astro/hoisted.D6RakAYo.js                                             [39m[1m[2m 0.84 kB[22m[1m[22m[2m │ gzip: 0.35 kB[22m
14.05.54 [vite] [2mdist/[22m[36m_astro/hoisted.CnkwbMJW.js                                             [39m[1m[2m 0.85 kB[22m[1m[22m[2m │ gzip: 0.45 kB[22m
14.05.54 [vite] [2mdist/[22m[36m_astro/hoisted._R_5R5Tn.js                                             [39m[1m[2m 0.86 kB[22m[1m[22m[2m │ gzip: 0.57 kB[22m
14.05.54 [vite] [2mdist/[22m[36m_astro/hoisted.blxV-_Lq.js                                             [39m[1m[2m 0.86 kB[22m[1m[22m[2m │ gzip: 0.44 kB[22m
14.05.54 [vite] [2mdist/[22m[36m_astro/hoisted.DfHUnpLP.js                                             [39m[1m[2m 0.86 kB[22m[1m[22m[2m │ gzip: 0.43 kB[22m
14.05.54 [vite] [2mdist/[22m[36m_astro/hoisted.BmSYUbrL.js                                             [39m[1m[2m 0.87 kB[22m[1m[22m[2m │ gzip: 0.42 kB[22m
14.05.54 [vite] [2mdist/[22m[36m_astro/hoisted.C_gKt-Qr.js                                             [39m[1m[2m 0.90 kB[22m[1m[22m[2m │ gzip: 0.35 kB[22m
14.05.54 [vite] [2mdist/[22m[36m_astro/hoisted.CovAS6LN.js                                             [39m[1m[2m 0.90 kB[22m[1m[22m[2m │ gzip: 0.38 kB[22m
14.05.54 [vite] [2mdist/[22m[36m_astro/hoisted.BRsE6Qe0.js                                             [39m[1m[2m 0.90 kB[22m[1m[22m[2m │ gzip: 0.44 kB[22m
14.05.54 [vite] [2mdist/[22m[36m_astro/hoisted.CNQ6e8Vr.js                                             [39m[1m[2m 0.91 kB[22m[1m[22m[2m │ gzip: 0.50 kB[22m
14.05.54 [vite] [2mdist/[22m[36m_astro/hoisted.eQMYIwil.js                                             [39m[1m[2m 0.91 kB[22m[1m[22m[2m │ gzip: 0.47 kB[22m
14.05.54 [vite] [2mdist/[22m[36m_astro/hoisted.DsepQjjQ.js                                             [39m[1m[2m 0.91 kB[22m[1m[22m[2m │ gzip: 0.61 kB[22m
14.05.54 [vite] [2mdist/[22m[36m_astro/hoisted.CcRytpDQ.js                                             [39m[1m[2m 0.92 kB[22m[1m[22m[2m │ gzip: 0.56 kB[22m
14.05.54 [vite] [2mdist/[22m[36m_astro/hoisted.CYcbj2hh.js                                             [39m[1m[2m 0.92 kB[22m[1m[22m[2m │ gzip: 0.59 kB[22m
14.05.54 [vite] [2mdist/[22m[36m_astro/hoisted.DkZWgdKm.js                                             [39m[1m[2m 0.92 kB[22m[1m[22m[2m │ gzip: 0.49 kB[22m
14.05.54 [vite] [2mdist/[22m[36m_astro/hoisted.CUuQMZhb.js                                             [39m[1m[2m 0.93 kB[22m[1m[22m[2m │ gzip: 0.36 kB[22m
14.05.54 [vite] [2mdist/[22m[36m_astro/hoisted.B6I_cyx3.js                                             [39m[1m[2m 0.93 kB[22m[1m[22m[2m │ gzip: 0.48 kB[22m
14.05.54 [vite] [2mdist/[22m[36m_astro/hoisted.BCnJUEFC.js                                             [39m[1m[2m 0.93 kB[22m[1m[22m[2m │ gzip: 0.46 kB[22m
14.05.54 [vite] [2mdist/[22m[36m_astro/hoisted.B_vW6XHP.js                                             [39m[1m[2m 0.94 kB[22m[1m[22m[2m │ gzip: 0.57 kB[22m
14.05.54 [vite] [2mdist/[22m[36m_astro/hoisted.DG_saETX.js                                             [39m[1m[2m 0.96 kB[22m[1m[22m[2m │ gzip: 0.49 kB[22m
14.05.54 [vite] [2mdist/[22m[36m_astro/hoisted._Fq-Rium.js                                             [39m[1m[2m 0.96 kB[22m[1m[22m[2m │ gzip: 0.50 kB[22m
14.05.54 [vite] [2mdist/[22m[36m_astro/hoisted.Kq7RNRqd.js                                             [39m[1m[2m 0.97 kB[22m[1m[22m[2m │ gzip: 0.62 kB[22m
14.05.54 [vite] [2mdist/[22m[36m_astro/hoisted.D1rBdRwT.js                                             [39m[1m[2m 0.97 kB[22m[1m[22m[2m │ gzip: 0.65 kB[22m
14.05.54 [vite] [2mdist/[22m[36m_astro/hoisted.Bogj2RlI.js                                             [39m[1m[2m 0.98 kB[22m[1m[22m[2m │ gzip: 0.54 kB[22m
14.05.54 [vite] [2mdist/[22m[36m_astro/hoisted.9BIGWs5J.js                                             [39m[1m[2m 0.98 kB[22m[1m[22m[2m │ gzip: 0.47 kB[22m
14.05.54 [vite] [2mdist/[22m[36m_astro/hoisted.DDZDohG_.js                                             [39m[1m[2m 0.98 kB[22m[1m[22m[2m │ gzip: 0.64 kB[22m
14.05.54 [vite] [2mdist/[22m[36m_astro/preload-helper.CLcXU_4U.js                                      [39m[1m[2m 0.99 kB[22m[1m[22m[2m │ gzip: 0.60 kB[22m
14.05.54 [vite] [2mdist/[22m[36m_astro/hoisted.DX8lJYZY.js                                             [39m[1m[2m 0.99 kB[22m[1m[22m[2m │ gzip: 0.48 kB[22m
14.05.54 [vite] [2mdist/[22m[36m_astro/hoisted.-X4vuwEY.js                                             [39m[1m[2m 1.01 kB[22m[1m[22m[2m │ gzip: 0.45 kB[22m
14.05.54 [vite] [2mdist/[22m[36m_astro/hoisted.e3kT5jY8.js                                             [39m[1m[2m 1.02 kB[22m[1m[22m[2m │ gzip: 0.51 kB[22m
14.05.54 [vite] [2mdist/[22m[36m_astro/hoisted.CyGuscJr.js                                             [39m[1m[2m 1.02 kB[22m[1m[22m[2m │ gzip: 0.61 kB[22m
14.05.54 [vite] [2mdist/[22m[36m_astro/hoisted.R_B5X7Aw.js                                             [39m[1m[2m 1.03 kB[22m[1m[22m[2m │ gzip: 0.48 kB[22m
14.05.54 [vite] [2mdist/[22m[36m_astro/hoisted.RZzPmo72.js                                             [39m[1m[2m 1.03 kB[22m[1m[22m[2m │ gzip: 0.50 kB[22m
14.05.54 [vite] [2mdist/[22m[36m_astro/passport-fee-calculator.DLHpq12j.js                             [39m[1m[2m 1.03 kB[22m[1m[22m[2m │ gzip: 0.63 kB[22m
14.05.54 [vite] [2mdist/[22m[36m_astro/hoisted.PCcWVt0d.js                                             [39m[1m[2m 1.04 kB[22m[1m[22m[2m │ gzip: 0.56 kB[22m
14.05.54 [vite] [2mdist/[22m[36m_astro/hoisted.vZ0cMJ0D.js                                             [39m[1m[2m 1.05 kB[22m[1m[22m[2m │ gzip: 0.52 kB[22m
14.05.54 [vite] [2mdist/[22m[36m_astro/hoisted.Cg59DGy5.js                                             [39m[1m[2m 1.05 kB[22m[1m[22m[2m │ gzip: 0.42 kB[22m
14.05.54 [vite] [2mdist/[22m[36m_astro/hoisted.DN9vNQgH.js                                             [39m[1m[2m 1.06 kB[22m[1m[22m[2m │ gzip: 0.52 kB[22m
14.05.54 [vite] [2mdist/[22m[36m_astro/hoisted.C_M4xSwa.js                                             [39m[1m[2m 1.08 kB[22m[1m[22m[2m │ gzip: 0.49 kB[22m
14.05.54 [vite] [2mdist/[22m[36m_astro/hoisted.tDTJjlpA.js                                             [39m[1m[2m 1.09 kB[22m[1m[22m[2m │ gzip: 0.42 kB[22m
14.05.54 [vite] [2mdist/[22m[36m_astro/hoisted.Dv4Sg9Sr.js                                             [39m[1m[2m 1.09 kB[22m[1m[22m[2m │ gzip: 0.62 kB[22m
14.05.54 [vite] [2mdist/[22m[36m_astro/hoisted.v2K2LksV.js                                             [39m[1m[2m 1.11 kB[22m[1m[22m[2m │ gzip: 0.58 kB[22m
14.05.54 [vite] [2mdist/[22m[36m_astro/hoisted.BFh54nlN.js                                             [39m[1m[2m 1.12 kB[22m[1m[22m[2m │ gzip: 0.53 kB[22m
14.05.54 [vite] [2mdist/[22m[36m_astro/running-pace-calculator.8-VGuqhG.js                             [39m[1m[2m 1.14 kB[22m[1m[22m[2m │ gzip: 0.53 kB[22m
14.05.54 [vite] [2mdist/[22m[36m_astro/hoisted.COC2kYzR.js                                             [39m[1m[2m 1.15 kB[22m[1m[22m[2m │ gzip: 0.47 kB[22m
14.05.54 [vite] [2mdist/[22m[36m_astro/hoisted.BdOhEsse.js                                             [39m[1m[2m 1.16 kB[22m[1m[22m[2m │ gzip: 0.45 kB[22m
14.05.54 [vite] [2mdist/[22m[36m_astro/hoisted.8_2aI328.js                                             [39m[1m[2m 1.16 kB[22m[1m[22m[2m │ gzip: 0.66 kB[22m
14.05.54 [vite] [2mdist/[22m[36m_astro/hoisted.C92YvFlm.js                                             [39m[1m[2m 1.16 kB[22m[1m[22m[2m │ gzip: 0.62 kB[22m
14.05.54 [vite] [2mdist/[22m[36m_astro/hoisted.DiMM7ajB.js                                             [39m[1m[2m 1.16 kB[22m[1m[22m[2m │ gzip: 0.64 kB[22m
14.05.54 [vite] [2mdist/[22m[36m_astro/hoisted.DMWA6R2x.js                                             [39m[1m[2m 1.17 kB[22m[1m[22m[2m │ gzip: 0.66 kB[22m
14.05.54 [vite] [2mdist/[22m[36m_astro/hoisted.Cp355Yu3.js                                             [39m[1m[2m 1.17 kB[22m[1m[22m[2m │ gzip: 0.54 kB[22m
14.05.54 [vite] [2mdist/[22m[36m_astro/hoisted.T211Y9Be.js                                             [39m[1m[2m 1.17 kB[22m[1m[22m[2m │ gzip: 0.74 kB[22m
14.05.54 [vite] [2mdist/[22m[36m_astro/hoisted.BBkyeTmC.js                                             [39m[1m[2m 1.18 kB[22m[1m[22m[2m │ gzip: 0.59 kB[22m
14.05.54 [vite] [2mdist/[22m[36m_astro/hoisted.38VTA_xC.js                                             [39m[1m[2m 1.18 kB[22m[1m[22m[2m │ gzip: 0.54 kB[22m
14.05.54 [vite] [2mdist/[22m[36m_astro/hoisted.Dg7QzkIG.js                                             [39m[1m[2m 1.18 kB[22m[1m[22m[2m │ gzip: 0.61 kB[22m
14.05.54 [vite] [2mdist/[22m[36m_astro/hoisted.BN-iEONJ.js                                             [39m[1m[2m 1.19 kB[22m[1m[22m[2m │ gzip: 0.60 kB[22m
14.05.54 [vite] [2mdist/[22m[36m_astro/hoisted.BVN-XCLu.js                                             [39m[1m[2m 1.19 kB[22m[1m[22m[2m │ gzip: 0.61 kB[22m
14.05.54 [vite] [2mdist/[22m[36m_astro/hoisted.26AOQlzk.js                                             [39m[1m[2m 1.19 kB[22m[1m[22m[2m │ gzip: 0.45 kB[22m
14.05.54 [vite] [2mdist/[22m[36m_astro/hoisted.BqRbrHiA.js                                             [39m[1m[2m 1.19 kB[22m[1m[22m[2m │ gzip: 0.83 kB[22m
14.05.54 [vite] [2mdist/[22m[36m_astro/hoisted.DLEDB4PL.js                                             [39m[1m[2m 1.20 kB[22m[1m[22m[2m │ gzip: 0.55 kB[22m
14.05.54 [vite] [2mdist/[22m[36m_astro/hoisted.4P9CNk5b.js                                             [39m[1m[2m 1.20 kB[22m[1m[22m[2m │ gzip: 0.67 kB[22m
14.05.54 [vite] [2mdist/[22m[36m_astro/hoisted.CqfDvp8L.js                                             [39m[1m[2m 1.20 kB[22m[1m[22m[2m │ gzip: 0.51 kB[22m
14.05.54 [vite] [2mdist/[22m[36m_astro/hoisted.BMdAlGZs.js                                             [39m[1m[2m 1.20 kB[22m[1m[22m[2m │ gzip: 0.54 kB[22m
14.05.54 [vite] [2mdist/[22m[36m_astro/hoisted.B3e5IOEh.js                                             [39m[1m[2m 1.22 kB[22m[1m[22m[2m │ gzip: 0.51 kB[22m
14.05.54 [vite] [2mdist/[22m[36m_astro/hoisted.CoWnCFkC.js                                             [39m[1m[2m 1.23 kB[22m[1m[22m[2m │ gzip: 0.58 kB[22m
14.05.54 [vite] [2mdist/[22m[36m_astro/hoisted.DZXdDizG.js                                             [39m[1m[2m 1.24 kB[22m[1m[22m[2m │ gzip: 0.61 kB[22m
14.05.54 [vite] [2mdist/[22m[36m_astro/hoisted.MySY9H13.js                                             [39m[1m[2m 1.25 kB[22m[1m[22m[2m │ gzip: 0.72 kB[22m
14.05.54 [vite] [2mdist/[22m[36m_astro/hoisted.BXUG4Lru.js                                             [39m[1m[2m 1.25 kB[22m[1m[22m[2m │ gzip: 0.68 kB[22m
14.05.54 [vite] [2mdist/[22m[36m_astro/hoisted.CpcQJisl.js                                             [39m[1m[2m 1.25 kB[22m[1m[22m[2m │ gzip: 0.60 kB[22m
14.05.54 [vite] [2mdist/[22m[36m_astro/hoisted.NB1PmQJi.js                                             [39m[1m[2m 1.26 kB[22m[1m[22m[2m │ gzip: 0.47 kB[22m
14.05.54 [vite] [2mdist/[22m[36m_astro/hoisted.DExw5ptQ.js                                             [39m[1m[2m 1.27 kB[22m[1m[22m[2m │ gzip: 0.64 kB[22m
14.05.54 [vite] [2mdist/[22m[36m_astro/hoisted.VAUMxnCY.js                                             [39m[1m[2m 1.27 kB[22m[1m[22m[2m │ gzip: 0.63 kB[22m
14.05.54 [vite] [2mdist/[22m[36m_astro/hoisted.CeDRMkLI.js                                             [39m[1m[2m 1.28 kB[22m[1m[22m[2m │ gzip: 0.65 kB[22m
14.05.54 [vite] [2mdist/[22m[36m_astro/hoisted.C43KUGru.js                                             [39m[1m[2m 1.28 kB[22m[1m[22m[2m │ gzip: 0.57 kB[22m
14.05.54 [vite] [2mdist/[22m[36m_astro/hoisted.DJgXDB2N.js                                             [39m[1m[2m 1.28 kB[22m[1m[22m[2m │ gzip: 0.62 kB[22m
14.05.54 [vite] [2mdist/[22m[36m_astro/hoisted.BwQ1epA9.js                                             [39m[1m[2m 1.29 kB[22m[1m[22m[2m │ gzip: 0.55 kB[22m
14.05.54 [vite] [2mdist/[22m[36m_astro/hoisted.CqM7pTDK.js                                             [39m[1m[2m 1.30 kB[22m[1m[22m[2m │ gzip: 0.64 kB[22m
14.05.54 [vite] [2mdist/[22m[36m_astro/hoisted.BrfBxvWl.js                                             [39m[1m[2m 1.31 kB[22m[1m[22m[2m │ gzip: 0.65 kB[22m
14.05.54 [vite] [2mdist/[22m[36m_astro/hoisted.DBFalaw1.js                                             [39m[1m[2m 1.31 kB[22m[1m[22m[2m │ gzip: 0.65 kB[22m
14.05.54 [vite] [2mdist/[22m[36m_astro/hoisted.1eDjc-R-.js                                             [39m[1m[2m 1.33 kB[22m[1m[22m[2m │ gzip: 0.58 kB[22m
14.05.54 [vite] [2mdist/[22m[36m_astro/hoisted.Dzr1lgnM.js                                             [39m[1m[2m 1.33 kB[22m[1m[22m[2m │ gzip: 0.61 kB[22m
14.05.54 [vite] [2mdist/[22m[36m_astro/hoisted.C7gJGdT7.js                                             [39m[1m[2m 1.33 kB[22m[1m[22m[2m │ gzip: 0.53 kB[22m
14.05.54 [vite] [2mdist/[22m[36m_astro/hoisted.DoAasbNL.js                                             [39m[1m[2m 1.33 kB[22m[1m[22m[2m │ gzip: 0.53 kB[22m
14.05.54 [vite] [2mdist/[22m[36m_astro/hoisted.B54ysBfe.js                                             [39m[1m[2m 1.34 kB[22m[1m[22m[2m │ gzip: 0.62 kB[22m
14.05.54 [vite] [2mdist/[22m[36m_astro/hoisted.tlYJtr7v.js                                             [39m[1m[2m 1.35 kB[22m[1m[22m[2m │ gzip: 0.61 kB[22m
14.05.54 [vite] [2mdist/[22m[36m_astro/hoisted.vXpRivGx.js                                             [39m[1m[2m 1.35 kB[22m[1m[22m[2m │ gzip: 0.75 kB[22m
14.05.54 [vite] [2mdist/[22m[36m_astro/hoisted.B09aCRyU.js                                             [39m[1m[2m 1.36 kB[22m[1m[22m[2m │ gzip: 0.75 kB[22m
14.05.54 [vite] [2mdist/[22m[36m_astro/hoisted.BwlK4A-5.js                                             [39m[1m[2m 1.36 kB[22m[1m[22m[2m │ gzip: 0.67 kB[22m
14.05.54 [vite] [2mdist/[22m[36m_astro/hoisted.Clsjokzx.js                                             [39m[1m[2m 1.39 kB[22m[1m[22m[2m │ gzip: 0.61 kB[22m
14.05.54 [vite] [2mdist/[22m[36m_astro/hoisted.BzuZlkP2.js                                             [39m[1m[2m 1.39 kB[22m[1m[22m[2m │ gzip: 0.65 kB[22m
14.05.54 [vite] [2mdist/[22m[36m_astro/hoisted.RJ4qETP7.js                                             [39m[1m[2m 1.39 kB[22m[1m[22m[2m │ gzip: 0.84 kB[22m
14.05.54 [vite] [2mdist/[22m[36m_astro/hoisted.D7_qeGlE.js                                             [39m[1m[2m 1.40 kB[22m[1m[22m[2m │ gzip: 0.76 kB[22m
14.05.54 [vite] [2mdist/[22m[36m_astro/hoisted.BkuM4x2a.js                                             [39m[1m[2m 1.40 kB[22m[1m[22m[2m │ gzip: 0.83 kB[22m
14.05.54 [vite] [2mdist/[22m[36m_astro/hoisted.CkSl3_mt.js                                             [39m[1m[2m 1.42 kB[22m[1m[22m[2m │ gzip: 0.59 kB[22m
14.05.54 [vite] [2mdist/[22m[36m_astro/hoisted.2VtZ91q0.js                                             [39m[1m[2m 1.42 kB[22m[1m[22m[2m │ gzip: 0.56 kB[22m
14.05.54 [vite] [2mdist/[22m[36m_astro/hoisted.DDEu2-MK.js                                             [39m[1m[2m 1.42 kB[22m[1m[22m[2m │ gzip: 0.67 kB[22m
14.05.54 [vite] [2mdist/[22m[36m_astro/hoisted.BsJdUu7A.js                                             [39m[1m[2m 1.43 kB[22m[1m[22m[2m │ gzip: 0.72 kB[22m
14.05.54 [vite] [2mdist/[22m[36m_astro/hoisted.CqNHENNx.js                                             [39m[1m[2m 1.45 kB[22m[1m[22m[2m │ gzip: 0.76 kB[22m
14.05.54 [vite] [2mdist/[22m[36m_astro/hoisted.CWqkoePJ.js                                             [39m[1m[2m 1.46 kB[22m[1m[22m[2m │ gzip: 0.69 kB[22m
14.05.54 [vite] [2mdist/[22m[36m_astro/hoisted.B1A15KYo.js                                             [39m[1m[2m 1.46 kB[22m[1m[22m[2m │ gzip: 0.63 kB[22m
14.05.54 [vite] [2mdist/[22m[36m_astro/hoisted.BsbDThxT.js                                             [39m[1m[2m 1.47 kB[22m[1m[22m[2m │ gzip: 0.74 kB[22m
14.05.54 [vite] [2mdist/[22m[36m_astro/hoisted.5yDVaucW.js                                             [39m[1m[2m 1.47 kB[22m[1m[22m[2m │ gzip: 0.62 kB[22m
14.05.54 [vite] [2mdist/[22m[36m_astro/hoisted.BJxPfnTu.js                                             [39m[1m[2m 1.47 kB[22m[1m[22m[2m │ gzip: 0.66 kB[22m
14.05.54 [vite] [2mdist/[22m[36m_astro/hoisted.kWTFeZAf.js                                             [39m[1m[2m 1.47 kB[22m[1m[22m[2m │ gzip: 0.74 kB[22m
14.05.54 [vite] [2mdist/[22m[36m_astro/hoisted.CYt5WgvV.js                                             [39m[1m[2m 1.47 kB[22m[1m[22m[2m │ gzip: 0.87 kB[22m
14.05.54 [vite] [2mdist/[22m[36m_astro/hoisted.Cg3kIMZz.js                                             [39m[1m[2m 1.47 kB[22m[1m[22m[2m │ gzip: 0.66 kB[22m
14.05.54 [vite] [2mdist/[22m[36m_astro/hoisted.BYwXtVtC.js                                             [39m[1m[2m 1.48 kB[22m[1m[22m[2m │ gzip: 0.57 kB[22m
14.05.54 [vite] [2mdist/[22m[36m_astro/hoisted.CxA52MLJ.js                                             [39m[1m[2m 1.48 kB[22m[1m[22m[2m │ gzip: 0.90 kB[22m
14.05.54 [vite] [2mdist/[22m[36m_astro/hoisted.DJYF9FUT.js                                             [39m[1m[2m 1.48 kB[22m[1m[22m[2m │ gzip: 0.65 kB[22m
14.05.54 [vite] [2mdist/[22m[36m_astro/hoisted.CGCe9tPv.js                                             [39m[1m[2m 1.49 kB[22m[1m[22m[2m │ gzip: 0.80 kB[22m
14.05.54 [vite] [2mdist/[22m[36m_astro/hoisted.L5dDQ1OO.js                                             [39m[1m[2m 1.49 kB[22m[1m[22m[2m │ gzip: 0.71 kB[22m
14.05.54 [vite] [2mdist/[22m[36m_astro/hoisted.DSeN7-En.js                                             [39m[1m[2m 1.49 kB[22m[1m[22m[2m │ gzip: 0.58 kB[22m
14.05.54 [vite] [2mdist/[22m[36m_astro/hoisted.zE9c5p27.js                                             [39m[1m[2m 1.50 kB[22m[1m[22m[2m │ gzip: 0.82 kB[22m
14.05.54 [vite] [2mdist/[22m[36m_astro/hoisted.CLxKpYJ7.js                                             [39m[1m[2m 1.50 kB[22m[1m[22m[2m │ gzip: 0.67 kB[22m
14.05.54 [vite] [2mdist/[22m[36m_astro/hoisted.0zA6gPhX.js                                             [39m[1m[2m 1.50 kB[22m[1m[22m[2m │ gzip: 0.89 kB[22m
14.05.54 [vite] [2mdist/[22m[36m_astro/hoisted.CVg3VaTp.js                                             [39m[1m[2m 1.50 kB[22m[1m[22m[2m │ gzip: 0.87 kB[22m
14.05.54 [vite] [2mdist/[22m[36m_astro/hoisted.DcgE8NWT.js                                             [39m[1m[2m 1.50 kB[22m[1m[22m[2m │ gzip: 0.70 kB[22m
14.05.54 [vite] [2mdist/[22m[36m_astro/hoisted.ccqf-wcH.js                                             [39m[1m[2m 1.50 kB[22m[1m[22m[2m │ gzip: 0.83 kB[22m
14.05.54 [vite] [2mdist/[22m[36m_astro/hoisted.CqOvlk-8.js                                             [39m[1m[2m 1.51 kB[22m[1m[22m[2m │ gzip: 0.51 kB[22m
14.05.54 [vite] [2mdist/[22m[36m_astro/hoisted.BvMtpWaK.js                                             [39m[1m[2m 1.51 kB[22m[1m[22m[2m │ gzip: 0.81 kB[22m
14.05.54 [vite] [2mdist/[22m[36m_astro/hoisted.CmTsEoQn.js                                             [39m[1m[2m 1.51 kB[22m[1m[22m[2m │ gzip: 0.67 kB[22m
14.05.54 [vite] [2mdist/[22m[36m_astro/hoisted.6tVKrV8Z.js                                             [39m[1m[2m 1.52 kB[22m[1m[22m[2m │ gzip: 0.80 kB[22m
14.05.54 [vite] [2mdist/[22m[36m_astro/hoisted.2Q9aNlRB.js                                             [39m[1m[2m 1.53 kB[22m[1m[22m[2m │ gzip: 0.78 kB[22m
14.05.54 [vite] [2mdist/[22m[36m_astro/hoisted.CPBAmh76.js                                             [39m[1m[2m 1.53 kB[22m[1m[22m[2m │ gzip: 0.63 kB[22m
14.05.54 [vite] [2mdist/[22m[36m_astro/hoisted.Cf6CH2yi.js                                             [39m[1m[2m 1.53 kB[22m[1m[22m[2m │ gzip: 0.72 kB[22m
14.05.54 [vite] [2mdist/[22m[36m_astro/hoisted.CxX84ZLC.js                                             [39m[1m[2m 1.55 kB[22m[1m[22m[2m │ gzip: 0.87 kB[22m
14.05.54 [vite] [2mdist/[22m[36m_astro/hoisted.DadIvjxT.js                                             [39m[1m[2m 1.55 kB[22m[1m[22m[2m │ gzip: 0.91 kB[22m
14.05.54 [vite] [2mdist/[22m[36m_astro/hoisted.-C_vLe2v.js                                             [39m[1m[2m 1.55 kB[22m[1m[22m[2m │ gzip: 0.79 kB[22m
14.05.54 [vite] [2mdist/[22m[36m_astro/hoisted.wu9-7PEn.js                                             [39m[1m[2m 1.56 kB[22m[1m[22m[2m │ gzip: 0.67 kB[22m
14.05.54 [vite] [2mdist/[22m[36m_astro/hoisted.CjbPtUGq.js                                             [39m[1m[2m 1.56 kB[22m[1m[22m[2m │ gzip: 0.92 kB[22m
14.05.54 [vite] [2mdist/[22m[36m_astro/hoisted.BDSn3qF_.js                                             [39m[1m[2m 1.57 kB[22m[1m[22m[2m │ gzip: 0.72 kB[22m
14.05.54 [vite] [2mdist/[22m[36m_astro/hoisted.D9-TKefR.js                                             [39m[1m[2m 1.57 kB[22m[1m[22m[2m │ gzip: 0.67 kB[22m
14.05.54 [vite] [2mdist/[22m[36m_astro/hoisted.Q_azZk7m.js                                             [39m[1m[2m 1.58 kB[22m[1m[22m[2m │ gzip: 0.79 kB[22m
14.05.54 [vite] [2mdist/[22m[36m_astro/hoisted.CN4frkK6.js                                             [39m[1m[2m 1.58 kB[22m[1m[22m[2m │ gzip: 0.80 kB[22m
14.05.54 [vite] [2mdist/[22m[36m_astro/hoisted.Hho0Kx9o.js                                             [39m[1m[2m 1.59 kB[22m[1m[22m[2m │ gzip: 0.67 kB[22m
14.05.54 [vite] [2mdist/[22m[36m_astro/hoisted.BSjIPSzP.js                                             [39m[1m[2m 1.59 kB[22m[1m[22m[2m │ gzip: 0.66 kB[22m
14.05.54 [vite] [2mdist/[22m[36m_astro/hoisted.CMVi7JeM.js                                             [39m[1m[2m 1.59 kB[22m[1m[22m[2m │ gzip: 0.71 kB[22m
14.05.54 [vite] [2mdist/[22m[36m_astro/hoisted.ykcJHVlC.js                                             [39m[1m[2m 1.60 kB[22m[1m[22m[2m │ gzip: 0.76 kB[22m
14.05.54 [vite] [2mdist/[22m[36m_astro/hoisted.CyTDeyPQ.js                                             [39m[1m[2m 1.61 kB[22m[1m[22m[2m │ gzip: 0.79 kB[22m
14.05.54 [vite] [2mdist/[22m[36m_astro/hoisted.BYJR3uoA.js                                             [39m[1m[2m 1.62 kB[22m[1m[22m[2m │ gzip: 0.94 kB[22m
14.05.54 [vite] [2mdist/[22m[36m_astro/hoisted.vRKbkmK9.js                                             [39m[1m[2m 1.62 kB[22m[1m[22m[2m │ gzip: 0.70 kB[22m
14.05.54 [vite] [2mdist/[22m[36m_astro/hoisted.BJMYEVeK.js                                             [39m[1m[2m 1.62 kB[22m[1m[22m[2m │ gzip: 0.79 kB[22m
14.05.54 [vite] [2mdist/[22m[36m_astro/hoisted.DEuZ9VRN.js                                             [39m[1m[2m 1.62 kB[22m[1m[22m[2m │ gzip: 0.86 kB[22m
14.05.54 [vite] [2mdist/[22m[36m_astro/hoisted.CWxX-llb.js                                             [39m[1m[2m 1.63 kB[22m[1m[22m[2m │ gzip: 0.73 kB[22m
14.05.54 [vite] [2mdist/[22m[36m_astro/hoisted.DcYlGCDJ.js                                             [39m[1m[2m 1.63 kB[22m[1m[22m[2m │ gzip: 0.88 kB[22m
14.05.54 [vite] [2mdist/[22m[36m_astro/hoisted.qnRU2X68.js                                             [39m[1m[2m 1.63 kB[22m[1m[22m[2m │ gzip: 0.97 kB[22m
14.05.54 [vite] [2mdist/[22m[36m_astro/hoisted.B2VNOwAv.js                                             [39m[1m[2m 1.63 kB[22m[1m[22m[2m │ gzip: 0.72 kB[22m
14.05.54 [vite] [2mdist/[22m[36m_astro/hoisted.DzKJvSZp.js                                             [39m[1m[2m 1.63 kB[22m[1m[22m[2m │ gzip: 0.91 kB[22m
14.05.54 [vite] [2mdist/[22m[36m_astro/hoisted.B14_HqBT.js                                             [39m[1m[2m 1.63 kB[22m[1m[22m[2m │ gzip: 0.69 kB[22m
14.05.54 [vite] [2mdist/[22m[36m_astro/hoisted.HJ8Q8CKl.js                                             [39m[1m[2m 1.63 kB[22m[1m[22m[2m │ gzip: 0.89 kB[22m
14.05.54 [vite] [2mdist/[22m[36m_astro/hoisted.BK_N0d0X.js                                             [39m[1m[2m 1.68 kB[22m[1m[22m[2m │ gzip: 0.68 kB[22m
14.05.54 [vite] [2mdist/[22m[36m_astro/hoisted.CfZg6ItC.js                                             [39m[1m[2m 1.69 kB[22m[1m[22m[2m │ gzip: 0.72 kB[22m
14.05.54 [vite] [2mdist/[22m[36m_astro/hoisted.-wBJ-0Up.js                                             [39m[1m[2m 1.70 kB[22m[1m[22m[2m │ gzip: 0.93 kB[22m
14.05.54 [vite] [2mdist/[22m[36m_astro/hoisted.PDyXilhu.js                                             [39m[1m[2m 1.70 kB[22m[1m[22m[2m │ gzip: 0.98 kB[22m
14.05.54 [vite] [2mdist/[22m[36m_astro/hoisted.Dyq7NczR.js                                             [39m[1m[2m 1.70 kB[22m[1m[22m[2m │ gzip: 0.69 kB[22m
14.05.54 [vite] [2mdist/[22m[36m_astro/hoisted.CbhuiiOp.js                                             [39m[1m[2m 1.70 kB[22m[1m[22m[2m │ gzip: 0.87 kB[22m
14.05.54 [vite] [2mdist/[22m[36m_astro/hoisted.Dk2k3U3a.js                                             [39m[1m[2m 1.70 kB[22m[1m[22m[2m │ gzip: 0.99 kB[22m
14.05.54 [vite] [2mdist/[22m[36m_astro/hoisted.B3VEe1Pl.js                                             [39m[1m[2m 1.71 kB[22m[1m[22m[2m │ gzip: 0.68 kB[22m
14.05.54 [vite] [2mdist/[22m[36m_astro/hoisted.C6Bkq_Of.js                                             [39m[1m[2m 1.71 kB[22m[1m[22m[2m │ gzip: 0.52 kB[22m
14.05.54 [vite] [2mdist/[22m[36m_astro/hoisted.Cli_sw2_.js                                             [39m[1m[2m 1.72 kB[22m[1m[22m[2m │ gzip: 0.75 kB[22m
14.05.54 [vite] [2mdist/[22m[36m_astro/hoisted.AWIazL6d.js                                             [39m[1m[2m 1.72 kB[22m[1m[22m[2m │ gzip: 0.72 kB[22m
14.05.54 [vite] [2mdist/[22m[36m_astro/hoisted.7aPukUgK.js                                             [39m[1m[2m 1.73 kB[22m[1m[22m[2m │ gzip: 0.93 kB[22m
14.05.54 [vite] [2mdist/[22m[36m_astro/hoisted.DsBLGy4r.js                                             [39m[1m[2m 1.74 kB[22m[1m[22m[2m │ gzip: 0.69 kB[22m
14.05.54 [vite] [2mdist/[22m[36m_astro/hoisted.CmA71xw-.js                                             [39m[1m[2m 1.74 kB[22m[1m[22m[2m │ gzip: 0.73 kB[22m
14.05.54 [vite] [2mdist/[22m[36m_astro/hoisted.B7D2xY9k.js                                             [39m[1m[2m 1.75 kB[22m[1m[22m[2m │ gzip: 0.83 kB[22m
14.05.54 [vite] [2mdist/[22m[36m_astro/hoisted.C81euoYu.js                                             [39m[1m[2m 1.75 kB[22m[1m[22m[2m │ gzip: 0.95 kB[22m
14.05.54 [vite] [2mdist/[22m[36m_astro/hoisted.Br9cCEhV.js                                             [39m[1m[2m 1.75 kB[22m[1m[22m[2m │ gzip: 0.63 kB[22m
14.05.54 [vite] [2mdist/[22m[36m_astro/hoisted.BRNk3z0C.js                                             [39m[1m[2m 1.76 kB[22m[1m[22m[2m │ gzip: 1.02 kB[22m
14.05.54 [vite] [2mdist/[22m[36m_astro/hoisted.MKg7EtRO.js                                             [39m[1m[2m 1.76 kB[22m[1m[22m[2m │ gzip: 1.01 kB[22m
14.05.54 [vite] [2mdist/[22m[36m_astro/hoisted.C1APeVPZ.js                                             [39m[1m[2m 1.76 kB[22m[1m[22m[2m │ gzip: 0.82 kB[22m
14.05.54 [vite] [2mdist/[22m[36m_astro/hoisted.BfhhQ24j.js                                             [39m[1m[2m 1.76 kB[22m[1m[22m[2m │ gzip: 0.98 kB[22m
14.05.54 [vite] [2mdist/[22m[36m_astro/hoisted.BKwdBoVu.js                                             [39m[1m[2m 1.77 kB[22m[1m[22m[2m │ gzip: 0.94 kB[22m
14.05.54 [vite] [2mdist/[22m[36m_astro/hoisted.UtfJDqt8.js                                             [39m[1m[2m 1.77 kB[22m[1m[22m[2m │ gzip: 0.71 kB[22m
14.05.54 [vite] [2mdist/[22m[36m_astro/hoisted.C0kag7ZJ.js                                             [39m[1m[2m 1.77 kB[22m[1m[22m[2m │ gzip: 0.99 kB[22m
14.05.54 [vite] [2mdist/[22m[36m_astro/hoisted.bcdJQrqz.js                                             [39m[1m[2m 1.77 kB[22m[1m[22m[2m │ gzip: 0.80 kB[22m
14.05.54 [vite] [2mdist/[22m[36m_astro/hoisted.C0PsG4cQ.js                                             [39m[1m[2m 1.78 kB[22m[1m[22m[2m │ gzip: 0.97 kB[22m
14.05.54 [vite] [2mdist/[22m[36m_astro/hoisted.D8ObeDBX.js                                             [39m[1m[2m 1.78 kB[22m[1m[22m[2m │ gzip: 0.95 kB[22m
14.05.54 [vite] [2mdist/[22m[36m_astro/hoisted.D-B4c4Hp.js                                             [39m[1m[2m 1.78 kB[22m[1m[22m[2m │ gzip: 1.02 kB[22m
14.05.54 [vite] [2mdist/[22m[36m_astro/hoisted.CEDBO16U.js                                             [39m[1m[2m 1.79 kB[22m[1m[22m[2m │ gzip: 0.69 kB[22m
14.05.54 [vite] [2mdist/[22m[36m_astro/hoisted.Dr_27LVU.js                                             [39m[1m[2m 1.80 kB[22m[1m[22m[2m │ gzip: 0.72 kB[22m
14.05.54 [vite] [2mdist/[22m[36m_astro/hoisted.CKzTdX0w.js                                             [39m[1m[2m 1.81 kB[22m[1m[22m[2m │ gzip: 0.87 kB[22m
14.05.54 [vite] [2mdist/[22m[36m_astro/hoisted.CnAXeD4N.js                                             [39m[1m[2m 1.81 kB[22m[1m[22m[2m │ gzip: 0.71 kB[22m
14.05.54 [vite] [2mdist/[22m[36m_astro/hoisted.sUXRxXmQ.js                                             [39m[1m[2m 1.82 kB[22m[1m[22m[2m │ gzip: 0.78 kB[22m
14.05.54 [vite] [2mdist/[22m[36m_astro/hoisted.B9adV8Qe.js                                             [39m[1m[2m 1.82 kB[22m[1m[22m[2m │ gzip: 0.89 kB[22m
14.05.54 [vite] [2mdist/[22m[36m_astro/hoisted.BVhbmWOE.js                                             [39m[1m[2m 1.82 kB[22m[1m[22m[2m │ gzip: 0.73 kB[22m
14.05.54 [vite] [2mdist/[22m[36m_astro/hoisted.Bj_TBDaf.js                                             [39m[1m[2m 1.83 kB[22m[1m[22m[2m │ gzip: 1.01 kB[22m
14.05.54 [vite] [2mdist/[22m[36m_astro/hoisted.CkgaKOeS.js                                             [39m[1m[2m 1.83 kB[22m[1m[22m[2m │ gzip: 0.99 kB[22m
14.05.54 [vite] [2mdist/[22m[36m_astro/hoisted.CiRixoc7.js                                             [39m[1m[2m 1.83 kB[22m[1m[22m[2m │ gzip: 0.88 kB[22m
14.05.54 [vite] [2mdist/[22m[36m_astro/hoisted.BkQvLpId.js                                             [39m[1m[2m 1.83 kB[22m[1m[22m[2m │ gzip: 1.04 kB[22m
14.05.54 [vite] [2mdist/[22m[36m_astro/hoisted.B_8_Ar3t.js                                             [39m[1m[2m 1.84 kB[22m[1m[22m[2m │ gzip: 0.72 kB[22m
14.05.54 [vite] [2mdist/[22m[36m_astro/hoisted.CHVqyS5W.js                                             [39m[1m[2m 1.84 kB[22m[1m[22m[2m │ gzip: 0.99 kB[22m
14.05.54 [vite] [2mdist/[22m[36m_astro/hoisted.OynYWS_y.js                                             [39m[1m[2m 1.85 kB[22m[1m[22m[2m │ gzip: 0.86 kB[22m
14.05.54 [vite] [2mdist/[22m[36m_astro/hoisted.Cay2hq0h.js                                             [39m[1m[2m 1.85 kB[22m[1m[22m[2m │ gzip: 0.92 kB[22m
14.05.54 [vite] [2mdist/[22m[36m_astro/hoisted.Q_D7l9uI.js                                             [39m[1m[2m 1.87 kB[22m[1m[22m[2m │ gzip: 0.55 kB[22m
14.05.54 [vite] [2mdist/[22m[36m_astro/hoisted.C_uvn7WX.js                                             [39m[1m[2m 1.87 kB[22m[1m[22m[2m │ gzip: 0.69 kB[22m
14.05.54 [vite] [2mdist/[22m[36m_astro/hoisted.Dik_og5w.js                                             [39m[1m[2m 1.87 kB[22m[1m[22m[2m │ gzip: 0.57 kB[22m
14.05.54 [vite] [2mdist/[22m[36m_astro/hoisted.CE6SDXYA.js                                             [39m[1m[2m 1.87 kB[22m[1m[22m[2m │ gzip: 0.73 kB[22m
14.05.54 [vite] [2mdist/[22m[36m_astro/hoisted.DrZ8uGCd.js                                             [39m[1m[2m 1.87 kB[22m[1m[22m[2m │ gzip: 0.87 kB[22m
14.05.54 [vite] [2mdist/[22m[36m_astro/hoisted.Cnz0uRSw.js                                             [39m[1m[2m 1.88 kB[22m[1m[22m[2m │ gzip: 0.83 kB[22m
14.05.54 [vite] [2mdist/[22m[36m_astro/hoisted.CVa-QNYV.js                                             [39m[1m[2m 1.89 kB[22m[1m[22m[2m │ gzip: 0.76 kB[22m
14.05.54 [vite] [2mdist/[22m[36m_astro/hoisted.CwKgO1-c.js                                             [39m[1m[2m 1.89 kB[22m[1m[22m[2m │ gzip: 0.84 kB[22m
14.05.54 [vite] [2mdist/[22m[36m_astro/hoisted.CFLHUx_d.js                                             [39m[1m[2m 1.89 kB[22m[1m[22m[2m │ gzip: 0.90 kB[22m
14.05.54 [vite] [2mdist/[22m[36m_astro/hoisted.C3MOnFOa.js                                             [39m[1m[2m 1.89 kB[22m[1m[22m[2m │ gzip: 0.83 kB[22m
14.05.54 [vite] [2mdist/[22m[36m_astro/hoisted.BTDzDn1-.js                                             [39m[1m[2m 1.91 kB[22m[1m[22m[2m │ gzip: 0.98 kB[22m
14.05.54 [vite] [2mdist/[22m[36m_astro/hoisted.DNawPV6C.js                                             [39m[1m[2m 1.91 kB[22m[1m[22m[2m │ gzip: 0.81 kB[22m
14.05.54 [vite] [2mdist/[22m[36m_astro/hoisted.BanaNPXM.js                                             [39m[1m[2m 1.91 kB[22m[1m[22m[2m │ gzip: 0.84 kB[22m
14.05.54 [vite] [2mdist/[22m[36m_astro/hoisted.BRe09t8i.js                                             [39m[1m[2m 1.93 kB[22m[1m[22m[2m │ gzip: 1.11 kB[22m
14.05.54 [vite] [2mdist/[22m[36m_astro/hoisted.DASvwudV.js                                             [39m[1m[2m 1.94 kB[22m[1m[22m[2m │ gzip: 0.85 kB[22m
14.05.54 [vite] [2mdist/[22m[36m_astro/hoisted.D5XoIjBj.js                                             [39m[1m[2m 1.95 kB[22m[1m[22m[2m │ gzip: 0.87 kB[22m
14.05.54 [vite] [2mdist/[22m[36m_astro/hoisted.C5ILJ-Xb.js                                             [39m[1m[2m 1.95 kB[22m[1m[22m[2m │ gzip: 0.92 kB[22m
14.05.54 [vite] [2mdist/[22m[36m_astro/hoisted.pVHVE81e.js                                             [39m[1m[2m 1.97 kB[22m[1m[22m[2m │ gzip: 0.88 kB[22m
14.05.54 [vite] [2mdist/[22m[36m_astro/hoisted.D-KqkfqL.js                                             [39m[1m[2m 1.97 kB[22m[1m[22m[2m │ gzip: 0.89 kB[22m
14.05.54 [vite] [2mdist/[22m[36m_astro/hoisted.DVAwd8KF.js                                             [39m[1m[2m 1.97 kB[22m[1m[22m[2m │ gzip: 1.02 kB[22m
14.05.54 [vite] [2mdist/[22m[36m_astro/hoisted.DDUZJlxa.js                                             [39m[1m[2m 2.00 kB[22m[1m[22m[2m │ gzip: 0.90 kB[22m
14.05.54 [vite] [2mdist/[22m[36m_astro/hoisted.HfI64cZI.js                                             [39m[1m[2m 2.00 kB[22m[1m[22m[2m │ gzip: 1.10 kB[22m
14.05.54 [vite] [2mdist/[22m[36m_astro/hoisted.DG2tR0b3.js                                             [39m[1m[2m 2.01 kB[22m[1m[22m[2m │ gzip: 1.09 kB[22m
14.05.54 [vite] [2mdist/[22m[36m_astro/hoisted.CePAPJPw.js                                             [39m[1m[2m 2.03 kB[22m[1m[22m[2m │ gzip: 0.84 kB[22m
14.05.54 [vite] [2mdist/[22m[36m_astro/hoisted.C-BzEtR1.js                                             [39m[1m[2m 2.05 kB[22m[1m[22m[2m │ gzip: 0.69 kB[22m
14.05.54 [vite] [2mdist/[22m[36m_astro/hoisted.BY3mHFlt.js                                             [39m[1m[2m 2.05 kB[22m[1m[22m[2m │ gzip: 1.07 kB[22m
14.05.54 [vite] [2mdist/[22m[36m_astro/hoisted.CbO2GpzY.js                                             [39m[1m[2m 2.06 kB[22m[1m[22m[2m │ gzip: 1.08 kB[22m
14.05.54 [vite] [2mdist/[22m[36m_astro/hoisted.CU1YnQ1f.js                                             [39m[1m[2m 2.07 kB[22m[1m[22m[2m │ gzip: 0.92 kB[22m
14.05.54 [vite] [2mdist/[22m[36m_astro/hoisted.DLgAHni8.js                                             [39m[1m[2m 2.07 kB[22m[1m[22m[2m │ gzip: 1.05 kB[22m
14.05.54 [vite] [2mdist/[22m[36m_astro/hoisted.i3950IU7.js                                             [39m[1m[2m 2.07 kB[22m[1m[22m[2m │ gzip: 1.03 kB[22m
14.05.54 [vite] [2mdist/[22m[36m_astro/hoisted.DWnhlBtd.js                                             [39m[1m[2m 2.08 kB[22m[1m[22m[2m │ gzip: 0.99 kB[22m
14.05.54 [vite] [2mdist/[22m[36m_astro/hoisted.D0VmfdFb.js                                             [39m[1m[2m 2.09 kB[22m[1m[22m[2m │ gzip: 0.90 kB[22m
14.05.54 [vite] [2mdist/[22m[36m_astro/hoisted.CtZwFs60.js                                             [39m[1m[2m 2.09 kB[22m[1m[22m[2m │ gzip: 0.88 kB[22m
14.05.54 [vite] [2mdist/[22m[36m_astro/hoisted.CmU3u0SM.js                                             [39m[1m[2m 2.11 kB[22m[1m[22m[2m │ gzip: 1.09 kB[22m
14.05.54 [vite] [2mdist/[22m[36m_astro/hoisted.DzRAI8jG.js                                             [39m[1m[2m 2.12 kB[22m[1m[22m[2m │ gzip: 0.83 kB[22m
14.05.54 [vite] [2mdist/[22m[36m_astro/hoisted.psz-dlPW.js                                             [39m[1m[2m 2.13 kB[22m[1m[22m[2m │ gzip: 0.98 kB[22m
14.05.54 [vite] [2mdist/[22m[36m_astro/hoisted.BNBgeErj.js                                             [39m[1m[2m 2.13 kB[22m[1m[22m[2m │ gzip: 0.76 kB[22m
14.05.54 [vite] [2mdist/[22m[36m_astro/hoisted.D4BVkC3E.js                                             [39m[1m[2m 2.16 kB[22m[1m[22m[2m │ gzip: 1.15 kB[22m
14.05.54 [vite] [2mdist/[22m[36m_astro/hoisted.CUioXApF.js                                             [39m[1m[2m 2.17 kB[22m[1m[22m[2m │ gzip: 1.03 kB[22m
14.05.54 [vite] [2mdist/[22m[36m_astro/hoisted.Bxlz-hEM.js                                             [39m[1m[2m 2.19 kB[22m[1m[22m[2m │ gzip: 1.23 kB[22m
14.05.54 [vite] [2mdist/[22m[36m_astro/hoisted.DLrh7mzv.js                                             [39m[1m[2m 2.21 kB[22m[1m[22m[2m │ gzip: 0.89 kB[22m
14.05.54 [vite] [2mdist/[22m[36m_astro/hoisted.BJBdSAIm.js                                             [39m[1m[2m 2.21 kB[22m[1m[22m[2m │ gzip: 1.08 kB[22m
14.05.54 [vite] [2mdist/[22m[36m_astro/hoisted.DhbuByd_.js                                             [39m[1m[2m 2.23 kB[22m[1m[22m[2m │ gzip: 0.81 kB[22m
14.05.54 [vite] [2mdist/[22m[36m_astro/hoisted.DUVWZQSB.js                                             [39m[1m[2m 2.25 kB[22m[1m[22m[2m │ gzip: 1.15 kB[22m
14.05.54 [vite] [2mdist/[22m[36m_astro/hoisted.Df_ECzHH.js                                             [39m[1m[2m 2.26 kB[22m[1m[22m[2m │ gzip: 1.05 kB[22m
14.05.54 [vite] [2mdist/[22m[36m_astro/hoisted.1O6ss_d2.js                                             [39m[1m[2m 2.26 kB[22m[1m[22m[2m │ gzip: 1.29 kB[22m
14.05.54 [vite] [2mdist/[22m[36m_astro/hoisted.DxJPCvkY.js                                             [39m[1m[2m 2.27 kB[22m[1m[22m[2m │ gzip: 1.09 kB[22m
14.05.54 [vite] [2mdist/[22m[36m_astro/hoisted.D1Ov2jCx.js                                             [39m[1m[2m 2.27 kB[22m[1m[22m[2m │ gzip: 0.95 kB[22m
14.05.54 [vite] [2mdist/[22m[36m_astro/hoisted.Bt-FYzFp.js                                             [39m[1m[2m 2.27 kB[22m[1m[22m[2m │ gzip: 1.14 kB[22m
14.05.54 [vite] [2mdist/[22m[36m_astro/hoisted.DBGPVKdW.js                                             [39m[1m[2m 2.30 kB[22m[1m[22m[2m │ gzip: 0.84 kB[22m
14.05.54 [vite] [2mdist/[22m[36m_astro/hoisted.o29yKJRd.js                                             [39m[1m[2m 2.30 kB[22m[1m[22m[2m │ gzip: 1.16 kB[22m
14.05.54 [vite] [2mdist/[22m[36m_astro/hoisted.DlDJ3jq5.js                                             [39m[1m[2m 2.31 kB[22m[1m[22m[2m │ gzip: 1.14 kB[22m
14.05.54 [vite] [2mdist/[22m[36m_astro/hoisted.CHFVigIB.js                                             [39m[1m[2m 2.31 kB[22m[1m[22m[2m │ gzip: 0.80 kB[22m
14.05.54 [vite] [2mdist/[22m[36m_astro/hoisted.DW_E8ukS.js                                             [39m[1m[2m 2.32 kB[22m[1m[22m[2m │ gzip: 1.11 kB[22m
14.05.54 [vite] [2mdist/[22m[36m_astro/hoisted.BNtzyJiw.js                                             [39m[1m[2m 2.33 kB[22m[1m[22m[2m │ gzip: 1.17 kB[22m
14.05.54 [vite] [2mdist/[22m[36m_astro/hoisted.BqKD4npJ.js                                             [39m[1m[2m 2.36 kB[22m[1m[22m[2m │ gzip: 1.13 kB[22m
14.05.54 [vite] [2mdist/[22m[36m_astro/hoisted.Bwt7nlDf.js                                             [39m[1m[2m 2.36 kB[22m[1m[22m[2m │ gzip: 1.25 kB[22m
14.05.54 [vite] [2mdist/[22m[36m_astro/hoisted._TcrIl_e.js                                             [39m[1m[2m 2.37 kB[22m[1m[22m[2m │ gzip: 1.15 kB[22m
14.05.54 [vite] [2mdist/[22m[36m_astro/hoisted.DZg5tgbD.js                                             [39m[1m[2m 2.38 kB[22m[1m[22m[2m │ gzip: 1.03 kB[22m
14.05.54 [vite] [2mdist/[22m[36m_astro/hoisted.Dr95HK6P.js                                             [39m[1m[2m 2.39 kB[22m[1m[22m[2m │ gzip: 1.14 kB[22m
14.05.54 [vite] [2mdist/[22m[36m_astro/hoisted.s00YXRpP.js                                             [39m[1m[2m 2.41 kB[22m[1m[22m[2m │ gzip: 1.15 kB[22m
14.05.54 [vite] [2mdist/[22m[36m_astro/hoisted.Do_XP4FU.js                                             [39m[1m[2m 2.41 kB[22m[1m[22m[2m │ gzip: 0.93 kB[22m
14.05.54 [vite] [2mdist/[22m[36m_astro/hoisted.gfrKqZ-P.js                                             [39m[1m[2m 2.44 kB[22m[1m[22m[2m │ gzip: 1.29 kB[22m
14.05.54 [vite] [2mdist/[22m[36m_astro/hoisted.QlBtS1FS.js                                             [39m[1m[2m 2.46 kB[22m[1m[22m[2m │ gzip: 0.85 kB[22m
14.05.54 [vite] [2mdist/[22m[36m_astro/hoisted.BgWWMvZe.js                                             [39m[1m[2m 2.47 kB[22m[1m[22m[2m │ gzip: 1.22 kB[22m
14.05.54 [vite] [2mdist/[22m[36m_astro/hoisted.gnwvuWX4.js                                             [39m[1m[2m 2.52 kB[22m[1m[22m[2m │ gzip: 1.22 kB[22m
14.05.54 [vite] [2mdist/[22m[36m_astro/hoisted.DoUceYiY.js                                             [39m[1m[2m 2.52 kB[22m[1m[22m[2m │ gzip: 1.14 kB[22m
14.05.54 [vite] [2mdist/[22m[36m_astro/hoisted.NvT_05wp.js                                             [39m[1m[2m 2.53 kB[22m[1m[22m[2m │ gzip: 1.03 kB[22m
14.05.54 [vite] [2mdist/[22m[36m_astro/hoisted.Co2rocEh.js                                             [39m[1m[2m 2.55 kB[22m[1m[22m[2m │ gzip: 1.11 kB[22m
14.05.54 [vite] [2mdist/[22m[36m_astro/hoisted.Ch7nY8W5.js                                             [39m[1m[2m 2.57 kB[22m[1m[22m[2m │ gzip: 1.00 kB[22m
14.05.54 [vite] [2mdist/[22m[36m_astro/hoisted.CYDFN_vi.js                                             [39m[1m[2m 2.60 kB[22m[1m[22m[2m │ gzip: 1.33 kB[22m
14.05.54 [vite] [2mdist/[22m[36m_astro/hoisted.Bn4id_O_.js                                             [39m[1m[2m 2.61 kB[22m[1m[22m[2m │ gzip: 1.15 kB[22m
14.05.54 [vite] [2mdist/[22m[36m_astro/hoisted.DW3KNVGs.js                                             [39m[1m[2m 2.62 kB[22m[1m[22m[2m │ gzip: 1.07 kB[22m
14.05.54 [vite] [2mdist/[22m[36m_astro/hoisted.BUasEi8i.js                                             [39m[1m[2m 2.64 kB[22m[1m[22m[2m │ gzip: 1.37 kB[22m
14.05.54 [vite] [2mdist/[22m[36m_astro/hoisted.C8mL8uKr.js                                             [39m[1m[2m 2.67 kB[22m[1m[22m[2m │ gzip: 1.18 kB[22m
14.05.54 [vite] [2mdist/[22m[36m_astro/hoisted.Dk6CDzpr.js                                             [39m[1m[2m 2.71 kB[22m[1m[22m[2m │ gzip: 1.22 kB[22m
14.05.54 [vite] [2mdist/[22m[36m_astro/hoisted.DkEG1gxi.js                                             [39m[1m[2m 2.71 kB[22m[1m[22m[2m │ gzip: 1.25 kB[22m
14.05.54 [vite] [2mdist/[22m[36m_astro/hoisted.uSGkuOuJ.js                                             [39m[1m[2m 2.72 kB[22m[1m[22m[2m │ gzip: 1.44 kB[22m
14.05.54 [vite] [2mdist/[22m[36m_astro/hoisted.DJIgkWWI.js                                             [39m[1m[2m 2.73 kB[22m[1m[22m[2m │ gzip: 1.40 kB[22m
14.05.54 [vite] [2mdist/[22m[36m_astro/hoisted.mj5oWWa_.js                                             [39m[1m[2m 2.74 kB[22m[1m[22m[2m │ gzip: 1.27 kB[22m
14.05.54 [vite] [2mdist/[22m[36m_astro/hoisted.XDtHbFzw.js                                             [39m[1m[2m 2.75 kB[22m[1m[22m[2m │ gzip: 1.13 kB[22m
14.05.54 [vite] [2mdist/[22m[36m_astro/hoisted.CLBXAQDX.js                                             [39m[1m[2m 2.78 kB[22m[1m[22m[2m │ gzip: 1.30 kB[22m
14.05.54 [vite] [2mdist/[22m[36m_astro/hoisted.DJmzZifB.js                                             [39m[1m[2m 2.80 kB[22m[1m[22m[2m │ gzip: 1.23 kB[22m
14.05.54 [vite] [2mdist/[22m[36m_astro/hoisted.BrdM28xa.js                                             [39m[1m[2m 2.81 kB[22m[1m[22m[2m │ gzip: 1.09 kB[22m
14.05.54 [vite] [2mdist/[22m[36m_astro/hoisted.DF5hiMc_.js                                             [39m[1m[2m 2.81 kB[22m[1m[22m[2m │ gzip: 1.44 kB[22m
14.05.54 [vite] [2mdist/[22m[36m_astro/hoisted.Cqgn3lcQ.js                                             [39m[1m[2m 2.82 kB[22m[1m[22m[2m │ gzip: 1.29 kB[22m
14.05.54 [vite] [2mdist/[22m[36m_astro/hoisted.CCDx4sFE.js                                             [39m[1m[2m 2.85 kB[22m[1m[22m[2m │ gzip: 0.99 kB[22m
14.05.54 [vite] [2mdist/[22m[36m_astro/hoisted.Czb3HU4d.js                                             [39m[1m[2m 2.90 kB[22m[1m[22m[2m │ gzip: 1.51 kB[22m
14.05.54 [vite] [2mdist/[22m[36m_astro/hoisted.CmGdCqCV.js                                             [39m[1m[2m 2.91 kB[22m[1m[22m[2m │ gzip: 1.28 kB[22m
14.05.54 [vite] [2mdist/[22m[36m_astro/hoisted.CJvRRA5z.js                                             [39m[1m[2m 2.96 kB[22m[1m[22m[2m │ gzip: 1.28 kB[22m
14.05.54 [vite] [2mdist/[22m[36m_astro/hoisted.tQznjcks.js                                             [39m[1m[2m 2.98 kB[22m[1m[22m[2m │ gzip: 1.35 kB[22m
14.05.54 [vite] [2mdist/[22m[36m_astro/hoisted.DT984auA.js                                             [39m[1m[2m 2.98 kB[22m[1m[22m[2m │ gzip: 1.46 kB[22m
14.05.54 [vite] [2mdist/[22m[36m_astro/hoisted.BQDDkfnx.js                                             [39m[1m[2m 3.02 kB[22m[1m[22m[2m │ gzip: 1.22 kB[22m
14.05.54 [vite] [2mdist/[22m[36m_astro/hoisted.B67XVFq1.js                                             [39m[1m[2m 3.03 kB[22m[1m[22m[2m │ gzip: 1.28 kB[22m
14.05.54 [vite] [2mdist/[22m[36m_astro/hoisted.DBagh410.js                                             [39m[1m[2m 3.05 kB[22m[1m[22m[2m │ gzip: 1.18 kB[22m
14.05.54 [vite] [2mdist/[22m[36m_astro/hoisted.CBQ0VNoj.js                                             [39m[1m[2m 3.11 kB[22m[1m[22m[2m │ gzip: 1.48 kB[22m
14.05.54 [vite] [2mdist/[22m[36m_astro/hoisted.7MtL9Yjk.js                                             [39m[1m[2m 3.12 kB[22m[1m[22m[2m │ gzip: 1.48 kB[22m
14.05.54 [vite] [2mdist/[22m[36m_astro/hoisted.DCrWIBHS.js                                             [39m[1m[2m 3.12 kB[22m[1m[22m[2m │ gzip: 1.21 kB[22m
14.05.54 [vite] [2mdist/[22m[36m_astro/hoisted.BX-xQpDJ.js                                             [39m[1m[2m 3.13 kB[22m[1m[22m[2m │ gzip: 1.48 kB[22m
14.05.54 [vite] [2mdist/[22m[36m_astro/hoisted.Bg2Fm5dS.js                                             [39m[1m[2m 3.17 kB[22m[1m[22m[2m │ gzip: 1.32 kB[22m
14.05.54 [vite] [2mdist/[22m[36m_astro/hoisted.C9hJpgAL.js                                             [39m[1m[2m 3.20 kB[22m[1m[22m[2m │ gzip: 1.34 kB[22m
14.05.54 [vite] [2mdist/[22m[36m_astro/hoisted.b7zhl3q5.js                                             [39m[1m[2m 3.21 kB[22m[1m[22m[2m │ gzip: 1.45 kB[22m
14.05.54 [vite] [2mdist/[22m[36m_astro/hoisted.Cthg0f4v.js                                             [39m[1m[2m 3.21 kB[22m[1m[22m[2m │ gzip: 1.35 kB[22m
14.05.54 [vite] [2mdist/[22m[36m_astro/hoisted.DeIzRdfW.js                                             [39m[1m[2m 3.22 kB[22m[1m[22m[2m │ gzip: 1.55 kB[22m
14.05.54 [vite] [2mdist/[22m[36m_astro/hoisted.CzzIc45u.js                                             [39m[1m[2m 3.24 kB[22m[1m[22m[2m │ gzip: 1.23 kB[22m
14.05.54 [vite] [2mdist/[22m[36m_astro/hoisted.CUf_DW6i.js                                             [39m[1m[2m 3.29 kB[22m[1m[22m[2m │ gzip: 1.43 kB[22m
14.05.54 [vite] [2mdist/[22m[36m_astro/hoisted.ChBPBcGp.js                                             [39m[1m[2m 3.29 kB[22m[1m[22m[2m │ gzip: 1.27 kB[22m
14.05.54 [vite] [2mdist/[22m[36m_astro/hoisted.BsfE3KrV.js                                             [39m[1m[2m 3.34 kB[22m[1m[22m[2m │ gzip: 1.46 kB[22m
14.05.54 [vite] [2mdist/[22m[36m_astro/hoisted.CJ-HAwiV.js                                             [39m[1m[2m 3.40 kB[22m[1m[22m[2m │ gzip: 1.31 kB[22m
14.05.54 [vite] [2mdist/[22m[36m_astro/hoisted.DmOHDdZM.js                                             [39m[1m[2m 3.40 kB[22m[1m[22m[2m │ gzip: 1.17 kB[22m
14.05.54 [vite] [2mdist/[22m[36m_astro/hoisted.BWu0qmHa.js                                             [39m[1m[2m 3.43 kB[22m[1m[22m[2m │ gzip: 1.68 kB[22m
14.05.54 [vite] [2mdist/[22m[36m_astro/hoisted.Bg466skD.js                                             [39m[1m[2m 3.50 kB[22m[1m[22m[2m │ gzip: 1.55 kB[22m
14.05.54 [vite] [2mdist/[22m[36m_astro/hoisted.Ck8gjMbs.js                                             [39m[1m[2m 3.51 kB[22m[1m[22m[2m │ gzip: 1.52 kB[22m
14.05.54 [vite] [2mdist/[22m[36m_astro/hoisted.65GAJ4kL.js                                             [39m[1m[2m 3.52 kB[22m[1m[22m[2m │ gzip: 1.24 kB[22m
14.05.54 [vite] [2mdist/[22m[36m_astro/hoisted.gRdN4bn8.js                                             [39m[1m[2m 3.71 kB[22m[1m[22m[2m │ gzip: 1.47 kB[22m
14.05.54 [vite] [2mdist/[22m[36m_astro/hoisted.bW4PKohc.js                                             [39m[1m[2m 3.73 kB[22m[1m[22m[2m │ gzip: 1.53 kB[22m
14.05.54 [vite] [2mdist/[22m[36m_astro/hoisted.YygqOjG5.js                                             [39m[1m[2m 3.76 kB[22m[1m[22m[2m │ gzip: 1.70 kB[22m
14.05.54 [vite] [2mdist/[22m[36m_astro/hoisted.BSvtnVGG.js                                             [39m[1m[2m 3.77 kB[22m[1m[22m[2m │ gzip: 1.63 kB[22m
14.05.54 [vite] [2mdist/[22m[36m_astro/hoisted.B4o4SILX.js                                             [39m[1m[2m 3.81 kB[22m[1m[22m[2m │ gzip: 1.30 kB[22m
14.05.54 [vite] [2mdist/[22m[36m_astro/hoisted.bJYhaDbx.js                                             [39m[1m[2m 3.96 kB[22m[1m[22m[2m │ gzip: 1.89 kB[22m
14.05.54 [vite] [2mdist/[22m[36m_astro/hoisted.Be7N-Eut.js                                             [39m[1m[2m 4.02 kB[22m[1m[22m[2m │ gzip: 1.66 kB[22m
14.05.54 [vite] [2mdist/[22m[36m_astro/hoisted.HXuZjGPG.js                                             [39m[1m[2m 4.04 kB[22m[1m[22m[2m │ gzip: 1.83 kB[22m
14.05.54 [vite] [2mdist/[22m[36m_astro/hoisted.pW0X1uFx.js                                             [39m[1m[2m 4.13 kB[22m[1m[22m[2m │ gzip: 1.86 kB[22m
14.05.54 [vite] [2mdist/[22m[36m_astro/hoisted.DYJHmbvk.js                                             [39m[1m[2m 4.15 kB[22m[1m[22m[2m │ gzip: 1.63 kB[22m
14.05.54 [vite] [2mdist/[22m[36m_astro/hoisted.taCEy30w.js                                             [39m[1m[2m 4.26 kB[22m[1m[22m[2m │ gzip: 1.59 kB[22m
14.05.54 [vite] [2mdist/[22m[36m_astro/hoisted.DwDNKqOF.js                                             [39m[1m[2m 4.30 kB[22m[1m[22m[2m │ gzip: 1.79 kB[22m
14.05.54 [vite] [2mdist/[22m[36m_astro/hoisted.-2iX8jpR.js                                             [39m[1m[2m 4.37 kB[22m[1m[22m[2m │ gzip: 1.74 kB[22m
14.05.54 [vite] [2mdist/[22m[36m_astro/hoisted.Dw8uS-0h.js                                             [39m[1m[2m 4.40 kB[22m[1m[22m[2m │ gzip: 1.76 kB[22m
14.05.54 [vite] [2mdist/[22m[36m_astro/hoisted.CRwPC06z.js                                             [39m[1m[2m 4.46 kB[22m[1m[22m[2m │ gzip: 1.67 kB[22m
14.05.54 [vite] [2mdist/[22m[36m_astro/hoisted.BHZUHhjw.js                                             [39m[1m[2m 4.54 kB[22m[1m[22m[2m │ gzip: 1.92 kB[22m
14.05.54 [vite] [2mdist/[22m[36m_astro/hoisted.WcY9sjvd.js                                             [39m[1m[2m 4.62 kB[22m[1m[22m[2m │ gzip: 1.80 kB[22m
14.05.54 [vite] [2mdist/[22m[36m_astro/hoisted.C5r2shTJ.js                                             [39m[1m[2m 4.64 kB[22m[1m[22m[2m │ gzip: 2.42 kB[22m
14.05.54 [vite] [2mdist/[22m[36m_astro/hoisted.BCLICpLd.js                                             [39m[1m[2m 4.65 kB[22m[1m[22m[2m │ gzip: 2.17 kB[22m
14.05.54 [vite] [2mdist/[22m[36m_astro/hoisted.DNJJqQ0R.js                                             [39m[1m[2m 4.65 kB[22m[1m[22m[2m │ gzip: 1.82 kB[22m
14.05.54 [vite] [2mdist/[22m[36m_astro/hoisted.Cp0EE9Ee.js                                             [39m[1m[2m 4.72 kB[22m[1m[22m[2m │ gzip: 1.89 kB[22m
14.05.54 [vite] [2mdist/[22m[36m_astro/hoisted.L1wbkvcQ.js                                             [39m[1m[2m 4.73 kB[22m[1m[22m[2m │ gzip: 1.84 kB[22m
14.05.54 [vite] [2mdist/[22m[36m_astro/hoisted.CElnNL3L.js                                             [39m[1m[2m 4.75 kB[22m[1m[22m[2m │ gzip: 1.86 kB[22m
14.05.54 [vite] [2mdist/[22m[36m_astro/hoisted.BGvoTmyd.js                                             [39m[1m[2m 4.76 kB[22m[1m[22m[2m │ gzip: 2.04 kB[22m
14.05.54 [vite] [2mdist/[22m[36m_astro/hoisted.1nSoulM4.js                                             [39m[1m[2m 4.98 kB[22m[1m[22m[2m │ gzip: 1.83 kB[22m
14.05.54 [vite] [2mdist/[22m[36m_astro/hoisted.DdCSLEME.js                                             [39m[1m[2m 4.98 kB[22m[1m[22m[2m │ gzip: 2.07 kB[22m
14.05.54 [vite] [2mdist/[22m[36m_astro/hoisted.CxlMwia1.js                                             [39m[1m[2m 5.17 kB[22m[1m[22m[2m │ gzip: 2.29 kB[22m
14.05.54 [vite] [2mdist/[22m[36m_astro/hoisted.BPg6-U3y.js                                             [39m[1m[2m 5.27 kB[22m[1m[22m[2m │ gzip: 2.22 kB[22m
14.05.54 [vite] [2mdist/[22m[36m_astro/hoisted.qIRQv-fU.js                                             [39m[1m[2m 5.27 kB[22m[1m[22m[2m │ gzip: 2.12 kB[22m
14.05.54 [vite] [2mdist/[22m[36m_astro/hoisted.DffMDYIx.js                                             [39m[1m[2m 5.29 kB[22m[1m[22m[2m │ gzip: 2.09 kB[22m
14.05.54 [vite] [2mdist/[22m[36m_astro/hoisted.CA_tsMp3.js                                             [39m[1m[2m 5.29 kB[22m[1m[22m[2m │ gzip: 2.25 kB[22m
14.05.54 [vite] [2mdist/[22m[36m_astro/hoisted.EHqGm4H7.js                                             [39m[1m[2m 5.30 kB[22m[1m[22m[2m │ gzip: 2.23 kB[22m
14.05.54 [vite] [2mdist/[22m[36m_astro/hoisted.DcbOtKZL.js                                             [39m[1m[2m 5.50 kB[22m[1m[22m[2m │ gzip: 1.93 kB[22m
14.05.54 [vite] [2mdist/[22m[36m_astro/hoisted.DBVdkEsF.js                                             [39m[1m[2m 5.95 kB[22m[1m[22m[2m │ gzip: 2.35 kB[22m
14.05.54 [vite] [2mdist/[22m[36m_astro/hoisted.DQS6BXCB.js                                             [39m[1m[2m 6.56 kB[22m[1m[22m[2m │ gzip: 2.88 kB[22m
14.05.54 [vite] [2mdist/[22m[36m_astro/hoisted.VhIL9oL3.js                                             [39m[1m[2m 7.50 kB[22m[1m[22m[2m │ gzip: 2.80 kB[22m
14.05.54 [vite] [2mdist/[22m[36m_astro/hoisted.BfxziO9o.js                                             [39m[1m[2m 7.58 kB[22m[1m[22m[2m │ gzip: 2.99 kB[22m
14.05.54 [vite] [2mdist/[22m[36m_astro/hoisted.Dr9IylwK.js                                             [39m[1m[2m 7.64 kB[22m[1m[22m[2m │ gzip: 3.22 kB[22m
14.05.54 [vite] [2mdist/[22m[36m_astro/hoisted.Ccb_rynY.js                                             [39m[1m[2m 8.13 kB[22m[1m[22m[2m │ gzip: 3.02 kB[22m
14.05.54 [vite] [2mdist/[22m[36m_astro/hoisted.DdsUsG9m.js                                             [39m[1m[2m10.16 kB[22m[1m[22m[2m │ gzip: 4.61 kB[22m
14.05.54 [vite] [2mdist/[22m[36m_astro/hoisted.DvrQA6Kc.js                                             [39m[1m[2m17.88 kB[22m[1m[22m[2m │ gzip: 4.84 kB[22m
14.05.54 [vite] [32m✓ built in 3.01s[39m

 generating static routes 
14.05.54 ▶ src/pages/about/methodology.astro
14.05.54   └─ /about/methodology/index.html (+15ms)
14.05.54 ▶ src/pages/about/index.astro
14.05.54   └─ /about/index.html (+4ms)
14.05.54 ▶ src/pages/admin/kpi-dashboard.astro
14.05.54   └─ /admin/kpi-dashboard/index.html14.05.54 [WARN] `Astro.request.headers` is unavailable in "static" output mode, and in prerendered pages within "hybrid" and "server" output modes. If you need access to request headers, make sure that `output` is configured as either `"server"` or `output: "hybrid"` in your config file, and that the page accessing the headers is rendered on-demand.
 (+2ms)
14.05.54 ▶ src/pages/affiliate-disclosure/index.astro
14.05.54   └─ /affiliate-disclosure/index.html (+3ms)
14.05.54 ▶ src/pages/ai-advisor.astro
14.05.54   └─ /ai-advisor/index.html (+2ms)
14.05.55 λ src/pages/api/ai-advisor/followups.ts
14.05.55   └─ /api/ai-advisor/followups14.05.55 [WARN] [router] No API Route handler exists for the method "GET" for the route "/api/ai-advisor/followups".
Found handlers: "POST"

 (+0ms)
14.05.55 λ src/pages/api/ai-advisor/generate-follow-up-questions.ts
14.05.55   └─ /api/ai-advisor/generate-follow-up-questions14.05.55 [WARN] [router] No API Route handler exists for the method "GET" for the route "/api/ai-advisor/generate-follow-up-questions".
Found handlers: "POST"

 (+0ms)
14.05.55 λ src/pages/api/ai-advisor/message.ts
14.05.55   └─ /api/ai-advisor/message14.05.55 [WARN] [router] No API Route handler exists for the method "GET" for the route "/api/ai-advisor/message".
Found handlers: "POST"

 (+0ms)
14.05.55 λ src/pages/api/ai-advisor/retrieve.ts
14.05.55   └─ /api/ai-advisor/retrieve14.05.55 [WARN] [router] No API Route handler exists for the method "GET" for the route "/api/ai-advisor/retrieve".
Found handlers: "POST"

 (+0ms)
14.05.55 λ src/pages/api/kpi/dashboard.ts
14.05.55   └─ /api/kpi/dashboard14.05.55 [WARN] `Astro.request.headers` is unavailable in "static" output mode, and in prerendered pages within "hybrid" and "server" output modes. If you need access to request headers, make sure that `output` is configured as either `"server"` or `output: "hybrid"` in your config file, and that the page accessing the headers is rendered on-demand.
 (+2ms)
14.05.55 λ src/pages/api/llm-context.json.ts
14.05.55   └─ /api/llm-context.json (+2ms)
14.05.55 ▶ src/pages/edge-cases/adjustable-rate-mortgages.astro
14.05.55   └─ /edge-cases/adjustable-rate-mortgages/index.html (+3ms)
14.05.55 ▶ src/pages/edge-cases/alimony-child-support.astro
14.05.55   └─ /edge-cases/alimony-child-support/index.html (+2ms)
14.05.55 ▶ src/pages/edge-cases/business-startup-tax.astro
14.05.55   └─ /edge-cases/business-startup-tax/index.html (+3ms)
14.05.55 ▶ src/pages/edge-cases/capital-gains-tax.astro
14.05.55   └─ /edge-cases/capital-gains-tax/index.html (+3ms)
14.05.55 ▶ src/pages/edge-cases/credit-card-minimum-trap.astro
14.05.55   └─ /edge-cases/credit-card-minimum-trap/index.html (+3ms)
14.05.55 ▶ src/pages/edge-cases/dividend-tax.astro
14.05.55   └─ /edge-cases/dividend-tax/index.html (+3ms)
14.05.55 ▶ src/pages/edge-cases/early-mortgage-payoff.astro
14.05.55   └─ /edge-cases/early-mortgage-payoff/index.html (+2ms)
14.05.55 ▶ src/pages/edge-cases/freelancer-tax.astro
14.05.55   └─ /edge-cases/freelancer-tax/index.html (+2ms)
14.05.55 ▶ src/pages/edge-cases/inherited-property-tax.astro
14.05.55   └─ /edge-cases/inherited-property-tax/index.html (+2ms)
14.05.55 ▶ src/pages/edge-cases/insurance-deduction.astro
14.05.55   └─ /edge-cases/insurance-deduction/index.html (+2ms)
14.05.55 ▶ src/pages/edge-cases/multiple-income-tax.astro
14.05.55   └─ /edge-cases/multiple-income-tax/index.html (+3ms)
14.05.55 ▶ src/pages/edge-cases/multiple-overtime-rates.astro
14.05.55   └─ /edge-cases/multiple-overtime-rates/index.html (+3ms)
14.05.55 ▶ src/pages/edge-cases/part-time-overtime.astro
14.05.55   └─ /edge-cases/part-time-overtime/index.html (+2ms)
14.05.55 ▶ src/pages/edge-cases/rental-income-tax.astro
14.05.55   └─ /edge-cases/rental-income-tax/index.html (+2ms)
14.05.55 ▶ src/pages/edge-cases/sme-tax-optimization.astro
14.05.55   └─ /edge-cases/sme-tax-optimization/index.html (+2ms)
14.05.55 ▶ src/pages/edge-cases/tax-refund-calculation.astro
14.05.55   └─ /edge-cases/tax-refund-calculation/index.html (+2ms)
14.05.55 ▶ src/pages/edge-cases/year-end-bonus-tax.astro
14.05.55   └─ /edge-cases/year-end-bonus-tax/index.html (+2ms)
14.05.55 ▶ src/pages/glossary/apr.astro
14.05.55   └─ /glossary/apr/index.html (+3ms)
14.05.55 ▶ src/pages/glossary/index.astro
14.05.55   └─ /glossary/index.html (+3ms)
14.05.55 ▶ src/pages/go/[affiliate].astro
14.05.55   ├─ /go/rabbit-care-loan/index.html (+2ms)
14.05.55   ├─ /go/rabbit-care-car/index.html (+2ms)
14.05.55   ├─ /go/rabbit-care-home/index.html (+1ms)
14.05.55   ├─ /go/rabbit-care-insurance/index.html (+2ms)
14.05.55   ├─ /go/kasikorn-savings/index.html (+1ms)
14.05.55   ├─ /go/ttb-cash2go/index.html (+2ms)
14.05.55   ├─ /go/ktc-brother-berm/index.html (+2ms)
14.05.55   ├─ /go/ngern-tid-lor/index.html (+2ms)
14.05.55   ├─ /go/tipinsure/index.html (+2ms)
14.05.55   ├─ /go/uob-tmrw/index.html (+1ms)
14.05.55   ├─ /go/krungsri-signature/index.html (+1ms)
14.05.55   ├─ /go/kept-krungsri/index.html (+2ms)
14.05.55   └─ /go/rabbit-care-health-cpl/index.html (+2ms)
14.05.55 ▶ src/pages/how-to/compound-interest.astro
14.05.55   └─ /how-to/compound-interest/index.html (+2ms)
14.05.55 ▶ src/pages/how-to/credit-card-interest.astro
14.05.55   └─ /how-to/credit-card-interest/index.html (+2ms)
14.05.55 ▶ src/pages/how-to/electricity-bill.astro
14.05.55   └─ /how-to/electricity-bill/index.html (+3ms)
14.05.55 ▶ src/pages/how-to/income-tax.astro
14.05.55   └─ /how-to/income-tax/index.html (+3ms)
14.05.55 ▶ src/pages/how-to/land-tax.astro
14.05.55   └─ /how-to/land-tax/index.html (+3ms)
14.05.55 ▶ src/pages/how-to/loan-payment.astro
14.05.55   └─ /how-to/loan-payment/index.html (+2ms)
14.05.55 ▶ src/pages/how-to/net-salary.astro
14.05.55   └─ /how-to/net-salary/index.html (+2ms)
14.05.55 ▶ src/pages/how-to/overtime-pay.astro
14.05.55   └─ /how-to/overtime-pay/index.html (+2ms)
14.05.55 ▶ src/pages/how-to/property-transfer-fee.astro
14.05.55   └─ /how-to/property-transfer-fee/index.html (+2ms)
14.05.55 ▶ src/pages/how-to/property-transfer-tax.astro
14.05.55   └─ /how-to/property-transfer-tax/index.html (+3ms)
14.05.55 ▶ src/pages/เกี่ยวกับ-kamnuanlek/index.astro
14.05.55   └─ /เกี่ยวกับ-kamnuanlek/index.html (+4ms)
14.05.55 ▶ src/pages/ข้อกำหนดการใช้งาน.astro
14.05.55   └─ /ข้อกำหนดการใช้งาน/index.html (+3ms)
14.05.55 ▶ src/pages/ข้อมูลการเงิน-ประเทศไทย/index.astro
14.05.55   └─ /ข้อมูลการเงิน-ประเทศไทย/index.html (+3ms)
14.05.55 ▶ src/pages/คำนวณ-acrylic-nail-extension-cost/index.astro
14.05.55   └─ /คำนวณ-acrylic-nail-extension-cost/index.html (+2ms)
14.05.55 ▶ src/pages/คำนวณ-apr/index.astro
14.05.55   └─ /คำนวณ-apr/index.html (+6ms)
14.05.55 ▶ src/pages/คำนวณ-bmi/index.astro
14.05.55   └─ /คำนวณ-bmi/index.html (+6ms)
14.05.55 ▶ src/pages/คำนวณ-bridge-loan/index.astro
14.05.55   └─ /คำนวณ-bridge-loan/index.html (+3ms)
14.05.55 ▶ src/pages/คำนวณ-burn-rate-รายเดือน/index.astro
14.05.55   └─ /คำนวณ-burn-rate-รายเดือน/index.html (+3ms)
14.05.55 ▶ src/pages/คำนวณ-cagr-อัตราเติบโตทบต้นรายปี/index.astro
14.05.55   └─ /คำนวณ-cagr-อัตราเติบโตทบต้นรายปี/index.html (+4ms)
14.05.55 ▶ src/pages/คำนวณ-cap-rate-อสังหาฯ/index.astro
14.05.55   └─ /คำนวณ-cap-rate-อสังหาฯ/index.html (+3ms)
14.05.55 ▶ src/pages/คำนวณ-cash-flow-อสังหาฯ/index.astro
14.05.55   └─ /คำนวณ-cash-flow-อสังหาฯ/index.html (+3ms)
14.05.55 ▶ src/pages/คำนวณ-cash-runway/index.astro
14.05.55   └─ /คำนวณ-cash-runway/index.html (+3ms)
14.05.55 ▶ src/pages/คำนวณ-cashback/index.astro
14.05.55   └─ /คำนวณ-cashback/index.html (+3ms)
14.05.55 ▶ src/pages/คำนวณ-cif-อากรศุลกากร/index.astro
14.05.55   └─ /คำนวณ-cif-อากรศุลกากร/index.html (+3ms)
14.05.55 ▶ src/pages/คำนวณ-clothing-alteration-cost/index.astro
14.05.55   └─ /คำนวณ-clothing-alteration-cost/index.html (+2ms)
14.05.55 ▶ src/pages/คำนวณ-clothing-rental-vs-purchase/index.astro
14.05.55   └─ /คำนวณ-clothing-rental-vs-purchase/index.html (+3ms)
14.05.55 ▶ src/pages/คำนวณ-custom-fashion-design-cost/index.astro
14.05.55   └─ /คำนวณ-custom-fashion-design-cost/index.html (+3ms)
14.05.55 ▶ src/pages/คำนวณ-dca-เฉลี่ยต้นทุน/index.astro
14.05.55   └─ /คำนวณ-dca-เฉลี่ยต้นทุน/index.html (+3ms)
14.05.55 ▶ src/pages/คำนวณ-deductible-ประกันรถ/index.astro
14.05.55   └─ /คำนวณ-deductible-ประกันรถ/index.html (+3ms)
14.05.55 ▶ src/pages/คำนวณ-dress-tailoring-cost/index.astro
14.05.55   └─ /คำนวณ-dress-tailoring-cost/index.html (+3ms)
14.05.55 ▶ src/pages/คำนวณ-e-wallet/index.astro
14.05.55   └─ /คำนวณ-e-wallet/index.html (+3ms)
14.05.55 ▶ src/pages/คำนวณ-eyebrow-eye-service-cost/index.astro
14.05.55   └─ /คำนวณ-eyebrow-eye-service-cost/index.html (+3ms)
14.05.55 ▶ src/pages/คำนวณ-facial-treatment-cost/index.astro
14.05.55   └─ /คำนวณ-facial-treatment-cost/index.html (+2ms)
14.05.55 ▶ src/pages/คำนวณ-fire-number/index.astro
14.05.55   └─ /คำนวณ-fire-number/index.html (+3ms)
14.05.55 ▶ src/pages/คำนวณ-gel-shellac-nail-cost/index.astro
14.05.55   └─ /คำนวณ-gel-shellac-nail-cost/index.html (+2ms)
14.05.55 ▶ src/pages/คำนวณ-hair-color-cost/index.astro
14.05.55   └─ /คำนวณ-hair-color-cost/index.html (+2ms)
14.05.55 ▶ src/pages/คำนวณ-hair-extension-cost/index.astro
14.05.55   └─ /คำนวณ-hair-extension-cost/index.html (+3ms)
14.05.55 ▶ src/pages/คำนวณ-hair-salon-cost/index.astro
14.05.55   └─ /คำนวณ-hair-salon-cost/index.html (+3ms)
14.05.55 ▶ src/pages/คำนวณ-hair-spa-cost/index.astro
14.05.55   └─ /คำนวณ-hair-spa-cost/index.html (+2ms)
14.05.55 ▶ src/pages/คำนวณ-hedge-fx-นำเข้า/index.astro
14.05.55   └─ /คำนวณ-hedge-fx-นำเข้า/index.html (+3ms)
14.05.55 ▶ src/pages/คำนวณ-home-nail-care-cost/index.astro
14.05.55   └─ /คำนวณ-home-nail-care-cost/index.html (+2ms)
14.05.55 ▶ src/pages/คำนวณ-irr-อสังหาฯ/index.astro
14.05.55   └─ /คำนวณ-irr-อสังหาฯ/index.html (+2ms)
14.05.55 ▶ src/pages/คำนวณ-irr-อัตราผลตอบแทนภายใน/index.astro
14.05.55   └─ /คำนวณ-irr-อัตราผลตอบแทนภายใน/index.html (+3ms)
14.05.55 ▶ src/pages/คำนวณ-klc0311-เสื่อมราคา/index.astro
14.05.55   └─ /คำนวณ-klc0311-เสื่อมราคา/index.html (+2ms)
14.05.55 ▶ src/pages/คำนวณ-klc0312-บริหารที่ดิน/index.astro
14.05.55   └─ /คำนวณ-klc0312-บริหารที่ดิน/index.html (+3ms)
14.05.55 ▶ src/pages/คำนวณ-klc0313-คัดกรองผู้เช่า/index.astro
14.05.55   └─ /คำนวณ-klc0313-คัดกรองผู้เช่า/index.html (+6ms)
14.05.55 ▶ src/pages/คำนวณ-klc0314-ประกันเจ้าของ/index.astro
14.05.55   └─ /คำนวณ-klc0314-ประกันเจ้าของ/index.html (+3ms)
14.05.55 ▶ src/pages/คำนวณ-klc0315-ว่างเปล่า/index.astro
14.05.55   └─ /คำนวณ-klc0315-ว่างเปล่า/index.html (+3ms)
14.05.55 ▶ src/pages/คำนวณ-klc0316-ค่าปรับ/index.astro
14.05.55   └─ /คำนวณ-klc0316-ค่าปรับ/index.html (+3ms)
14.05.55 ▶ src/pages/คำนวณ-klc0317-มัดจำ/index.astro
14.05.55   └─ /คำนวณ-klc0317-มัดจำ/index.html (+3ms)
14.05.55 ▶ src/pages/คำนวณ-klc0318-ตรวจสอบ/index.astro
14.05.55   └─ /คำนวณ-klc0318-ตรวจสอบ/index.html (+2ms)
14.05.55 ▶ src/pages/คำนวณ-klc0319-สิทธิ/index.astro
14.05.55   └─ /คำนวณ-klc0319-สิทธิ/index.html (+3ms)
14.05.55 ▶ src/pages/คำนวณ-klc0320-แก้ไข/index.astro
14.05.55   └─ /คำนวณ-klc0320-แก้ไข/index.html (+3ms)
14.05.55 ▶ src/pages/คำนวณ-klc0401-ค่าเข้ารักษา/index.astro
14.05.55   └─ /คำนวณ-klc0401-ค่าเข้ารักษา/index.html (+3ms)
14.05.55 ▶ src/pages/คำนวณ-klc0402-เบี้ยประกันสุขภาพ/index.astro
14.05.55   └─ /คำนวณ-klc0402-เบี้ยประกันสุขภาพ/index.html (+3ms)
14.05.55 ▶ src/pages/คำนวณ-klc0403-ค่าทันตกรรม/index.astro
14.05.55   └─ /คำนวณ-klc0403-ค่าทันตกรรม/index.html (+3ms)
14.05.55 ▶ src/pages/คำนวณ-klc0404-ค่าตรวจสุขภาพ/index.astro
14.05.55   └─ /คำนวณ-klc0404-ค่าตรวจสุขภาพ/index.html (+3ms)
14.05.55 ▶ src/pages/คำนวณ-klc0405-ค่าคลอดบุตร/index.astro
14.05.55   └─ /คำนวณ-klc0405-ค่าคลอดบุตร/index.html (+3ms)
14.05.55 ▶ src/pages/คำนวณ-klc0406-ค่ากายภาพบำบัด/index.astro
14.05.55   └─ /คำนวณ-klc0406-ค่ากายภาพบำบัด/index.html (+3ms)
14.05.55 ▶ src/pages/คำนวณ-klc0407-ค่ายา-opd/index.astro
14.05.55   └─ /คำนวณ-klc0407-ค่ายา-opd/index.html (+2ms)
14.05.55 ▶ src/pages/คำนวณ-klc0408-ค่าเอกซเรย์-mri/index.astro
14.05.55   └─ /คำนวณ-klc0408-ค่าเอกซเรย์-mri/index.html (+3ms)
14.05.55 ▶ src/pages/คำนวณ-klc0409-ค่าวัคซีน/index.astro
14.05.55   └─ /คำนวณ-klc0409-ค่าวัคซีน/index.html (+3ms)
14.05.55 ▶ src/pages/คำนวณ-klc0410-ค่าตรวจเลือด/index.astro
14.05.55   └─ /คำนวณ-klc0410-ค่าตรวจเลือด/index.html (+3ms)
14.05.55 ▶ src/pages/คำนวณ-klc0411-ค่าแว่นตา/index.astro
14.05.55   └─ /คำนวณ-klc0411-ค่าแว่นตา/index.html (+16ms)
14.05.55 ▶ src/pages/คำนวณ-klc0412-ค่าพยาบาลบ้าน/index.astro
14.05.55   └─ /คำนวณ-klc0412-ค่าพยาบาลบ้าน/index.html (+4ms)
14.05.55 ▶ src/pages/คำนวณ-klc0413-ค่าล้างไต/index.astro
14.05.55   └─ /คำนวณ-klc0413-ค่าล้างไต/index.html (+3ms)
14.05.55 ▶ src/pages/คำนวณ-klc0414-ค่ายาเบาหวาน/index.astro
14.05.55   └─ /คำนวณ-klc0414-ค่ายาเบาหวาน/index.html (+4ms)
14.05.55 ▶ src/pages/คำนวณ-klc0415-ค่าตรวจมะเร็ง/index.astro
14.05.55   └─ /คำนวณ-klc0415-ค่าตรวจมะเร็ง/index.html (+4ms)
14.05.55 ▶ src/pages/คำนวณ-klc0416-ค่าฉุกเฉิน/index.astro
14.05.55   └─ /คำนวณ-klc0416-ค่าฉุกเฉิน/index.html (+4ms)
14.05.55 ▶ src/pages/คำนวณ-klc0417-ค่าจิตเวช/index.astro
14.05.55   └─ /คำนวณ-klc0417-ค่าจิตเวช/index.html (+4ms)
14.05.55 ▶ src/pages/คำนวณ-klc0418-ค่าแผนไทย/index.astro
14.05.55   └─ /คำนวณ-klc0418-ค่าแผนไทย/index.html (+4ms)
14.05.55 ▶ src/pages/คำนวณ-klc0419-ค่าตรวจตา/index.astro
14.05.55   └─ /คำนวณ-klc0419-ค่าตรวจตา/index.html (+3ms)
14.05.55 ▶ src/pages/คำนวณ-klc0420-ค่าฟันขาว/index.astro
14.05.55   └─ /คำนวณ-klc0420-ค่าฟันขาว/index.html (+3ms)
14.05.55 ▶ src/pages/คำนวณ-klc0421-ค่ารักษามะเร็ง/index.astro
14.05.55   └─ /คำนวณ-klc0421-ค่ารักษามะเร็ง/index.html (+4ms)
14.05.55 ▶ src/pages/คำนวณ-klc0422-ค่าฟื้นฟู/index.astro
14.05.55   └─ /คำนวณ-klc0422-ค่าฟื้นฟู/index.html (+4ms)
14.05.55 ▶ src/pages/คำนวณ-klc0423-ค่าตรวจเด็ก/index.astro
14.05.55   └─ /คำนวณ-klc0423-ค่าตรวจเด็ก/index.html (+5ms)
14.05.55 ▶ src/pages/คำนวณ-klc0424-ค่าสุขภาพผู้สูงอายุ/index.astro
14.05.55   └─ /คำนวณ-klc0424-ค่าสุขภาพผู้สูงอายุ/index.html (+3ms)
14.05.55 ▶ src/pages/คำนวณ-klc0425-งบสุขภาพปี/index.astro
14.05.55   └─ /คำนวณ-klc0425-งบสุขภาพปี/index.html (+4ms)
14.05.55 ▶ src/pages/คำนวณ-klc0434-อนุบาล/index.astro
14.05.55   └─ /คำนวณ-klc0434-อนุบาล/index.html (+3ms)
14.05.55 ▶ src/pages/คำนวณ-klc0435-วิทยาลัยเทคนิค/index.astro
14.05.55   └─ /คำนวณ-klc0435-วิทยาลัยเทคนิค/index.html (+3ms)
14.05.55 ▶ src/pages/คำนวณ-klc0436-หลักสูตรออนไลน์/index.astro
14.05.55   └─ /คำนวณ-klc0436-หลักสูตรออนไลน์/index.html (+3ms)
14.05.55 ▶ src/pages/คำนวณ-klc0437-ลดหย่อนการศึกษา/index.astro
14.05.55   └─ /คำนวณ-klc0437-ลดหย่อนการศึกษา/index.html (+3ms)
14.05.55 ▶ src/pages/คำนวณ-klc0438-วัสดุการศึกษา/index.astro
14.05.55   └─ /คำนวณ-klc0438-วัสดุการศึกษา/index.html (+7ms)
14.05.55 ▶ src/pages/คำนวณ-klc0439-หอพัก/index.astro
14.05.55   └─ /คำนวณ-klc0439-หอพัก/index.html (+4ms)
14.05.55 ▶ src/pages/คำนวณ-klc0440-ค่าใช้สอย/index.astro
14.05.55   └─ /คำนวณ-klc0440-ค่าใช้สอย/index.html (+3ms)
14.05.55 ▶ src/pages/คำนวณ-klc0441-roi-ศึกษาต่อ/index.astro
14.05.55   └─ /คำนวณ-klc0441-roi-ศึกษาต่อ/index.html (+2ms)
14.05.55 ▶ src/pages/คำนวณ-klc0442-เงินเดือนครู/index.astro
14.05.55   └─ /คำนวณ-klc0442-เงินเดือนครู/index.html (+3ms)
14.05.55 ▶ src/pages/คำนวณ-klc0443-สินเชื่อการศึกษา/index.astro
14.05.55   └─ /คำนวณ-klc0443-สินเชื่อการศึกษา/index.html (+4ms)
14.05.55 ▶ src/pages/คำนวณ-klc0444-เงินออมลูก/index.astro
14.05.55   └─ /คำนวณ-klc0444-เงินออมลูก/index.html (+2ms)
14.05.55 ▶ src/pages/คำนวณ-klc0445-คอร์สภาษา/index.astro
14.05.55   └─ /คำนวณ-klc0445-คอร์สภาษา/index.html (+2ms)
14.05.55 ▶ src/pages/คำนวณ-klc0446-สอบใบรับรอง/index.astro
14.05.55   └─ /คำนวณ-klc0446-สอบใบรับรอง/index.html (+2ms)
14.05.55 ▶ src/pages/คำนวณ-klc0447-รายได้เสริม/index.astro
14.05.55   └─ /คำนวณ-klc0447-รายได้เสริม/index.html (+2ms)
14.05.55 ▶ src/pages/คำนวณ-klc0448-ประกันการศึกษา/index.astro
14.05.55   └─ /คำนวณ-klc0448-ประกันการศึกษา/index.html (+3ms)
14.05.55 ▶ src/pages/คำนวณ-klc0449-ขนส่งโรงเรียน/index.astro
14.05.55   └─ /คำนวณ-klc0449-ขนส่งโรงเรียน/index.html (+4ms)
14.05.55 ▶ src/pages/คำนวณ-klc0450-หนังสือและสื่อ/index.astro
14.05.55   └─ /คำนวณ-klc0450-หนังสือและสื่อ/index.html (+2ms)
14.05.55 ▶ src/pages/คำนวณ-klc0451-ค่าจดทะเบียน/index.astro
14.05.55   └─ /คำนวณ-klc0451-ค่าจดทะเบียน/index.html (+2ms)
14.05.55 ▶ src/pages/คำนวณ-klc0452-vat-ธุรกิจ/index.astro
14.05.55   └─ /คำนวณ-klc0452-vat-ธุรกิจ/index.html (+2ms)
14.05.55 ▶ src/pages/คำนวณ-klc0453-ภาษีนิติบุคคล/index.astro
14.05.55   └─ /คำนวณ-klc0453-ภาษีนิติบุคคล/index.html (+2ms)
14.05.55 ▶ src/pages/คำนวณ-klc0454-ต้นทุนสตาร์ทอัพ/index.astro
14.05.55   └─ /คำนวณ-klc0454-ต้นทุนสตาร์ทอัพ/index.html (+3ms)
14.05.55 ▶ src/pages/คำนวณ-klc0455-จุดคุ้มทุน/index.astro
14.05.55   └─ /คำนวณ-klc0455-จุดคุ้มทุน/index.html (+2ms)
14.05.55 ▶ src/pages/คำนวณ-klc0456-กำไรขั้นต้น/index.astro
14.05.55   └─ /คำนวณ-klc0456-กำไรขั้นต้น/index.html (+2ms)
14.05.55 ▶ src/pages/คำนวณ-klc0457-ต้นทุนต่อหน่วย/index.astro
14.05.55   └─ /คำนวณ-klc0457-ต้นทุนต่อหน่วย/index.html (+3ms)
14.05.55 ▶ src/pages/คำนวณ-klc0458-ราคาขาย/index.astro
14.05.55   └─ /คำนวณ-klc0458-ราคาขาย/index.html (+3ms)
14.05.55 ▶ src/pages/คำนวณ-klc0459-roi-ธุรกิจ/index.astro
14.05.55   └─ /คำนวณ-klc0459-roi-ธุรกิจ/index.html (+3ms)
14.05.55 ▶ src/pages/คำนวณ-klc0460-เงินเดือนพนักงาน/index.astro
14.05.55   └─ /คำนวณ-klc0460-เงินเดือนพนักงาน/index.html (+3ms)
14.05.55 ▶ src/pages/คำนวณ-klc0461-ค่าเช่าธุรกิจ/index.astro
14.05.55   └─ /คำนวณ-klc0461-ค่าเช่าธุรกิจ/index.html (+3ms)
14.05.55 ▶ src/pages/คำนวณ-klc0462-roi-โฆษณา/index.astro
14.05.55   └─ /คำนวณ-klc0462-roi-โฆษณา/index.html (+2ms)
14.05.55 ▶ src/pages/คำนวณ-klc0463-กระแสเงินสด/index.astro
14.05.55   └─ /คำนวณ-klc0463-กระแสเงินสด/index.html (+3ms)
14.05.55 ▶ src/pages/คำนวณ-klc0464-มูลค่าธุรกิจ/index.astro
14.05.55   └─ /คำนวณ-klc0464-มูลค่าธุรกิจ/index.html (+2ms)
14.05.55 ▶ src/pages/คำนวณ-klc0465-ค่าดำเนินงาน/index.astro
14.05.55   └─ /คำนวณ-klc0465-ค่าดำเนินงาน/index.html (+2ms)
14.05.55 ▶ src/pages/คำนวณ-klc0466-อัตราเติบโต/index.astro
14.05.55   └─ /คำนวณ-klc0466-อัตราเติบโต/index.html (+3ms)
14.05.55 ▶ src/pages/คำนวณ-klc0467-สินเชื่อธุรกิจ/index.astro
14.05.55   └─ /คำนวณ-klc0467-สินเชื่อธุรกิจ/index.html (+2ms)
14.05.55 ▶ src/pages/คำนวณ-klc0468-ค่าเสื่อมราคา/index.astro
14.05.55   └─ /คำนวณ-klc0468-ค่าเสื่อมราคา/index.html (+2ms)
14.05.55 ▶ src/pages/คำนวณ-klc0469-รายได้ประกอบการ/index.astro
14.05.55   └─ /คำนวณ-klc0469-รายได้ประกอบการ/index.html (+2ms)
14.05.55 ▶ src/pages/คำนวณ-klc0470-รายได้ขาย/index.astro
14.05.55   └─ /คำนวณ-klc0470-รายได้ขาย/index.html (+3ms)
14.05.55 ▶ src/pages/คำนวณ-klc0471-cogs/index.astro
14.05.55   └─ /คำนวณ-klc0471-cogs/index.html (+3ms)
14.05.55 ▶ src/pages/คำนวณ-klc0472-กำไรสุทธิ/index.astro
14.05.55   └─ /คำนวณ-klc0472-กำไรสุทธิ/index.html (+3ms)
14.05.55 ▶ src/pages/คำนวณ-klc0473-ค่าขนส่งธุรกิจ/index.astro
14.05.55   └─ /คำนวณ-klc0473-ค่าขนส่งธุรกิจ/index.html (+3ms)
14.05.55 ▶ src/pages/คำนวณ-klc0474-ต้นทุนแรงงาน/index.astro
14.05.55   └─ /คำนวณ-klc0474-ต้นทุนแรงงาน/index.html (+2ms)
14.05.55 ▶ src/pages/คำนวณ-klc0475-งบธุรกิจ/index.astro
14.05.55   └─ /คำนวณ-klc0475-งบธุรกิจ/index.html (+2ms)
14.05.55 ▶ src/pages/คำนวณ-klc0476-ต้นทุนข้าว/index.astro
14.05.55   └─ /คำนวณ-klc0476-ต้นทุนข้าว/index.html (+2ms)
14.05.55 ▶ src/pages/คำนวณ-klc0477-รายได้ผลผลิต/index.astro
14.05.55   └─ /คำนวณ-klc0477-รายได้ผลผลิต/index.html (+3ms)
14.05.55 ▶ src/pages/คำนวณ-klc0478-ค่าปุ๋ย/index.astro
14.05.55   └─ /คำนวณ-klc0478-ค่าปุ๋ย/index.html (+3ms)
14.05.55 ▶ src/pages/คำนวณ-klc0479-ค่ายาฆ่าแมลง/index.astro
14.05.55   └─ /คำนวณ-klc0479-ค่ายาฆ่าแมลง/index.html (+3ms)
14.05.55 ▶ src/pages/คำนวณ-klc0480-แรงงานเกษตร/index.astro
14.05.55   └─ /คำนวณ-klc0480-แรงงานเกษตร/index.html (+3ms)
14.05.55 ▶ src/pages/คำนวณ-klc0481-ค่าเช่าที่ดินเกษตร/index.astro
14.05.55   └─ /คำนวณ-klc0481-ค่าเช่าที่ดินเกษตร/index.html (+3ms)
14.05.55 ▶ src/pages/คำนวณ-klc0482-roi-เกษตร/index.astro
14.05.55   └─ /คำนวณ-klc0482-roi-เกษตร/index.html (+3ms)
14.05.55 ▶ src/pages/คำนวณ-klc0483-ต้นทุนปศุสัตว์/index.astro
14.05.55   └─ /คำนวณ-klc0483-ต้นทุนปศุสัตว์/index.html (+2ms)
14.05.55 ▶ src/pages/คำนวณ-klc0484-ค่าชลประทาน/index.astro
14.05.55   └─ /คำนวณ-klc0484-ค่าชลประทาน/index.html (+3ms)
14.05.55 ▶ src/pages/คำนวณ-klc0485-ต้นทุนประมง/index.astro
14.05.55   └─ /คำนวณ-klc0485-ต้นทุนประมง/index.html (+3ms)
14.05.55 ▶ src/pages/คำนวณ-klc0486-รายได้ยาง/index.astro
14.05.55   └─ /คำนวณ-klc0486-รายได้ยาง/index.html (+3ms)
14.05.55 ▶ src/pages/คำนวณ-klc0487-ผักสวนครัว/index.astro
14.05.55   └─ /คำนวณ-klc0487-ผักสวนครัว/index.html (+3ms)
14.05.55 ▶ src/pages/คำนวณ-klc0488-ค่าเมล็ดพันธุ์/index.astro
14.05.55   └─ /คำนวณ-klc0488-ค่าเมล็ดพันธุ์/index.html (+3ms)
14.05.55 ▶ src/pages/คำนวณ-klc0489-เครื่องจักรเกษตร/index.astro
14.05.55   └─ /คำนวณ-klc0489-เครื่องจักรเกษตร/index.html (+2ms)
14.05.55 ▶ src/pages/คำนวณ-klc0490-ขนส่งผลผลิต/index.astro
14.05.55   └─ /คำนวณ-klc0490-ขนส่งผลผลิต/index.html (+2ms)
14.05.55 ▶ src/pages/คำนวณ-klc0491-กำไรเกษตร/index.astro
14.05.55   └─ /คำนวณ-klc0491-กำไรเกษตร/index.html (+2ms)
14.05.55 ▶ src/pages/คำนวณ-klc0492-เลี้ยงหมู/index.astro
14.05.55   └─ /คำนวณ-klc0492-เลี้ยงหมู/index.html (+2ms)
14.05.55 ▶ src/pages/คำนวณ-klc0493-เลี้ยงไก่/index.astro
14.05.55   └─ /คำนวณ-klc0493-เลี้ยงไก่/index.html (+3ms)
14.05.55 ▶ src/pages/คำนวณ-klc0494-ปลูกอ้อย/index.astro
14.05.55   └─ /คำนวณ-klc0494-ปลูกอ้อย/index.html (+4ms)
14.05.55 ▶ src/pages/คำนวณ-klc0495-ปลูกมัน/index.astro
14.05.55   └─ /คำนวณ-klc0495-ปลูกมัน/index.html (+2ms)
14.05.55 ▶ src/pages/คำนวณ-klc0496-บำรุงเครื่องจักร/index.astro
14.05.55   └─ /คำนวณ-klc0496-บำรุงเครื่องจักร/index.html (+3ms)
14.05.55 ▶ src/pages/คำนวณ-klc0497-กู้ธกส/index.astro
14.05.55   └─ /คำนวณ-klc0497-กู้ธกส/index.html (+3ms)
14.05.55 ▶ src/pages/คำนวณ-klc0498-ประกันพืชผล/index.astro
14.05.55   └─ /คำนวณ-klc0498-ประกันพืชผล/index.html (+3ms)
14.05.55 ▶ src/pages/คำนวณ-klc0499-ปลูกยางพารา/index.astro
14.05.55   └─ /คำนวณ-klc0499-ปลูกยางพารา/index.html (+3ms)
14.05.55 ▶ src/pages/คำนวณ-klc0500-งบเกษตรปี/index.astro
14.05.55   └─ /คำนวณ-klc0500-งบเกษตรปี/index.html (+3ms)
14.05.55 ▶ src/pages/คำนวณ-klc0576-โซลาร์-roi/index.astro
14.05.55   └─ /คำนวณ-klc0576-โซลาร์-roi/index.html (+3ms)
14.05.55 ▶ src/pages/คำนวณ-klc0577-ค่าไฟฟ้า-mea/index.astro
14.05.55   └─ /คำนวณ-klc0577-ค่าไฟฟ้า-mea/index.html (+3ms)
14.05.55 ▶ src/pages/คำนวณ-klc0578-ค่าน้ำประปา/index.astro
14.05.55   └─ /คำนวณ-klc0578-ค่าน้ำประปา/index.html (+3ms)
14.05.55 ▶ src/pages/คำนวณ-klc0579-คาร์บอนฟุตพรินต์/index.astro
14.05.55   └─ /คำนวณ-klc0579-คาร์บอนฟุตพรินต์/index.html (+3ms)
14.05.55 ▶ src/pages/คำนวณ-klc0580-คุณภาพอากาศ/index.astro
14.05.55   └─ /คำนวณ-klc0580-คุณภาพอากาศ/index.html (+3ms)
14.05.55 ▶ src/pages/คำนวณ-klc0581-ไฟฟ้าประหยัด/index.astro
14.05.55   └─ /คำนวณ-klc0581-ไฟฟ้าประหยัด/index.html (+3ms)
14.05.56 ▶ src/pages/คำนวณ-klc0582-ประหยัดไฟ/index.astro
14.05.56   └─ /คำนวณ-klc0582-ประหยัดไฟ/index.html (+3ms)
14.05.56 ▶ src/pages/คำนวณ-klc0583-เก็บเกี่ยว/index.astro
14.05.56   └─ /คำนวณ-klc0583-เก็บเกี่ยว/index.html (+3ms)
14.05.56 ▶ src/pages/คำนวณ-klc0584-ระบายน้ำ/index.astro
14.05.56   └─ /คำนวณ-klc0584-ระบายน้ำ/index.html (+10ms)
14.05.56 ▶ src/pages/คำนวณ-klc0585-เสื่อมราคา/index.astro
14.05.56   └─ /คำนวณ-klc0585-เสื่อมราคา/index.html (+4ms)
14.05.56 ▶ src/pages/คำนวณ-klc0586-ท่อน้ำ/index.astro
14.05.56   └─ /คำนวณ-klc0586-ท่อน้ำ/index.html (+3ms)
14.05.56 ▶ src/pages/คำนวณ-klc0587-ปรับปรุง/index.astro
14.05.56   └─ /คำนวณ-klc0587-ปรับปรุง/index.html (+3ms)
14.05.56 ▶ src/pages/คำนวณ-klc0588-สัญญา/index.astro
14.05.56   └─ /คำนวณ-klc0588-สัญญา/index.html (+3ms)
14.05.56 ▶ src/pages/คำนวณ-klc0589-ธรรมเนียม/index.astro
14.05.56   └─ /คำนวณ-klc0589-ธรรมเนียม/index.html (+2ms)
14.05.56 ▶ src/pages/คำนวณ-klc0590-ประโยชน์/index.astro
14.05.56   └─ /คำนวณ-klc0590-ประโยชน์/index.html (+3ms)
14.05.56 ▶ src/pages/คำนวณ-klc0591-รักษา/index.astro
14.05.56   └─ /คำนวณ-klc0591-รักษา/index.html (+4ms)
14.05.56 ▶ src/pages/คำนวณ-klc0592-ซ่อม/index.astro
14.05.56   └─ /คำนวณ-klc0592-ซ่อม/index.html (+3ms)
14.05.56 ▶ src/pages/คำนวณ-klc0593-ลูกค้า/index.astro
14.05.56   └─ /คำนวณ-klc0593-ลูกค้า/index.html (+4ms)
14.05.56 ▶ src/pages/คำนวณ-klc0594-พัฒนา/index.astro
14.05.56   └─ /คำนวณ-klc0594-พัฒนา/index.html (+4ms)
14.05.56 ▶ src/pages/คำนวณ-klc0595-ปรึกษา/index.astro
14.05.56   └─ /คำนวณ-klc0595-ปรึกษา/index.html (+4ms)
14.05.56 ▶ src/pages/คำนวณ-klc0596-ฝึกอบรม/index.astro
14.05.56   └─ /คำนวณ-klc0596-ฝึกอบรม/index.html (+4ms)
14.05.56 ▶ src/pages/คำนวณ-klc0597-ใบอนุญาต/index.astro
14.05.56   └─ /คำนวณ-klc0597-ใบอนุญาต/index.html (+3ms)
14.05.56 ▶ src/pages/คำนวณ-klc0598-อื่นๆ/index.astro
14.05.56   └─ /คำนวณ-klc0598-อื่นๆ/index.html (+3ms)
14.05.56 ▶ src/pages/คำนวณ-klc0599-ลบเลื่อ/index.astro
14.05.56   └─ /คำนวณ-klc0599-ลบเลื่อ/index.html (+2ms)
14.05.56 ▶ src/pages/คำนวณ-klc0600-ทั่วไป/index.astro
14.05.56   └─ /คำนวณ-klc0600-ทั่วไป/index.html (+2ms)
14.05.56 ▶ src/pages/คำนวณ-klc0601-ค่าเลี้ยงเด็ก/index.astro
14.05.56   └─ /คำนวณ-klc0601-ค่าเลี้ยงเด็ก/index.html (+3ms)
14.05.56 ▶ src/pages/คำนวณ-klc0602-ค่าลาครอบครัว/index.astro
14.05.56   └─ /คำนวณ-klc0602-ค่าลาครอบครัว/index.html (+3ms)
14.05.56 ▶ src/pages/คำนวณ-klc0603-เบี้ยประกันเด็ก/index.astro
14.05.56   └─ /คำนวณ-klc0603-เบี้ยประกันเด็ก/index.html (+2ms)
14.05.56 ▶ src/pages/คำนวณ-klc0604-ค่าว่างแบบ/index.astro
14.05.56   └─ /คำนวณ-klc0604-ค่าว่างแบบ/index.html (+3ms)
14.05.56 ▶ src/pages/คำนวณ-klc0605-เบี้ยเด็กอุมเลี้ยง/index.astro
14.05.56   └─ /คำนวณ-klc0605-เบี้ยเด็กอุมเลี้ยง/index.html (+2ms)
14.05.56 ▶ src/pages/คำนวณ-klc0606-ค่าเลี้ยงผู้สูงอายุ/index.astro
14.05.56   └─ /คำนวณ-klc0606-ค่าเลี้ยงผู้สูงอายุ/index.html (+2ms)
14.05.56 ▶ src/pages/คำนวณ-klc0607-ค่าศึกษาเด็ก/index.astro
14.05.56   └─ /คำนวณ-klc0607-ค่าศึกษาเด็ก/index.html (+2ms)
14.05.56 ▶ src/pages/คำนวณ-klc0608-เบี้ยเฝ้าระวัง/index.astro
14.05.56   └─ /คำนวณ-klc0608-เบี้ยเฝ้าระวัง/index.html (+3ms)
14.05.56 ▶ src/pages/คำนวณ-klc0609-ค่าลี้ยงครอบครัว/index.astro
14.05.56   └─ /คำนวณ-klc0609-ค่าลี้ยงครอบครัว/index.html (+2ms)
14.05.56 ▶ src/pages/คำนวณ-klc0610-ค่ากัญชัน/index.astro
14.05.56   └─ /คำนวณ-klc0610-ค่ากัญชัน/index.html (+2ms)
14.05.56 ▶ src/pages/คำนวณ-klc0611-ค่าเข้มติดต่างชาติ/index.astro
14.05.56   └─ /คำนวณ-klc0611-ค่าเข้มติดต่างชาติ/index.html (+3ms)
14.05.56 ▶ src/pages/คำนวณ-klc0612-รายจ่ายเด็ก/index.astro
14.05.56   └─ /คำนวณ-klc0612-รายจ่ายเด็ก/index.html (+3ms)
14.05.56 ▶ src/pages/คำนวณ-klc0613-ค่าใบอนุญาตเด็ก/index.astro
14.05.56   └─ /คำนวณ-klc0613-ค่าใบอนุญาตเด็ก/index.html (+3ms)
14.05.56 ▶ src/pages/คำนวณ-klc0614-เงินรองสูติบัตร/index.astro
14.05.56   └─ /คำนวณ-klc0614-เงินรองสูติบัตร/index.html (+2ms)
14.05.56 ▶ src/pages/คำนวณ-klc0615-ค่าถุงทารก/index.astro
14.05.56   └─ /คำนวณ-klc0615-ค่าถุงทารก/index.html (+2ms)
14.05.56 ▶ src/pages/คำนวณ-makeup-kit-cost/index.astro
14.05.56   └─ /คำนวณ-makeup-kit-cost/index.html (+3ms)
14.05.56 ▶ src/pages/คำนวณ-MDR-ค่าธรรมเนียมร้านค้า/index.astro
14.05.56   └─ /คำนวณ-MDR-ค่าธรรมเนียมร้านค้า/index.html (+3ms)
14.05.56 ▶ src/pages/คำนวณ-nail-art-design-cost/index.astro
14.05.56   └─ /คำนวณ-nail-art-design-cost/index.html (+2ms)
14.05.56 ▶ src/pages/คำนวณ-nail-service-cost/index.astro
14.05.56   └─ /คำนวณ-nail-service-cost/index.html (+2ms)
14.05.56 ▶ src/pages/คำนวณ-net-worth-เป้าหมาย/index.astro
14.05.56   └─ /คำนวณ-net-worth-เป้าหมาย/index.html (+3ms)
14.05.56 ▶ src/pages/คำนวณ-npv-มูลค่าปัจจุบันสุทธิ/index.astro
14.05.56   └─ /คำนวณ-npv-มูลค่าปัจจุบันสุทธิ/index.html (+3ms)
14.05.56 ▶ src/pages/คำนวณ-p-value/index.astro
14.05.56   └─ /คำนวณ-p-value/index.html (+3ms)
14.05.56 ▶ src/pages/คำนวณ-payment-gateway/index.astro
14.05.56   └─ /คำนวณ-payment-gateway/index.html (+3ms)
14.05.56 ▶ src/pages/คำนวณ-POS-fee/index.astro
14.05.56   └─ /คำนวณ-POS-fee/index.html (+3ms)
14.05.56 ▶ src/pages/คำนวณ-professional-makeup-cost/index.astro
14.05.56   └─ /คำนวณ-professional-makeup-cost/index.html (+3ms)
14.05.56 ▶ src/pages/คำนวณ-QR-payment/index.astro
14.05.56   └─ /คำนวณ-QR-payment/index.html (+3ms)
14.05.56 ▶ src/pages/คำนวณ-roa-ผลตอบแทนสินทรัพย์/index.astro
14.05.56   └─ /คำนวณ-roa-ผลตอบแทนสินทรัพย์/index.html (+2ms)
14.05.56 ▶ src/pages/คำนวณ-roe-ผลตอบแทนผู้ถือหุ้น/index.astro
14.05.56   └─ /คำนวณ-roe-ผลตอบแทนผู้ถือหุ้น/index.html (+3ms)
14.05.56 ▶ src/pages/คำนวณ-roi-email-marketing/index.astro
14.05.56   └─ /คำนวณ-roi-email-marketing/index.html (+3ms)
14.05.56 ▶ src/pages/คำนวณ-roi-facebook-instagram/index.astro
14.05.56   └─ /คำนวณ-roi-facebook-instagram/index.html (+2ms)
14.05.56 ▶ src/pages/คำนวณ-roi-influencer-marketing/index.astro
14.05.56   └─ /คำนวณ-roi-influencer-marketing/index.html (+3ms)
14.05.56 ▶ src/pages/คำนวณ-roi-เช่า/index.astro
14.05.56   └─ /คำนวณ-roi-เช่า/index.html (+2ms)
14.05.56 ▶ src/pages/คำนวณ-roi-ติดตามรถด้วย-gps/index.astro
14.05.56   └─ /คำนวณ-roi-ติดตามรถด้วย-gps/index.html (+3ms)
14.05.56 ▶ src/pages/คำนวณ-roi-ถ่ายภาพ/index.astro
14.05.56   └─ /คำนวณ-roi-ถ่ายภาพ/index.html (+3ms)
14.05.56 ▶ src/pages/คำนวณ-roi-ปรับปรุงบ้าน/index.astro
14.05.56   └─ /คำนวณ-roi-ปรับปรุงบ้าน/index.html (+2ms)
14.05.56 ▶ src/pages/คำนวณ-roi-พลังงานหลอด-led/index.astro
14.05.56   └─ /คำนวณ-roi-พลังงานหลอด-led/index.html (+2ms)
14.05.56 ▶ src/pages/คำนวณ-roi-อัตโนมัติบ้าน/index.astro
14.05.56   └─ /คำนวณ-roi-อัตโนมัติบ้าน/index.html (+2ms)
14.05.56 ▶ src/pages/คำนวณ-salon-membership-roi/index.astro
14.05.56   └─ /คำนวณ-salon-membership-roi/index.html (+2ms)
14.05.56 ▶ src/pages/คำนวณ-shopee-lazada-seller-fee/index.astro
14.05.56   └─ /คำนวณ-shopee-lazada-seller-fee/index.html (+2ms)
14.05.56 ▶ src/pages/คำนวณ-sinking-fund/index.astro
14.05.56   └─ /คำนวณ-sinking-fund/index.html (+3ms)
14.05.56 ▶ src/pages/คำนวณ-sip-กองทุนรวม/index.astro
14.05.56   └─ /คำนวณ-sip-กองทุนรวม/index.html (+3ms)
14.05.56 ▶ src/pages/คำนวณ-skincare-routine-cost/index.astro
14.05.56   └─ /คำนวณ-skincare-routine-cost/index.html (+2ms)
14.05.56 ▶ src/pages/คำนวณ-spa-package-cost/index.astro
14.05.56   └─ /คำนวณ-spa-package-cost/index.html (+2ms)
14.05.56 ▶ src/pages/คำนวณ-spa-treatment-cost/index.astro
14.05.56   └─ /คำนวณ-spa-treatment-cost/index.html (+2ms)
14.05.56 ▶ src/pages/คำนวณ-suit-tailoring-cost/index.astro
14.05.56   └─ /คำนวณ-suit-tailoring-cost/index.html (+4ms)
14.05.56 ▶ src/pages/คำนวณ-thai-massage-cost/index.astro
14.05.56   └─ /คำนวณ-thai-massage-cost/index.html (+2ms)
14.05.56 ▶ src/pages/คำนวณ-vat-รายเดือน-sme/index.astro
14.05.56   └─ /คำนวณ-vat-รายเดือน-sme/index.html (+3ms)
14.05.56 ▶ src/pages/คำนวณ-vat-สำหรับธุรกิจ/index.astro
14.05.56   └─ /คำนวณ-vat-สำหรับธุรกิจ/index.html (+3ms)
14.05.56 ▶ src/pages/คำนวณ-vat-หลายรายการ/index.astro
14.05.56   └─ /คำนวณ-vat-หลายรายการ/index.html (+3ms)
14.05.56 ▶ src/pages/คำนวณ-wacc-ต้นทุนทุนถัวเฉลี่ย/index.astro
14.05.56   └─ /คำนวณ-wacc-ต้นทุนทุนถัวเฉลี่ย/index.html (+3ms)
14.05.56 ▶ src/pages/คำนวณ-wellness-membership-roi/index.astro
14.05.56   └─ /คำนวณ-wellness-membership-roi/index.html (+2ms)
14.05.56 ▶ src/pages/คำนวณ-wellness-retreat-cost/index.astro
14.05.56   └─ /คำนวณ-wellness-retreat-cost/index.html (+2ms)
14.05.56 ▶ src/pages/คำนวณ-wire-transfer/index.astro
14.05.56   └─ /คำนวณ-wire-transfer/index.html (+3ms)
14.05.56 ▶ src/pages/คำนวณ-การจัดสรรต้นทุนแรงงาน/index.astro
14.05.56   └─ /คำนวณ-การจัดสรรต้นทุนแรงงาน/index.html (+2ms)
14.05.56 ▶ src/pages/คำนวณ-การออมจากการซื้อเป็นจำนวนมาก/index.astro
14.05.56   └─ /คำนวณ-การออมจากการซื้อเป็นจำนวนมาก/index.html (+2ms)
14.05.56 ▶ src/pages/คำนวณ-กำไร-dropshipping/index.astro
14.05.56   └─ /คำนวณ-กำไร-dropshipping/index.html (+26ms)
14.05.56 ▶ src/pages/คำนวณ-ค่า-chatbot/index.astro
14.05.56   └─ /คำนวณ-ค่า-chatbot/index.html (+3ms)
14.05.56 ▶ src/pages/คำนวณ-ค่า-cloud-hosting/index.astro
14.05.56   └─ /คำนวณ-ค่า-cloud-hosting/index.html (+2ms)
14.05.56 ▶ src/pages/คำนวณ-ค่า-content-creation/index.astro
14.05.56   └─ /คำนวณ-ค่า-content-creation/index.html (+3ms)
14.05.56 ▶ src/pages/คำนวณ-ค่า-line-official-account/index.astro
14.05.56   └─ /คำนวณ-ค่า-line-official-account/index.html (+2ms)
14.05.56 ▶ src/pages/คำนวณ-ค่า-mobile-app/index.astro
14.05.56   └─ /คำนวณ-ค่า-mobile-app/index.html (+3ms)
14.05.56 ▶ src/pages/คำนวณ-ค่า-online-course/index.astro
14.05.56   └─ /คำนวณ-ค่า-online-course/index.html (+3ms)
14.05.56 ▶ src/pages/คำนวณ-ค่า-photography-video/index.astro
14.05.56   └─ /คำนวณ-ค่า-photography-video/index.html (+2ms)
14.05.56 ▶ src/pages/คำนวณ-ค่า-saas/index.astro
14.05.56   └─ /คำนวณ-ค่า-saas/index.html (+3ms)
14.05.56 ▶ src/pages/คำนวณ-ค่า-seo/index.astro
14.05.56   └─ /คำนวณ-ค่า-seo/index.html (+3ms)
14.05.56 ▶ src/pages/คำนวณ-ค่า-ssl-certificate/index.astro
14.05.56   └─ /คำนวณ-ค่า-ssl-certificate/index.html (+3ms)
14.05.56 ▶ src/pages/คำนวณ-ค่าขนส่งและจัดส่ง/index.astro
14.05.56   └─ /คำนวณ-ค่าขนส่งและจัดส่ง/index.html (+2ms)
14.05.56 ▶ src/pages/คำนวณ-ค่าของขวัญแต่งงาน/index.astro
14.05.56   └─ /คำนวณ-ค่าของขวัญแต่งงาน/index.html (+2ms)
14.05.56 ▶ src/pages/คำนวณ-ค่าเค้กแต่งงาน/index.astro
14.05.56   └─ /คำนวณ-ค่าเค้กแต่งงาน/index.html (+2ms)
14.05.56 ▶ src/pages/คำนวณ-ค่าเค้กและของหวาน/index.astro
14.05.56   └─ /คำนวณ-ค่าเค้กและของหวาน/index.html (+3ms)
14.05.56 ▶ src/pages/คำนวณ-ค่าเครื่องดื่มแต่งงาน/index.astro
14.05.56   └─ /คำนวณ-ค่าเครื่องดื่มแต่งงาน/index.html (+3ms)
14.05.56 ▶ src/pages/คำนวณ-ค่าเครื่องดื่มและบริการ/index.astro
14.05.56   └─ /คำนวณ-ค่าเครื่องดื่มและบริการ/index.html (+2ms)
14.05.56 ▶ src/pages/คำนวณ-ค่าเครื่องประดับแต่งงาน/index.astro
14.05.56   └─ /คำนวณ-ค่าเครื่องประดับแต่งงาน/index.html (+3ms)
14.05.56 ▶ src/pages/คำนวณ-ค่างบประมาณกิจกรรมบริษัท/index.astro
14.05.56   └─ /คำนวณ-ค่างบประมาณกิจกรรมบริษัท/index.html (+3ms)
14.05.56 ▶ src/pages/คำนวณ-ค่างบประมาณปาร์ตี้วันเกิด/index.astro
14.05.56   └─ /คำนวณ-ค่างบประมาณปาร์ตี้วันเกิด/index.html (+2ms)
14.05.56 ▶ src/pages/คำนวณ-ค่าจัดส่ง-shipping-cost/index.astro
14.05.56   └─ /คำนวณ-ค่าจัดส่ง-shipping-cost/index.html (+3ms)
14.05.56 ▶ src/pages/คำนวณ-ค่าจัดส่งต่อหน่วย/index.astro
14.05.56   └─ /คำนวณ-ค่าจัดส่งต่อหน่วย/index.html (+2ms)
14.05.56 ▶ src/pages/คำนวณ-ค่าฉลองครั้งสำคัญ/index.astro
14.05.56   └─ /คำนวณ-ค่าฉลองครั้งสำคัญ/index.html (+2ms)
14.05.56 ▶ src/pages/คำนวณ-ค่าเฉลิมวาระปีขวบ/index.astro
14.05.56   └─ /คำนวณ-ค่าเฉลิมวาระปีขวบ/index.html (+2ms)
14.05.56 ▶ src/pages/คำนวณ-ค่าชุดเจ้าบ่าวแต่งงาน/index.astro
14.05.56   └─ /คำนวณ-ค่าชุดเจ้าบ่าวแต่งงาน/index.html (+2ms)
14.05.56 ▶ src/pages/คำนวณ-ค่าชุดเจ้าสาวแต่งงาน/index.astro
14.05.56   └─ /คำนวณ-ค่าชุดเจ้าสาวแต่งงาน/index.html (+2ms)
14.05.56 ▶ src/pages/คำนวณ-ค่าชุดเพื่อนบ่าวแต่งงาน/index.astro
14.05.56   └─ /คำนวณ-ค่าชุดเพื่อนบ่าวแต่งงาน/index.html (+2ms)
14.05.56 ▶ src/pages/คำนวณ-ค่าชุดเพื่อนสาวแต่งงาน/index.astro
14.05.56   └─ /คำนวณ-ค่าชุดเพื่อนสาวแต่งงาน/index.html (+6ms)
14.05.56 ▶ src/pages/คำนวณ-ค่าเช่าเต๊นท์และหลังคา/index.astro
14.05.56   └─ /คำนวณ-ค่าเช่าเต๊นท์และหลังคา/index.html (+2ms)
14.05.56 ▶ src/pages/คำนวณ-ค่าเช่าสถานที่จัดงาน/index.astro
14.05.56   └─ /คำนวณ-ค่าเช่าสถานที่จัดงาน/index.html (+2ms)
14.05.56 ▶ src/pages/คำนวณ-ค่าเช่าสถานที่แต่งงาน/index.astro
14.05.56   └─ /คำนวณ-ค่าเช่าสถานที่แต่งงาน/index.html (+2ms)
14.05.56 ▶ src/pages/คำนวณ-ค่าเช่าอุปกรณ์ส่งมอบ/index.astro
14.05.56   └─ /คำนวณ-ค่าเช่าอุปกรณ์ส่งมอบ/index.html (+2ms)
14.05.56 ▶ src/pages/คำนวณ-ค่าเชิญแต่งงาน/index.astro
14.05.56   └─ /คำนวณ-ค่าเชิญแต่งงาน/index.html (+2ms)
14.05.56 ▶ src/pages/คำนวณ-ค่าซ่อมแซมจากหยุดทำงาน/index.astro
14.05.56   └─ /คำนวณ-ค่าซ่อมแซมจากหยุดทำงาน/index.html (+2ms)
14.05.56 ▶ src/pages/คำนวณ-ค่าดนตรีและความบันเทิง/index.astro
14.05.56   └─ /คำนวณ-ค่าดนตรีและความบันเทิง/index.html (+3ms)
14.05.56 ▶ src/pages/คำนวณ-ค่าดอกไม้ตกแต่ง/index.astro
14.05.56   └─ /คำนวณ-ค่าดอกไม้ตกแต่ง/index.html (+3ms)
14.05.56 ▶ src/pages/คำนวณ-ค่าดีเจแต่งงาน/index.astro
14.05.56   └─ /คำนวณ-ค่าดีเจแต่งงาน/index.html (+3ms)
14.05.56 ▶ src/pages/คำนวณ-ค่าตกแต่งแต่งงาน/index.astro
14.05.56   └─ /คำนวณ-ค่าตกแต่งแต่งงาน/index.html (+3ms)
14.05.56 ▶ src/pages/คำนวณ-ค่าต่อใบขับขี่/index.astro
14.05.56   └─ /คำนวณ-ค่าต่อใบขับขี่/index.html (+3ms)
14.05.56 ▶ src/pages/คำนวณ-ค่าเตรียมโต๊ะและบริการ/index.astro
14.05.56   └─ /คำนวณ-ค่าเตรียมโต๊ะและบริการ/index.html (+3ms)
14.05.56 ▶ src/pages/คำนวณ-ค่าเตรียมและการจัดเรียง/index.astro
14.05.56   └─ /คำนวณ-ค่าเตรียมและการจัดเรียง/index.html (+3ms)
14.05.56 ▶ src/pages/คำนวณ-ค่าแต่งหน้าผม/index.astro
14.05.56   └─ /คำนวณ-ค่าแต่งหน้าผม/index.html (+2ms)
14.05.56 ▶ src/pages/คำนวณ-ค่าโต๊ะผ้าแต่งงาน/index.astro
14.05.56   └─ /คำนวณ-ค่าโต๊ะผ้าแต่งงาน/index.html (+3ms)
14.05.56 ▶ src/pages/คำนวณ-ค่าถ่ายภาพและวิดีโอ/index.astro
14.05.56   └─ /คำนวณ-ค่าถ่ายภาพและวิดีโอ/index.html (+3ms)
14.05.56 ▶ src/pages/คำนวณ-ค่าถ่ายรูปแต่งงาน/index.astro
14.05.56   └─ /คำนวณ-ค่าถ่ายรูปแต่งงาน/index.html (+2ms)
14.05.56 ▶ src/pages/คำนวณ-ค่าธรรมเนียม-affiliate/index.astro
14.05.56   └─ /คำนวณ-ค่าธรรมเนียม-affiliate/index.html (+2ms)
14.05.56 ▶ src/pages/คำนวณ-ค่าธรรมเนียม-payment-gateway/index.astro
14.05.56   └─ /คำนวณ-ค่าธรรมเนียม-payment-gateway/index.html (+3ms)
14.05.56 ▶ src/pages/คำนวณ-ค่าธรรมเนียม-tiktok-shop/index.astro
14.05.56   └─ /คำนวณ-ค่าธรรมเนียม-tiktok-shop/index.html (+2ms)
14.05.56 ▶ src/pages/คำนวณ-ค่าบริการจัดงาน/index.astro
14.05.56   └─ /คำนวณ-ค่าบริการจัดงาน/index.html (+2ms)
14.05.56 ▶ src/pages/คำนวณ-ค่าประกันการจัดงาน/index.astro
14.05.56   └─ /คำนวณ-ค่าประกันการจัดงาน/index.html (+2ms)
14.05.56 ▶ src/pages/คำนวณ-ค่าประดับตรงกลางโต๊ะ/index.astro
14.05.56   └─ /คำนวณ-ค่าประดับตรงกลางโต๊ะ/index.html (+3ms)
14.05.56 ▶ src/pages/คำนวณ-ค่าผู้ประสานงาน/index.astro
14.05.56   └─ /คำนวณ-ค่าผู้ประสานงาน/index.html (+3ms)
14.05.56 ▶ src/pages/คำนวณ-ค่าพาสปอร์ต/index.astro
14.05.56   └─ /คำนวณ-ค่าพาสปอร์ต/index.html (+3ms)
14.05.56 ▶ src/pages/คำนวณ-ค่าเมนูอาหารรวม/index.astro
14.05.56   └─ /คำนวณ-ค่าเมนูอาหารรวม/index.html (+2ms)
14.05.56 ▶ src/pages/คำนวณ-ค่าลงทะเบียนโดเมน/index.astro
14.05.56   └─ /คำนวณ-ค่าลงทะเบียนโดเมน/index.html (+2ms)
14.05.56 ▶ src/pages/คำนวณ-ค่าเลี้ยงต่อคนแต่งงาน/index.astro
14.05.56   └─ /คำนวณ-ค่าเลี้ยงต่อคนแต่งงาน/index.html (+3ms)
14.05.56 ▶ src/pages/คำนวณ-ค่าเลี้ยงแต่งงาน/index.astro
14.05.56   └─ /คำนวณ-ค่าเลี้ยงแต่งงาน/index.html (+3ms)
14.05.56 ▶ src/pages/คำนวณ-ค่าเสียงและแสง/index.astro
14.05.56   └─ /คำนวณ-ค่าเสียงและแสง/index.html (+2ms)
14.05.56 ▶ src/pages/คำนวณ-ค่าเหมาจัดงาน/index.astro
14.05.56   └─ /คำนวณ-ค่าเหมาจัดงาน/index.html (+3ms)
14.05.56 ▶ src/pages/คำนวณ-ค่าให้เช่าระบบแสงสว่าง/index.astro
14.05.56   └─ /คำนวณ-ค่าให้เช่าระบบแสงสว่าง/index.html (+2ms)
14.05.56 ▶ src/pages/คำนวณ-ค่าออกแบบการ์ด/index.astro
14.05.56   └─ /คำนวณ-ค่าออกแบบการ์ด/index.html (+2ms)
14.05.56 ▶ src/pages/คำนวณ-ค่าโอนที่ดิน/index.astro
14.05.56   └─ /คำนวณ-ค่าโอนที่ดิน/index.html (+3ms)
14.05.56 ▶ src/pages/คำนวณ-งบประมาณ-google-ads/index.astro
14.05.56   └─ /คำนวณ-งบประมาณ-google-ads/index.html (+3ms)
14.05.56 ▶ src/pages/คำนวณ-งบประมาณ-แต่งงาน/index.astro
14.05.56   └─ /คำนวณ-งบประมาณ-แต่งงาน/index.html (+4ms)
14.05.56 ▶ src/pages/คำนวณ-งบประมาณแขกและอาหาร/index.astro
14.05.56   └─ /คำนวณ-งบประมาณแขกและอาหาร/index.html (+2ms)
14.05.56 ▶ src/pages/คำนวณ-งบประมาณงานรวมทั้งสิ้น/index.astro
14.05.56   └─ /คำนวณ-งบประมาณงานรวมทั้งสิ้น/index.html (+2ms)
14.05.56 ▶ src/pages/คำนวณ-งบประมาณตกแต่งงาน/index.astro
14.05.56   └─ /คำนวณ-งบประมาณตกแต่งงาน/index.html (+2ms)
14.05.56 ▶ src/pages/คำนวณ-งบประมาณปาร์ตี้-เลี้ยง/index.astro
14.05.56   └─ /คำนวณ-งบประมาณปาร์ตี้-เลี้ยง/index.html (+2ms)
14.05.56 ▶ src/pages/คำนวณ-เงินกู้เกษตร/index.astro
14.05.56   └─ /คำนวณ-เงินกู้เกษตร/index.html (+2ms)
14.05.56 ▶ src/pages/คำนวณ-จุดคุ้มทุน-break-even/index.astro
14.05.56   └─ /คำนวณ-จุดคุ้มทุน-break-even/index.html (+3ms)
14.05.56 ▶ src/pages/คำนวณ-ดอกเบี้ยทบต้น/index.astro
14.05.56   └─ /คำนวณ-ดอกเบี้ยทบต้น/index.html (+3ms)
14.05.56 ▶ src/pages/คำนวณ-ต้นทุน-เครื่องประดับ/index.astro
14.05.56   └─ /คำนวณ-ต้นทุน-เครื่องประดับ/index.html (+2ms)
14.05.56 ▶ src/pages/คำนวณ-ต้นทุน-โครงการงานไม้/index.astro
14.05.56   └─ /คำนวณ-ต้นทุน-โครงการงานไม้/index.html (+3ms)
14.05.56 ▶ src/pages/คำนวณ-ต้นทุน-ผ้าและอุปกรณ์เย็บ/index.astro
14.05.56   └─ /คำนวณ-ต้นทุน-ผ้าและอุปกรณ์เย็บ/index.html (+3ms)
14.05.56 ▶ src/pages/คำนวณ-ต้นทุน-สีและอุปกรณ์จิตรกรรม/index.astro
14.05.56   └─ /คำนวณ-ต้นทุน-สีและอุปกรณ์จิตรกรรม/index.html (+3ms)
14.05.56 ▶ src/pages/คำนวณ-ต้นทุน-หนังสือและด้ายไหมพรม/index.astro
14.05.56   └─ /คำนวณ-ต้นทุน-หนังสือและด้ายไหมพรม/index.html (+3ms)
14.05.56 ▶ src/pages/คำนวณ-ต้นทุนการทดสอบสินค้า/index.astro
14.05.56   └─ /คำนวณ-ต้นทุนการทดสอบสินค้า/index.html (+3ms)
14.05.56 ▶ src/pages/คำนวณ-ต้นทุนการปรับเวลาทำงาน/index.astro
14.05.56   └─ /คำนวณ-ต้นทุนการปรับเวลาทำงาน/index.html (+3ms)
14.05.56 ▶ src/pages/คำนวณ-ต้นทุนการปลูกข้าว/index.astro
14.05.56   └─ /คำนวณ-ต้นทุนการปลูกข้าว/index.html (+3ms)
14.05.56 ▶ src/pages/คำนวณ-ต้นทุนเก็บเกี่ยวข้าว/index.astro
14.05.56   └─ /คำนวณ-ต้นทุนเก็บเกี่ยวข้าว/index.html (+3ms)
14.05.56 ▶ src/pages/คำนวณ-ต้นทุนเก็บสินค้า/index.astro
14.05.56   └─ /คำนวณ-ต้นทุนเก็บสินค้า/index.html (+3ms)
14.05.56 ▶ src/pages/คำนวณ-ต้นทุนจากสินค้าชำรุด/index.astro
14.05.56   └─ /คำนวณ-ต้นทุนจากสินค้าชำรุด/index.html (+3ms)
14.05.56 ▶ src/pages/คำนวณ-ต้นทุนชลประทาน/index.astro
14.05.56   └─ /คำนวณ-ต้นทุนชลประทาน/index.html (+3ms)
14.05.56 ▶ src/pages/คำนวณ-ต้นทุนบุหรี่/index.astro
14.05.56   └─ /คำนวณ-ต้นทุนบุหรี่/index.html (+2ms)
14.05.56 ▶ src/pages/คำนวณ-ต้นทุนแรงงาน/index.astro
14.05.56   └─ /คำนวณ-ต้นทุนแรงงาน/index.html (+3ms)
14.05.56 ▶ src/pages/คำนวณ-ต้นทุนอาหารสัตว์/index.astro
14.05.56   └─ /คำนวณ-ต้นทุนอาหารสัตว์/index.html (+2ms)
14.05.56 ▶ src/pages/คำนวณ-ต้นทุนอุปกรณ์เกษตร/index.astro
14.05.56   └─ /คำนวณ-ต้นทุนอุปกรณ์เกษตร/index.html (+3ms)
14.05.56 ▶ src/pages/คำนวณ-เบี้ยประกันพืชผล/index.astro
14.05.56   └─ /คำนวณ-เบี้ยประกันพืชผล/index.html (+2ms)
14.05.56 ▶ src/pages/คำนวณ-เปรียบเทียบค่าโฮสติ้ง/index.astro
14.05.56   └─ /คำนวณ-เปรียบเทียบค่าโฮสติ้ง/index.html (+3ms)
14.05.56 ▶ src/pages/คำนวณ-เปรียบเทียบต้นทุนจากผู้จัดจำหน่าย/index.astro
14.05.56   └─ /คำนวณ-เปรียบเทียบต้นทุนจากผู้จัดจำหน่าย/index.html (+3ms)
14.05.56 ▶ src/pages/คำนวณ-ผลกระทบของระยะเวลาส่งมอบต่อการจัดการเงิน/index.astro
14.05.56   └─ /คำนวณ-ผลกระทบของระยะเวลาส่งมอบต่อการจัดการเงิน/index.html (+3ms)
14.05.56 ▶ src/pages/คำนวณ-ผลตอบแทนสวนยางพารา/index.astro
14.05.56   └─ /คำนวณ-ผลตอบแทนสวนยางพารา/index.html (+3ms)
14.05.56 ▶ src/pages/คำนวณ-ผลผลิตรายได้สวน/index.astro
14.05.56   └─ /คำนวณ-ผลผลิตรายได้สวน/index.html (+3ms)
14.05.56 ▶ src/pages/คำนวณ-พรบ-รถยนต์/index.astro
14.05.56   └─ /คำนวณ-พรบ-รถยนต์/index.html (+3ms)
14.05.56 ▶ src/pages/คำนวณ-มูลค่าปัจจุบัน-present-value/index.astro
14.05.56   └─ /คำนวณ-มูลค่าปัจจุบัน-present-value/index.html (+3ms)
14.05.56 ▶ src/pages/คำนวณ-มูลค่าอนาคต-future-value/index.astro
14.05.56   └─ /คำนวณ-มูลค่าอนาคต-future-value/index.html (+3ms)
14.05.56 ▶ src/pages/คำนวณ-เมนูเครื่องดื่มและค่าใช้จ่าย/index.astro
14.05.56   └─ /คำนวณ-เมนูเครื่องดื่มและค่าใช้จ่าย/index.html (+2ms)
14.05.56 ▶ src/pages/คำนวณ-ราคา-สินค้าดิจิทัล/index.astro
14.05.56   └─ /คำนวณ-ราคา-สินค้าดิจิทัล/index.html (+3ms)
14.05.56 ▶ src/pages/คำนวณ-ราคาสินค้า-platform-fee/index.astro
14.05.56   └─ /คำนวณ-ราคาสินค้า-platform-fee/index.html (+3ms)
14.05.56 ▶ src/pages/คำนวณ-รายได้-subscription/index.astro
14.05.56   └─ /คำนวณ-รายได้-subscription/index.html (+3ms)
14.05.56 ▶ src/pages/คำนวณ-ส่วนต่างกำไรจากการจัดงาน/index.astro
14.05.56   └─ /คำนวณ-ส่วนต่างกำไรจากการจัดงาน/index.html (+2ms)
14.05.56 ▶ src/pages/คำนวณ-สำรองค่าประกันสินค้า/index.astro
14.05.56   └─ /คำนวณ-สำรองค่าประกันสินค้า/index.html (+3ms)
14.05.56 ▶ src/pages/คำนวณกฎ-72/index.astro
14.05.56   └─ /คำนวณกฎ-72/index.html (+3ms)
14.05.56 ▶ src/pages/คำนวณกระแสเงินสดตามบิล/index.astro
14.05.56   └─ /คำนวณกระแสเงินสดตามบิล/index.html (+3ms)
14.05.56 ▶ src/pages/คำนวณกองทุนฉุกเฉิน-เติบโต/index.astro
14.05.56   └─ /คำนวณกองทุนฉุกเฉิน-เติบโต/index.html (+4ms)
14.05.56 ▶ src/pages/คำนวณกองทุนมหาวิทยาลัยบุตร/index.astro
14.05.56   └─ /คำนวณกองทุนมหาวิทยาลัยบุตร/index.html (+3ms)
14.05.56 ▶ src/pages/คำนวณการจัดสรรตามความเสี่ยง/index.astro
14.05.56   └─ /คำนวณการจัดสรรตามความเสี่ยง/index.html (+3ms)
14.05.56 ▶ src/pages/คำนวณการจัดสรรพอร์ตลงทุน/index.astro
14.05.56   └─ /คำนวณการจัดสรรพอร์ตลงทุน/index.html (+3ms)
14.05.56 ▶ src/pages/คำนวณการชำระเงินค่าเสียหายอุบัติเหตุ/index.astro
14.05.56   └─ /คำนวณการชำระเงินค่าเสียหายอุบัติเหตุ/index.html (+2ms)
14.05.56 ▶ src/pages/คำนวณการเติบโต-index-fund/index.astro
14.05.56   └─ /คำนวณการเติบโต-index-fund/index.html (+3ms)
14.05.56 ▶ src/pages/คำนวณการเติบโตกองทุนฉุกเฉิน/index.astro
14.05.56   └─ /คำนวณการเติบโตกองทุนฉุกเฉิน/index.html (+3ms)
14.05.56 ▶ src/pages/คำนวณการเติบโตของการลงทุน/index.astro
14.05.56   └─ /คำนวณการเติบโตของการลงทุน/index.html (+3ms)
14.05.56 ▶ src/pages/คำนวณการนำปันผลไปลงทุนต่อ/index.astro
14.05.56   └─ /คำนวณการนำปันผลไปลงทุนต่อ/index.html (+3ms)
14.05.56 ▶ src/pages/คำนวณการเพิ่มมูลค่าคอนโด/index.astro
14.05.56   └─ /คำนวณการเพิ่มมูลค่าคอนโด/index.html (+3ms)
14.05.56 ▶ src/pages/คำนวณการเพิ่มมูลค่าที่ดิน/index.astro
14.05.56   └─ /คำนวณการเพิ่มมูลค่าที่ดิน/index.html (+3ms)
14.05.56 ▶ src/pages/คำนวณการหักลดหย่อนจำนวนกิโล/index.astro
14.05.56   └─ /คำนวณการหักลดหย่อนจำนวนกิโล/index.html (+2ms)
14.05.56 ▶ src/pages/คำนวณกำจัดหนี้-avalanche/index.astro
14.05.56   └─ /คำนวณกำจัดหนี้-avalanche/index.html (+3ms)
14.05.56 ▶ src/pages/คำนวณกำจัดหนี้-snowball/index.astro
14.05.56   └─ /คำนวณกำจัดหนี้-snowball/index.html (+3ms)
14.05.56 ▶ src/pages/คำนวณกำไรขาดทุน/index.astro
14.05.56   └─ /คำนวณกำไรขาดทุน/index.html (+4ms)
14.05.56 ▶ src/pages/คำนวณกำไรขาดทุนโอนที่ดิน/index.astro
14.05.56   └─ /คำนวณกำไรขาดทุนโอนที่ดิน/index.html (+3ms)
14.05.56 ▶ src/pages/คำนวณกำไรซื้อขายที่ดิน/index.astro
14.05.56   └─ /คำนวณกำไรซื้อขายที่ดิน/index.html (+3ms)
14.05.56 ▶ src/pages/คำนวณกำไรทุน/index.astro
14.05.56   └─ /คำนวณกำไรทุน/index.html (+7ms)
14.05.57 ▶ src/pages/คำนวณเกรด/index.astro
14.05.57   └─ /คำนวณเกรด/index.html (+3ms)
14.05.57 ▶ src/pages/คำนวณขนาดเครื่องปั่นไฟสำรอง/index.astro
14.05.57   └─ /คำนวณขนาดเครื่องปั่นไฟสำรอง/index.html (+2ms)
14.05.57 ▶ src/pages/คำนวณข้อพิจารณา-exchange-ที่ดิน/index.astro
14.05.57   └─ /คำนวณข้อพิจารณา-exchange-ที่ดิน/index.html (+2ms)
14.05.57 ▶ src/pages/คำนวณขึ้นเงินเดือน/index.astro
14.05.57   └─ /คำนวณขึ้นเงินเดือน/index.html (+3ms)
14.05.57 ▶ src/pages/คำนวณความจุเครื่องทำน้ำอุ่น/index.astro
14.05.57   └─ /คำนวณความจุเครื่องทำน้ำอุ่น/index.html (+2ms)
14.05.57 ▶ src/pages/คำนวณความชัน/index.astro
14.05.57   └─ /คำนวณความชัน/index.html (+2ms)
14.05.57 ▶ src/pages/คำนวณความสามารถจ้างพนักงานใหม่/index.astro
14.05.57   └─ /คำนวณความสามารถจ้างพนักงานใหม่/index.html (+3ms)
14.05.57 ▶ src/pages/คำนวณความสามารถซื้อบ้านครั้งแรก/index.astro
14.05.57   └─ /คำนวณความสามารถซื้อบ้านครั้งแรก/index.html (+2ms)
14.05.57 ▶ src/pages/คำนวณความสามารถในการซื้อประกัน/index.astro
14.05.57   └─ /คำนวณความสามารถในการซื้อประกัน/index.html (+2ms)
14.05.57 ▶ src/pages/คำนวณความสิ้นเปลืองน้ำ/index.astro
14.05.57   └─ /คำนวณความสิ้นเปลืองน้ำ/index.html (+3ms)
14.05.57 ▶ src/pages/คำนวณความสิ้นเปลืองไฟฟ้า/index.astro
14.05.57   └─ /คำนวณความสิ้นเปลืองไฟฟ้า/index.html (+2ms)
14.05.57 ▶ src/pages/คำนวณค่า-r-ของฉนวน/index.astro
14.05.57   └─ /คำนวณค่า-r-ของฉนวน/index.html (+3ms)
14.05.57 ▶ src/pages/คำนวณค่าแก๊ส/index.astro
14.05.57   └─ /คำนวณค่าแก๊ส/index.html (+3ms)
14.05.57 ▶ src/pages/คำนวณค่าขนส่งสินค้า/index.astro
14.05.57   └─ /คำนวณค่าขนส่งสินค้า/index.html (+3ms)
14.05.57 ▶ src/pages/คำนวณค่าครองชีพเทียบเมือง/index.astro
14.05.57   └─ /คำนวณค่าครองชีพเทียบเมือง/index.html (+3ms)
14.05.57 ▶ src/pages/คำนวณค่าคอนโด/index.astro
14.05.57   └─ /คำนวณค่าคอนโด/index.html (+3ms)
14.05.57 ▶ src/pages/คำนวณค่าคอมมิชชั่น/index.astro
14.05.57   └─ /คำนวณค่าคอมมิชชั่น/index.html (+3ms)
14.05.57 ▶ src/pages/คำนวณค่าโฆษณา/index.astro
14.05.57   └─ /คำนวณค่าโฆษณา/index.html (+2ms)
14.05.57 ▶ src/pages/คำนวณค้างจ่ายเงินเดือน/index.astro
14.05.57   └─ /คำนวณค้างจ่ายเงินเดือน/index.html (+3ms)
14.05.57 ▶ src/pages/คำนวณค่างวดบัตรเครดิต/index.astro
14.05.57   └─ /คำนวณค่างวดบัตรเครดิต/index.html (+2ms)
14.05.57 ▶ src/pages/คำนวณค่างวดสินเชื่อรถ/index.astro
14.05.57   └─ /คำนวณค่างวดสินเชื่อรถ/index.html (+3ms)
14.05.57 ▶ src/pages/คำนวณค่าจดทะเบียนธุรกิจ/index.astro
14.05.57   └─ /คำนวณค่าจดทะเบียนธุรกิจ/index.html (+3ms)
14.05.57 ▶ src/pages/คำนวณค่าจดทะเบียนบริษัท/index.astro
14.05.57   └─ /คำนวณค่าจดทะเบียนบริษัท/index.html (+2ms)
14.05.57 ▶ src/pages/คำนวณค่าจัดงานศพ/index.astro
14.05.57   └─ /คำนวณค่าจัดงานศพ/index.html (+3ms)
14.05.57 ▶ src/pages/คำนวณค่าจ้างพนักงาน/index.astro
14.05.57   └─ /คำนวณค่าจ้างพนักงาน/index.html (+6ms)
14.05.57 ▶ src/pages/คำนวณค่าจ้างแม่บ้าน/index.astro
14.05.57   └─ /คำนวณค่าจ้างแม่บ้าน/index.html (+3ms)
14.05.57 ▶ src/pages/คำนวณค่าจ้างรายชั่วโมง/index.astro
14.05.57   └─ /คำนวณค่าจ้างรายชั่วโมง/index.html (+3ms)
14.05.57 ▶ src/pages/คำนวณค่าจ้างรายวัน/index.astro
14.05.57   └─ /คำนวณค่าจ้างรายวัน/index.html (+4ms)
14.05.57 ▶ src/pages/คำนวณค่าจ้างรายวันเป็นรายเดือน/index.astro
14.05.57   └─ /คำนวณค่าจ้างรายวันเป็นรายเดือน/index.html (+3ms)
14.05.57 ▶ src/pages/คำนวณค่าจ้างแรงงานก่อสร้าง/index.astro
14.05.57   └─ /คำนวณค่าจ้างแรงงานก่อสร้าง/index.html (+3ms)
14.05.57 ▶ src/pages/คำนวณค่าจ้างลาคลอด/index.astro
14.05.57   └─ /คำนวณค่าจ้างลาคลอด/index.html (+3ms)
14.05.57 ▶ src/pages/คำนวณค่าจ้างลาคลอดบิดา/index.astro
14.05.57   └─ /คำนวณค่าจ้างลาคลอดบิดา/index.html (+2ms)
14.05.57 ▶ src/pages/คำนวณค่าจ้างลาป่วย/index.astro
14.05.57   └─ /คำนวณค่าจ้างลาป่วย/index.html (+3ms)
14.05.57 ▶ src/pages/คำนวณค่าจ้างวันหยุด/index.astro
14.05.57   └─ /คำนวณค่าจ้างวันหยุด/index.html (+3ms)
14.05.57 ▶ src/pages/คำนวณค่าชดเชย/index.astro
14.05.57   └─ /คำนวณค่าชดเชย/index.html (+3ms)
14.05.57 ▶ src/pages/คำนวณค่าเช่าคอนโด/index.astro
14.05.57   └─ /คำนวณค่าเช่าคอนโด/index.html (+2ms)
14.05.57 ▶ src/pages/คำนวณค่าเช่ารถ/index.astro
14.05.57   └─ /คำนวณค่าเช่ารถ/index.html (+2ms)
14.05.57 ▶ src/pages/คำนวณค่าเช่าร้าน/index.astro
14.05.57   └─ /คำนวณค่าเช่าร้าน/index.html (+3ms)
14.05.57 ▶ src/pages/คำนวณค่าใช้จ่ายต่อวัน/index.astro
14.05.57   └─ /คำนวณค่าใช้จ่ายต่อวัน/index.html (+3ms)
14.05.57 ▶ src/pages/คำนวณค่าใช้จ่ายบัตรเดบิตต่างประเทศ/index.astro
14.05.57   └─ /คำนวณค่าใช้จ่ายบัตรเดบิตต่างประเทศ/index.html (+3ms)
14.05.57 ▶ src/pages/คำนวณค่าใช้จ่ายร่วม/index.astro
14.05.57   └─ /คำนวณค่าใช้จ่ายร่วม/index.html (+3ms)
14.05.57 ▶ src/pages/คำนวณค่าซ่อมรถ/index.astro
14.05.57   └─ /คำนวณค่าซ่อมรถ/index.html (+3ms)
14.05.57 ▶ src/pages/คำนวณค่าเดินทาง/index.astro
14.05.57   └─ /คำนวณค่าเดินทาง/index.html (+3ms)
14.05.57 ▶ src/pages/คำนวณค่าโดยสารรถโดยสาร/index.astro
14.05.57   └─ /คำนวณค่าโดยสารรถโดยสาร/index.html (+2ms)
14.05.57 ▶ src/pages/คำนวณค่าตกแต่งบ้าน/index.astro
14.05.57   └─ /คำนวณค่าตกแต่งบ้าน/index.html (+3ms)
14.05.57 ▶ src/pages/คำนวณค่าต่อทะเบียนรถ/index.astro
14.05.57   └─ /คำนวณค่าต่อทะเบียนรถ/index.html (+2ms)
14.05.57 ▶ src/pages/คำนวณค่าตั๋วเครื่องบิน/index.astro
14.05.57   └─ /คำนวณค่าตั๋วเครื่องบิน/index.html (+2ms)
14.05.57 ▶ src/pages/คำนวณค่าแต่งหน้า/index.astro
14.05.57   └─ /คำนวณค่าแต่งหน้า/index.html (+2ms)
14.05.57 ▶ src/pages/คำนวณค่าทองคำ/index.astro
14.05.57   └─ /คำนวณค่าทองคำ/index.html (+3ms)
14.05.57 ▶ src/pages/คำนวณค่าทางด่วน/index.astro
14.05.57   └─ /คำนวณค่าทางด่วน/index.html (+2ms)
14.05.57 ▶ src/pages/คำนวณค่าทำพาสปอร์ต/index.astro
14.05.57   └─ /คำนวณค่าทำพาสปอร์ต/index.html (+3ms)
14.05.57 ▶ src/pages/คำนวณค่าทิป/index.astro
14.05.57   └─ /คำนวณค่าทิป/index.html (+2ms)
14.05.57 ▶ src/pages/คำนวณค่าโทรศัพท์/index.astro
14.05.57   └─ /คำนวณค่าโทรศัพท์/index.html (+3ms)
14.05.57 ▶ src/pages/คำนวณค่าธรรมเนียมBAHTNET/index.astro
14.05.57   └─ /คำนวณค่าธรรมเนียมBAHTNET/index.html (+2ms)
14.05.57 ▶ src/pages/คำนวณค่าธรรมเนียมเช็คคืน/index.astro
14.05.57   └─ /คำนวณค่าธรรมเนียมเช็คคืน/index.html (+2ms)
14.05.57 ▶ src/pages/คำนวณค่าธรรมเนียมเช็คธนาคาร/index.astro
14.05.57   └─ /คำนวณค่าธรรมเนียมเช็คธนาคาร/index.html (+3ms)
14.05.57 ▶ src/pages/คำนวณค่าธรรมเนียมถอนATM/index.astro
14.05.57   └─ /คำนวณค่าธรรมเนียมถอนATM/index.html (+2ms)
14.05.57 ▶ src/pages/คำนวณค่าธรรมเนียมผ่อนชำระร้านค้า/index.astro
14.05.57   └─ /คำนวณค่าธรรมเนียมผ่อนชำระร้านค้า/index.html (+3ms)
14.05.57 ▶ src/pages/คำนวณค่าธรรมเนียมฝากเงินสด/index.astro
14.05.57   └─ /คำนวณค่าธรรมเนียมฝากเงินสด/index.html (+3ms)
14.05.57 ▶ src/pages/คำนวณค่าธรรมเนียมพร้อมเพย์/index.astro
14.05.57   └─ /คำนวณค่าธรรมเนียมพร้อมเพย์/index.html (+3ms)
14.05.57 ▶ src/pages/คำนวณค่าธรรมเนียมศาล/index.astro
14.05.57   └─ /คำนวณค่าธรรมเนียมศาล/index.html (+3ms)
14.05.57 ▶ src/pages/คำนวณค่าธรรมเนียมโอนเงิน/index.astro
14.05.57   └─ /คำนวณค่าธรรมเนียมโอนเงิน/index.html (+4ms)
14.05.57 ▶ src/pages/คำนวณค่าธรรมเนียมโอนต่างประเทศ/index.astro
14.05.57   └─ /คำนวณค่าธรรมเนียมโอนต่างประเทศ/index.html (+2ms)
14.05.57 ▶ src/pages/คำนวณค่าธรรมเนียมโอนที่ดิน/index.astro
14.05.57   └─ /คำนวณค่าธรรมเนียมโอนที่ดิน/index.html (+2ms)
14.05.57 ▶ src/pages/คำนวณค่าธรรมเนียมโอนบ้าน/index.astro
14.05.57   └─ /คำนวณค่าธรรมเนียมโอนบ้าน/index.html (+3ms)
14.05.57 ▶ src/pages/คำนวณค่าน้ำ/index.astro
14.05.57   └─ /คำนวณค่าน้ำ/index.html (+2ms)
14.05.57 ▶ src/pages/คำนวณค่าบริหารจัดการอสังหาฯ/index.astro
14.05.57   └─ /คำนวณค่าบริหารจัดการอสังหาฯ/index.html (+2ms)
14.05.57 ▶ src/pages/คำนวณค่าประกันรถยนต์/index.astro
14.05.57   └─ /คำนวณค่าประกันรถยนต์/index.html (+3ms)
14.05.57 ▶ src/pages/คำนวณค่าปรับเงินขั้นต่ำ/index.astro
14.05.57   └─ /คำนวณค่าปรับเงินขั้นต่ำ/index.html (+3ms)
14.05.57 ▶ src/pages/คำนวณค่าปรับจราจร/index.astro
14.05.57   └─ /คำนวณค่าปรับจราจร/index.html (+3ms)
14.05.57 ▶ src/pages/คำนวณค่าปรับต่อทะเบียนรถล่าช้า/index.astro
14.05.57   └─ /คำนวณค่าปรับต่อทะเบียนรถล่าช้า/index.html (+3ms)
14.05.57 ▶ src/pages/คำนวณค่าปรับล่าช้าชำระหนี้/index.astro
14.05.57   └─ /คำนวณค่าปรับล่าช้าชำระหนี้/index.html (+2ms)
14.05.57 ▶ src/pages/คำนวณค่าปุ๋ย/index.astro
14.05.57   └─ /คำนวณค่าปุ๋ย/index.html (+2ms)
14.05.57 ▶ src/pages/คำนวณค่าไฟโซลาร์เซลล์/index.astro
14.05.57   └─ /คำนวณค่าไฟโซลาร์เซลล์/index.html (+3ms)
14.05.57 ▶ src/pages/คำนวณค่าไฟฟ้า/index.astro
14.05.57   └─ /คำนวณค่าไฟฟ้า/index.html (+4ms)
14.05.57 ▶ src/pages/คำนวณค่าภาษีรถยนต์/index.astro
14.05.57   └─ /คำนวณค่าภาษีรถยนต์/index.html (+9ms)
14.05.57 ▶ src/pages/คำนวณค่ารถไฟ/index.astro
14.05.57   └─ /คำนวณค่ารถไฟ/index.html (+2ms)
14.05.57 ▶ src/pages/คำนวณค่าร่วมจ่ายค่ารักษา/index.astro
14.05.57   └─ /คำนวณค่าร่วมจ่ายค่ารักษา/index.html (+3ms)
14.05.57 ▶ src/pages/คำนวณค่ารับรองเอกสาร/index.astro
14.05.57   └─ /คำนวณค่ารับรองเอกสาร/index.html (+3ms)
14.05.57 ▶ src/pages/คำนวณค่าเรียนพิเศษ/index.astro
14.05.57   └─ /คำนวณค่าเรียนพิเศษ/index.html (+3ms)
14.05.57 ▶ src/pages/คำนวณค่าเรียนมหาวิทยาลัย/index.astro
14.05.57   └─ /คำนวณค่าเรียนมหาวิทยาลัย/index.html (+3ms)
14.05.57 ▶ src/pages/คำนวณค่าเรียนโรงเรียนนานาชาติ/index.astro
14.05.57   └─ /คำนวณค่าเรียนโรงเรียนนานาชาติ/index.html (+3ms)
14.05.57 ▶ src/pages/คำนวณค่าแรงขั้นต่ำ/index.astro
14.05.57   └─ /คำนวณค่าแรงขั้นต่ำ/index.html (+6ms)
14.05.57 ▶ src/pages/คำนวณค่าแรงขั้นต่ำตามจังหวัด/index.astro
14.05.57   └─ /คำนวณค่าแรงขั้นต่ำตามจังหวัด/index.html (+3ms)
14.05.57 ▶ src/pages/คำนวณค่าเลี้ยงดูบุตร/index.astro
14.05.57   └─ /คำนวณค่าเลี้ยงดูบุตร/index.html (+4ms)
14.05.57 ▶ src/pages/คำนวณค่าเลี้ยงสัตว์/index.astro
14.05.57   └─ /คำนวณค่าเลี้ยงสัตว์/index.html (+4ms)
14.05.57 ▶ src/pages/คำนวณค่าวันลาพักร้อนคงเหลือ/index.astro
14.05.57   └─ /คำนวณค่าวันลาพักร้อนคงเหลือ/index.html (+3ms)
14.05.57 ▶ src/pages/คำนวณค่าวีซ่า/index.astro
14.05.57   └─ /คำนวณค่าวีซ่า/index.html (+4ms)
14.05.57 ▶ src/pages/คำนวณค่าส่งพัสดุ/index.astro
14.05.57   └─ /คำนวณค่าส่งพัสดุ/index.html (+4ms)
14.05.57 ▶ src/pages/คำนวณค่าส่งพัสดุ.astro
14.05.57   └─ /คำนวณค่าส่งพัสดุ/index.html (+2ms)
14.05.57 ▶ src/pages/คำนวณค่าเสื่อมราคารถ/index.astro
14.05.57   └─ /คำนวณค่าเสื่อมราคารถ/index.html (+3ms)
14.05.57 ▶ src/pages/คำนวณค่าห้องพัก/index.astro
14.05.57   └─ /คำนวณค่าห้องพัก/index.html (+3ms)
14.05.57 ▶ src/pages/คำนวณค่าห้องแรม/index.astro
14.05.57   └─ /คำนวณค่าห้องแรม/index.html (+3ms)
14.05.57 ▶ src/pages/คำนวณค่าอาหารต่อเดือน/index.astro
14.05.57   └─ /คำนวณค่าอาหารต่อเดือน/index.html (+3ms)
14.05.57 ▶ src/pages/คำนวณค่าโอที/index.astro
14.05.57   └─ /คำนวณค่าโอที/index.html (+3ms)
14.05.57 ▶ src/pages/คำนวณค่าโอนที่ดิน/index.astro
14.05.57   └─ /คำนวณค่าโอนที่ดิน/index.html (+3ms)
14.05.57 ▶ src/pages/คำนวณค่าโอนบ้าน/index.astro
14.05.57   └─ /คำนวณค่าโอนบ้าน/index.html (+2ms)
14.05.57 ▶ src/pages/คำนวณคุณสมบัติกู้บ้าน/index.astro
14.05.57   └─ /คำนวณคุณสมบัติกู้บ้าน/index.html (+3ms)
14.05.57 ▶ src/pages/คำนวณแคลอรี่/index.astro
14.05.57   └─ /คำนวณแคลอรี่/index.html (+2ms)
14.05.57 ▶ src/pages/คำนวณงบกินข้าวนอกบ้าน/index.astro
14.05.57   └─ /คำนวณงบกินข้าวนอกบ้าน/index.html (+3ms)
14.05.57 ▶ src/pages/คำนวณงบค่าสาธารณูปโภค/index.astro
14.05.57   └─ /คำนวณงบค่าสาธารณูปโภค/index.html (+3ms)
14.05.57 ▶ src/pages/คำนวณงบจัดบ้านใหม่/index.astro
14.05.57   └─ /คำนวณงบจัดบ้านใหม่/index.html (+3ms)
14.05.57 ▶ src/pages/คำนวณงบซองเงินสด/index.astro
14.05.57   └─ /คำนวณงบซองเงินสด/index.html (+3ms)
14.05.57 ▶ src/pages/คำนวณงบซื้อของชำ/index.astro
14.05.57   └─ /คำนวณงบซื้อของชำ/index.html (+2ms)
14.05.57 ▶ src/pages/คำนวณงบเดินทาง/index.astro
14.05.57   └─ /คำนวณงบเดินทาง/index.html (+2ms)
14.05.57 ▶ src/pages/คำนวณงบเดินทางท่องเที่ยว/index.astro
14.05.57   └─ /คำนวณงบเดินทางท่องเที่ยว/index.html (+3ms)
14.05.57 ▶ src/pages/คำนวณงบแต่งงาน/index.astro
14.05.57   └─ /คำนวณงบแต่งงาน/index.html (+4ms)
14.05.57 ▶ src/pages/คำนวณงบเทศกาล/index.astro
14.05.57   └─ /คำนวณงบเทศกาล/index.html (+3ms)
14.05.57 ▶ src/pages/คำนวณงบประมาณ-50-30-20/index.astro
14.05.57   └─ /คำนวณงบประมาณ-50-30-20/index.html (+3ms)
14.05.57 ▶ src/pages/คำนวณงบประมาณ-zero-based/index.astro
14.05.57   └─ /คำนวณงบประมาณ-zero-based/index.html (+4ms)
14.05.57 ▶ src/pages/คำนวณงบประมาณครัวเรือน/index.astro
14.05.57   └─ /คำนวณงบประมาณครัวเรือน/index.html (+4ms)
14.05.57 ▶ src/pages/คำนวณงบประมาณจัดสวน/index.astro
14.05.57   └─ /คำนวณงบประมาณจัดสวน/index.html (+3ms)
14.05.57 ▶ src/pages/คำนวณงบประมาณปรับปรุงบ้าน/index.astro
14.05.57   └─ /คำนวณงบประมาณปรับปรุงบ้าน/index.html (+5ms)
14.05.57 ▶ src/pages/คำนวณงบประมาณปลอดภัยจากหนี้/index.astro
14.05.57   └─ /คำนวณงบประมาณปลอดภัยจากหนี้/index.html (+4ms)
14.05.57 ▶ src/pages/คำนวณงบประมาณพนักงาน/index.astro
14.05.57   └─ /คำนวณงบประมาณพนักงาน/index.html (+4ms)
14.05.57 ▶ src/pages/คำนวณงบประมาณรายได้เดี่ยว/index.astro
14.05.57   └─ /คำนวณงบประมาณรายได้เดี่ยว/index.html (+4ms)
14.05.57 ▶ src/pages/คำนวณงบประมาณรายได้ไม่แน่นอน/index.astro
14.05.57   └─ /คำนวณงบประมาณรายได้ไม่แน่นอน/index.html (+3ms)
14.05.57 ▶ src/pages/คำนวณงบประมาณรายสัปดาห์/index.astro
14.05.57   └─ /คำนวณงบประมาณรายสัปดาห์/index.html (+4ms)
14.05.57 ▶ src/pages/คำนวณงบประมาณสองรายได้/index.astro
14.05.57   └─ /คำนวณงบประมาณสองรายได้/index.html (+3ms)
14.05.57 ▶ src/pages/คำนวณงบเปิดเทอม/index.astro
14.05.57   └─ /คำนวณงบเปิดเทอม/index.html (+3ms)
14.05.57 ▶ src/pages/คำนวณงบมีลูกใหม่/index.astro
14.05.57   └─ /คำนวณงบมีลูกใหม่/index.html (+4ms)
14.05.57 ▶ src/pages/คำนวณงบย้ายบ้าน/index.astro
14.05.57   └─ /คำนวณงบย้ายบ้าน/index.html (+3ms)
14.05.57 ▶ src/pages/คำนวณงบเลี้ยงสัตว์/index.astro
14.05.57   └─ /คำนวณงบเลี้ยงสัตว์/index.html (+3ms)
14.05.57 ▶ src/pages/คำนวณงบแลกเงินเดินทาง/index.astro
14.05.57   └─ /คำนวณงบแลกเงินเดินทาง/index.html (+3ms)
14.05.57 ▶ src/pages/คำนวณงบสมัครสมาชิก/index.astro
14.05.57   └─ /คำนวณงบสมัครสมาชิก/index.html (+3ms)
14.05.57 ▶ src/pages/คำนวณเงินกู้-balloon/index.astro
14.05.57   └─ /คำนวณเงินกู้-balloon/index.html (+3ms)
14.05.57 ▶ src/pages/คำนวณเงินกู้กยศ/index.astro
14.05.57   └─ /คำนวณเงินกู้กยศ/index.html (+3ms)
14.05.57 ▶ src/pages/คำนวณเงินเกษียณ/index.astro
14.05.57   └─ /คำนวณเงินเกษียณ/index.html (+3ms)
14.05.57 ▶ src/pages/คำนวณเงินชดเชยรายวันโรงพยาบาล/index.astro
14.05.57   └─ /คำนวณเงินชดเชยรายวันโรงพยาบาล/index.html (+4ms)
14.05.57 ▶ src/pages/คำนวณเงินดาวน์/index.astro
14.05.57   └─ /คำนวณเงินดาวน์/index.html (+3ms)
14.05.57 ▶ src/pages/คำนวณเงินดาวน์ที่ดิน/index.astro
14.05.57   └─ /คำนวณเงินดาวน์ที่ดิน/index.html (+4ms)
14.05.57 ▶ src/pages/คำนวณเงินเดือน-gross-up/index.astro
14.05.57   └─ /คำนวณเงินเดือน-gross-up/index.html (+3ms)
14.05.57 ▶ src/pages/คำนวณเงินเดือนงวดสุดท้าย/index.astro
14.05.57   └─ /คำนวณเงินเดือนงวดสุดท้าย/index.html (+4ms)
14.05.57 ▶ src/pages/คำนวณเงินเดือนระหว่างทดลองงาน/index.astro
14.05.57   └─ /คำนวณเงินเดือนระหว่างทดลองงาน/index.html (+3ms)
14.05.57 ▶ src/pages/คำนวณเงินเดือนสุทธิ/index.astro
14.05.57   └─ /คำนวณเงินเดือนสุทธิ/index.html (+5ms)
14.05.57 ▶ src/pages/คำนวณเงินเดือนหลังเลื่อนตำแหน่ง/index.astro
14.05.57   └─ /คำนวณเงินเดือนหลังเลื่อนตำแหน่ง/index.html (+4ms)
14.05.57 ▶ src/pages/คำนวณเงินบำนาญรายปี/index.astro
14.05.57   └─ /คำนวณเงินบำนาญรายปี/index.html (+4ms)
14.05.57 ▶ src/pages/คำนวณเงินฝากประจำรายเดือน/index.astro
14.05.57   └─ /คำนวณเงินฝากประจำรายเดือน/index.html (+3ms)
14.05.57 ▶ src/pages/คำนวณเงินสมทบกองทุนสำรองเลี้ยงชีพนายจ้าง/index.astro
14.05.57   └─ /คำนวณเงินสมทบกองทุนสำรองเลี้ยงชีพนายจ้าง/index.html (+4ms)
14.05.57 ▶ src/pages/คำนวณเงินสมทบกองทุนสำรองเลี้ยงชีพพนักงาน/index.astro
14.05.57   └─ /คำนวณเงินสมทบกองทุนสำรองเลี้ยงชีพพนักงาน/index.html (+3ms)
14.05.57 ▶ src/pages/คำนวณเงินสมทบเกษียณ/index.astro
14.05.57   └─ /คำนวณเงินสมทบเกษียณ/index.html (+3ms)
14.05.57 ▶ src/pages/คำนวณเงินสำรองฉุกเฉิน/index.astro
14.05.57   └─ /คำนวณเงินสำรองฉุกเฉิน/index.html (+3ms)
14.05.57 ▶ src/pages/คำนวณจำนวนเงินออมต่อเดือน/index.astro
14.05.57   └─ /คำนวณจำนวนเงินออมต่อเดือน/index.html (+3ms)
14.05.57 ▶ src/pages/คำนวณจำนวนแผงโซลาร์/index.astro
14.05.57   └─ /คำนวณจำนวนแผงโซลาร์/index.html (+4ms)
14.05.57 ▶ src/pages/คำนวณจุดคุ้มทุนรีไฟแนนซ์/index.astro
14.05.57   └─ /คำนวณจุดคุ้มทุนรีไฟแนนซ์/index.html (+3ms)
14.05.57 ▶ src/pages/คำนวณช่วงความเชื่อมั่น/index.astro
14.05.57   └─ /คำนวณช่วงความเชื่อมั่น/index.html (+3ms)
14.05.57 ▶ src/pages/คำนวณช่วงเปลี่ยนน้ำมันเครื่อง/index.astro
14.05.57   └─ /คำนวณช่วงเปลี่ยนน้ำมันเครื่อง/index.html (+3ms)
14.05.57 ▶ src/pages/คำนวณช่องว่างเงินเกษียณ/index.astro
14.05.57   └─ /คำนวณช่องว่างเงินเกษียณ/index.html (+4ms)
14.05.57 ▶ src/pages/คำนวณช่องว่างทุนประกัน/index.astro
14.05.57   └─ /คำนวณช่องว่างทุนประกัน/index.html (+4ms)
14.05.57 ▶ src/pages/คำนวณชั่วโมงทำงานกะ/index.astro
14.05.57   └─ /คำนวณชั่วโมงทำงานกะ/index.html (+8ms)
14.05.57 ▶ src/pages/คำนวณเช่าซื้อ-vs-กู้ซื้อ/index.astro
14.05.57   └─ /คำนวณเช่าซื้อ-vs-กู้ซื้อ/index.html (+3ms)
14.05.57 ▶ src/pages/คำนวณดอกเบี้ย-invoice-ค้างชำระ/index.astro
14.05.57   └─ /คำนวณดอกเบี้ย-invoice-ค้างชำระ/index.html (+3ms)
14.05.57 ▶ src/pages/คำนวณดอกเบี้ยเงินฝาก/index.astro
14.05.57   └─ /คำนวณดอกเบี้ยเงินฝาก/index.html (+3ms)
14.05.57 ▶ src/pages/คำนวณดอกเบี้ยเงินฝากประจำ/index.astro
14.05.57   └─ /คำนวณดอกเบี้ยเงินฝากประจำ/index.html (+3ms)
14.05.57 ▶ src/pages/คำนวณดอกเบี้ยทบต้น/index.astro
14.05.57   └─ /คำนวณดอกเบี้ยทบต้น/index.html (+2ms)
14.05.57 ▶ src/pages/คำนวณดอกเบี้ยบัตรเครดิต/index.astro
14.05.57   └─ /คำนวณดอกเบี้ยบัตรเครดิต/index.html (+4ms)
14.05.57 ▶ src/pages/คำนวณดอกเบี้ยเบิกเกินบัญชี/index.astro
14.05.57   └─ /คำนวณดอกเบี้ยเบิกเกินบัญชี/index.html (+3ms)
14.05.57 ▶ src/pages/คำนวณดอกเบี้ยลดต้นลดดอก/index.astro
14.05.57   └─ /คำนวณดอกเบี้ยลดต้นลดดอก/index.html (+3ms)
14.05.57 ▶ src/pages/คำนวณดอกเบี้ยออมทรัพย์/index.astro
14.05.57   └─ /คำนวณดอกเบี้ยออมทรัพย์/index.html (+4ms)
14.05.57 ▶ src/pages/คำนวณดัชนีราคาผู้บริโภค/index.astro
14.05.57   └─ /คำนวณดัชนีราคาผู้บริโภค/index.html (+5ms)
14.05.57 ▶ src/pages/คำนวณต้นทุน-bnpl/index.astro
14.05.57   └─ /คำนวณต้นทุน-bnpl/index.html (+3ms)
14.05.57 ▶ src/pages/คำนวณต้นทุน-chargeback/index.astro
14.05.57   └─ /คำนวณต้นทุน-chargeback/index.html (+3ms)
14.05.57 ▶ src/pages/คำนวณต้นทุนกวดวิชา/index.astro
14.05.57   └─ /คำนวณต้นทุนกวดวิชา/index.html (+4ms)
14.05.57 ▶ src/pages/คำนวณต้นทุนก่อสร้างอาคาร/index.astro
14.05.57   └─ /คำนวณต้นทุนก่อสร้างอาคาร/index.html (+3ms)
14.05.57 ▶ src/pages/คำนวณต้นทุนการกันสนิม/index.astro
14.05.57   └─ /คำนวณต้นทุนการกันสนิม/index.html (+4ms)
14.05.57 ▶ src/pages/คำนวณต้นทุนการสร้างบ้าน/index.astro
14.05.57   └─ /คำนวณต้นทุนการสร้างบ้าน/index.html (+4ms)
14.05.57 ▶ src/pages/คำนวณต้นทุนขับเคลื่อนไปทำงาน/index.astro
14.05.57   └─ /คำนวณต้นทุนขับเคลื่อนไปทำงาน/index.html (+3ms)
14.05.57 ▶ src/pages/คำนวณต้นทุนคืนเงิน/index.astro
14.05.57   └─ /คำนวณต้นทุนคืนเงิน/index.html (+4ms)
14.05.57 ▶ src/pages/คำนวณต้นทุนจัดการรถบริษัท/index.astro
14.05.57   └─ /คำนวณต้นทุนจัดการรถบริษัท/index.html (+3ms)
14.05.57 ▶ src/pages/คำนวณต้นทุนเจ้าของรถทั้งหมด/index.astro
14.05.57   └─ /คำนวณต้นทุนเจ้าของรถทั้งหมด/index.html (+3ms)
14.05.57 ▶ src/pages/คำนวณต้นทุนเฉลี่ยหุ้น/index.astro
14.05.57   └─ /คำนวณต้นทุนเฉลี่ยหุ้น/index.html (+3ms)
14.05.57 ▶ src/pages/คำนวณต้นทุนชั่วโมงแรงงาน/index.astro
14.05.57   └─ /คำนวณต้นทุนชั่วโมงแรงงาน/index.html (+4ms)
14.05.57 ▶ src/pages/คำนวณต้นทุนชาร์จรถไฟฟ้า/index.astro
14.05.57   └─ /คำนวณต้นทุนชาร์จรถไฟฟ้า/index.html (+2ms)
14.05.57 ▶ src/pages/คำนวณต้นทุนชำระเงินข้ามประเทศ/index.astro
14.05.57   └─ /คำนวณต้นทุนชำระเงินข้ามประเทศ/index.html (+4ms)
14.05.57 ▶ src/pages/คำนวณต้นทุนเชื้อเพลิง/index.astro
14.05.57   └─ /คำนวณต้นทุนเชื้อเพลิง/index.html (+2ms)
14.05.57 ▶ src/pages/คำนวณต้นทุนซ่อมระบบช่วงล่าง/index.astro
14.05.57   └─ /คำนวณต้นทุนซ่อมระบบช่วงล่าง/index.html (+3ms)
14.05.57 ▶ src/pages/คำนวณต้นทุนซ่อมอุบัติเหตุ/index.astro
14.05.57   └─ /คำนวณต้นทุนซ่อมอุบัติเหตุ/index.html (+3ms)
14.05.58 ▶ src/pages/คำนวณต้นทุนต่อตารางเมตร/index.astro
14.05.58   └─ /คำนวณต้นทุนต่อตารางเมตร/index.html (+3ms)
14.05.58 ▶ src/pages/คำนวณต้นทุนต่อทะเบียนรถ/index.astro
14.05.58   └─ /คำนวณต้นทุนต่อทะเบียนรถ/index.html (+3ms)
14.05.58 ▶ src/pages/คำนวณต้นทุนต่อทะเบียนรถรวม/index.astro
14.05.58   └─ /คำนวณต้นทุนต่อทะเบียนรถรวม/index.html (+4ms)
14.05.58 ▶ src/pages/คำนวณต้นทุนตั้งศูนย์ถ่วงล้อ/index.astro
14.05.58   └─ /คำนวณต้นทุนตั้งศูนย์ถ่วงล้อ/index.html (+3ms)
14.05.58 ▶ src/pages/คำนวณต้นทุนติดฟิล์มกรองแสง/index.astro
14.05.58   └─ /คำนวณต้นทุนติดฟิล์มกรองแสง/index.html (+3ms)
14.05.58 ▶ src/pages/คำนวณต้นทุนทดสอบการปล่อยแก๊ส/index.astro
14.05.58   └─ /คำนวณต้นทุนทดสอบการปล่อยแก๊ส/index.html (+2ms)
14.05.58 ▶ src/pages/คำนวณต้นทุนทาสีบ้าน/index.astro
14.05.58   └─ /คำนวณต้นทุนทาสีบ้าน/index.html (+3ms)
14.05.58 ▶ src/pages/คำนวณต้นทุนที่จอดรถ/index.astro
14.05.58   └─ /คำนวณต้นทุนที่จอดรถ/index.html (+3ms)
14.05.58 ▶ src/pages/คำนวณต้นทุนบำรุงถังเก็บน้ำเสีย/index.astro
14.05.58   └─ /คำนวณต้นทุนบำรุงถังเก็บน้ำเสีย/index.html (+3ms)
14.05.58 ▶ src/pages/คำนวณต้นทุนบำรุงรักษารถ/index.astro
14.05.58   └─ /คำนวณต้นทุนบำรุงรักษารถ/index.html (+2ms)
14.05.58 ▶ src/pages/คำนวณต้นทุนปกป้องสีรถ/index.astro
14.05.58   └─ /คำนวณต้นทุนปกป้องสีรถ/index.html (+3ms)
14.05.58 ▶ src/pages/คำนวณต้นทุนประกันกลุ่มนายจ้าง/index.astro
14.05.58   └─ /คำนวณต้นทุนประกันกลุ่มนายจ้าง/index.html (+2ms)
14.05.58 ▶ src/pages/คำนวณต้นทุนประกันขยาย/index.astro
14.05.58   └─ /คำนวณต้นทุนประกันขยาย/index.html (+2ms)
14.05.58 ▶ src/pages/คำนวณต้นทุนประกันโทรศัพท์/index.astro
14.05.58   └─ /คำนวณต้นทุนประกันโทรศัพท์/index.html (+2ms)
14.05.58 ▶ src/pages/คำนวณต้นทุนประปา/index.astro
14.05.58   └─ /คำนวณต้นทุนประปา/index.html (+6ms)
14.05.58 ▶ src/pages/คำนวณต้นทุนปรับปรุงครัว/index.astro
14.05.58   └─ /คำนวณต้นทุนปรับปรุงครัว/index.html (+4ms)
14.05.58 ▶ src/pages/คำนวณต้นทุนปรับปรุงห้องน้ำ/index.astro
14.05.58   └─ /คำนวณต้นทุนปรับปรุงห้องน้ำ/index.html (+4ms)
14.05.58 ▶ src/pages/คำนวณต้นทุนปิดการขาย/index.astro
14.05.58   └─ /คำนวณต้นทุนปิดการขาย/index.html (+3ms)
14.05.58 ▶ src/pages/คำนวณต้นทุนปูพื้น/index.astro
14.05.58   └─ /คำนวณต้นทุนปูพื้น/index.html (+3ms)
14.05.58 ▶ src/pages/คำนวณต้นทุนเปลี่ยนเครื่องบดขยะ/index.astro
14.05.58   └─ /คำนวณต้นทุนเปลี่ยนเครื่องบดขยะ/index.html (+3ms)
14.05.58 ▶ src/pages/คำนวณต้นทุนเปลี่ยนประตู/index.astro
14.05.58   └─ /คำนวณต้นทุนเปลี่ยนประตู/index.html (+3ms)
14.05.58 ▶ src/pages/คำนวณต้นทุนเปลี่ยนยาง/index.astro
14.05.58   └─ /คำนวณต้นทุนเปลี่ยนยาง/index.html (+3ms)
14.05.58 ▶ src/pages/คำนวณต้นทุนเปลี่ยนหน้าต่าง/index.astro
14.05.58   └─ /คำนวณต้นทุนเปลี่ยนหน้าต่าง/index.html (+3ms)
14.05.58 ▶ src/pages/คำนวณต้นทุนพนักงานรายเดือน/index.astro
14.05.58   └─ /คำนวณต้นทุนพนักงานรายเดือน/index.html (+3ms)
14.05.58 ▶ src/pages/คำนวณต้นทุนย้ายบ้าน/index.astro
14.05.58   └─ /คำนวณต้นทุนย้ายบ้าน/index.html (+3ms)
14.05.58 ▶ src/pages/คำนวณต้นทุนยูทิลิตี้บ้าน/index.astro
14.05.58   └─ /คำนวณต้นทุนยูทิลิตี้บ้าน/index.html (+3ms)
14.05.58 ▶ src/pages/คำนวณต้นทุนรถหยุดซ่อม/index.astro
14.05.58   └─ /คำนวณต้นทุนรถหยุดซ่อม/index.html (+11ms)
14.05.58 ▶ src/pages/คำนวณต้นทุนรอรับเงิน/index.astro
14.05.58   └─ /คำนวณต้นทุนรอรับเงิน/index.html (+3ms)
14.05.58 ▶ src/pages/คำนวณต้นทุนระบบ-telematics/index.astro
14.05.58   └─ /คำนวณต้นทุนระบบ-telematics/index.html (+3ms)
14.05.58 ▶ src/pages/คำนวณต้นทุนระบบรักษาความปลอดภัย/index.astro
14.05.58   └─ /คำนวณต้นทุนระบบรักษาความปลอดภัย/index.html (+3ms)
14.05.58 ▶ src/pages/คำนวณต้นทุนระบบอ่อนน้ำ/index.astro
14.05.58   └─ /คำนวณต้นทุนระบบอ่อนน้ำ/index.html (+4ms)
14.05.58 ▶ src/pages/คำนวณต้นทุนเรียนต่างประเทศ/index.astro
14.05.58   └─ /คำนวณต้นทุนเรียนต่างประเทศ/index.html (+3ms)
14.05.58 ▶ src/pages/คำนวณต้นทุนโรงพยาบาล/index.astro
14.05.58   └─ /คำนวณต้นทุนโรงพยาบาล/index.html (+4ms)
14.05.58 ▶ src/pages/คำนวณต้นทุนสมาร์ทโฮม/index.astro
14.05.58   └─ /คำนวณต้นทุนสมาร์ทโฮม/index.html (+3ms)
14.05.58 ▶ src/pages/คำนวณต้นทุนหลังคา/index.astro
14.05.58   └─ /คำนวณต้นทุนหลังคา/index.html (+3ms)
14.05.58 ▶ src/pages/คำนวณต้นทุนอัปเกรดระบายน้ำ/index.astro
14.05.58   └─ /คำนวณต้นทุนอัปเกรดระบายน้ำ/index.html (+3ms)
14.05.58 ▶ src/pages/คำนวณต้นทุนอัพเกรดแผงไฟฟ้า/index.astro
14.05.58   └─ /คำนวณต้นทุนอัพเกรดแผงไฟฟ้า/index.html (+4ms)
14.05.58 ▶ src/pages/คำนวณตัวเลขนัยสำคัญ/index.astro
14.05.58   └─ /คำนวณตัวเลขนัยสำคัญ/index.html (+3ms)
14.05.58 ▶ src/pages/คำนวณตั๋วสัญญาใช้เงิน/index.astro
14.05.58   └─ /คำนวณตั๋วสัญญาใช้เงิน/index.html (+3ms)
14.05.58 ▶ src/pages/คำนวณตารางเปลี่ยนน้ำมันเกียร์/index.astro
14.05.58   └─ /คำนวณตารางเปลี่ยนน้ำมันเกียร์/index.html (+3ms)
14.05.58 ▶ src/pages/คำนวณตารางเปลี่ยนเบรก/index.astro
14.05.58   └─ /คำนวณตารางเปลี่ยนเบรก/index.html (+4ms)
14.05.58 ▶ src/pages/คำนวณตารางเปลี่ยนแบตเตอรี่/index.astro
14.05.58   └─ /คำนวณตารางเปลี่ยนแบตเตอรี่/index.html (+3ms)
14.05.58 ▶ src/pages/คำนวณตารางเปลี่ยนหัวเทียน/index.astro
14.05.58   └─ /คำนวณตารางเปลี่ยนหัวเทียน/index.html (+4ms)
14.05.58 ▶ src/pages/คำนวณตารางล้างน้ำหล่อเย็น/index.astro
14.05.58   └─ /คำนวณตารางล้างน้ำหล่อเย็น/index.html (+21ms)
14.05.58 ▶ src/pages/คำนวณแต้มสะสม/index.astro
14.05.58   └─ /คำนวณแต้มสะสม/index.html (+8ms)
14.05.58 ▶ src/pages/คำนวณถอนเงินเกษียณ/index.astro
14.05.58   └─ /คำนวณถอนเงินเกษียณ/index.html (+8ms)
14.05.58 ▶ src/pages/คำนวณทฤษฎีพีทาโกรัส/index.astro
14.05.58   └─ /คำนวณทฤษฎีพีทาโกรัส/index.html (+5ms)
14.05.58 ▶ src/pages/คำนวณทุนประกันชีวิต/index.astro
14.05.58   └─ /คำนวณทุนประกันชีวิต/index.html (+6ms)
14.05.58 ▶ src/pages/คำนวณทุนประกันชีวิตที่เหมาะสม/index.astro
14.05.58   └─ /คำนวณทุนประกันชีวิตที่เหมาะสม/index.html (+4ms)
14.05.58 ▶ src/pages/คำนวณทุนประกันทดแทนรายได้/index.astro
14.05.58   └─ /คำนวณทุนประกันทดแทนรายได้/index.html (+4ms)
14.05.58 ▶ src/pages/คำนวณบำนาญรายเดือน/index.astro
14.05.58   └─ /คำนวณบำนาญรายเดือน/index.html (+6ms)
14.05.58 ▶ src/pages/คำนวณเบี้ยกะดึก/index.astro
14.05.58   └─ /คำนวณเบี้ยกะดึก/index.html (+5ms)
14.05.58 ▶ src/pages/คำนวณเบี้ยประกันการเดินทาง/index.astro
14.05.58   └─ /คำนวณเบี้ยประกันการเดินทาง/index.html (+4ms)
14.05.58 ▶ src/pages/คำนวณเบี้ยประกันคอนโด/index.astro
14.05.58   └─ /คำนวณเบี้ยประกันคอนโด/index.html (+4ms)
14.05.58 ▶ src/pages/คำนวณเบี้ยประกันชีวิต/index.astro
14.05.58   └─ /คำนวณเบี้ยประกันชีวิต/index.html (+3ms)
14.05.58 ▶ src/pages/คำนวณเบี้ยประกันชีวิตตลอดชีพ/index.astro
14.05.58   └─ /คำนวณเบี้ยประกันชีวิตตลอดชีพ/index.html (+8ms)
14.05.58 ▶ src/pages/คำนวณเบี้ยประกันตลอดชีพ/index.astro
14.05.58   └─ /คำนวณเบี้ยประกันตลอดชีพ/index.html (+4ms)
14.05.58 ▶ src/pages/คำนวณเบี้ยประกันบ้าน/index.astro
14.05.58   └─ /คำนวณเบี้ยประกันบ้าน/index.html (+11ms)
14.05.58 ▶ src/pages/คำนวณเบี้ยประกันมอเตอร์ไซค์/index.astro
14.05.58   └─ /คำนวณเบี้ยประกันมอเตอร์ไซค์/index.html (+4ms)
14.05.58 ▶ src/pages/คำนวณเบี้ยประกันรถยนต์/index.astro
14.05.58   └─ /คำนวณเบี้ยประกันรถยนต์/index.html (+4ms)
14.05.58 ▶ src/pages/คำนวณเบี้ยประกันโรคร้ายแรง/index.astro
14.05.58   └─ /คำนวณเบี้ยประกันโรคร้ายแรง/index.html (+4ms)
14.05.58 ▶ src/pages/คำนวณเบี้ยประกันสัตว์เลี้ยง/index.astro
14.05.58   └─ /คำนวณเบี้ยประกันสัตว์เลี้ยง/index.html (+4ms)
14.05.58 ▶ src/pages/คำนวณเบี้ยประกันสุขภาพ/index.astro
14.05.58   └─ /คำนวณเบี้ยประกันสุขภาพ/index.html (+4ms)
14.05.58 ▶ src/pages/คำนวณเบี้ยประกันสุขภาพ-รายบุคคล/index.astro
14.05.58   └─ /คำนวณเบี้ยประกันสุขภาพ-รายบุคคล/index.html (+6ms)
14.05.58 ▶ src/pages/คำนวณเบี้ยประกันสุขภาพผู้สูงอายุ/index.astro
14.05.58   └─ /คำนวณเบี้ยประกันสุขภาพผู้สูงอายุ/index.html (+4ms)
14.05.58 ▶ src/pages/คำนวณเบี้ยประกันอุบัติเหตุ/index.astro
14.05.58   └─ /คำนวณเบี้ยประกันอุบัติเหตุ/index.html (+4ms)
14.05.58 ▶ src/pages/คำนวณแบ่งค่าใช้จ่ายครัวเรือน/index.astro
14.05.58   └─ /คำนวณแบ่งค่าใช้จ่ายครัวเรือน/index.html (+3ms)
14.05.58 ▶ src/pages/คำนวณแบ่งค่าใช้จ่ายคู่รัก/index.astro
14.05.58   └─ /คำนวณแบ่งค่าใช้จ่ายคู่รัก/index.html (+3ms)
14.05.58 ▶ src/pages/คำนวณแบ่งชำระ/index.astro
14.05.58   └─ /คำนวณแบ่งชำระ/index.html (+3ms)
14.05.58 ▶ src/pages/คำนวณแบ่งบิลรูมเมท/index.astro
14.05.58   └─ /คำนวณแบ่งบิลรูมเมท/index.html (+3ms)
14.05.58 ▶ src/pages/คำนวณโบนัสการขาย/index.astro
14.05.58   └─ /คำนวณโบนัสการขาย/index.html (+4ms)
14.05.58 ▶ src/pages/คำนวณโบนัสประจำปี/index.astro
14.05.58   └─ /คำนวณโบนัสประจำปี/index.html (+3ms)
14.05.58 ▶ src/pages/คำนวณปฏิทินชำระรายเดือน/index.astro
14.05.58   └─ /คำนวณปฏิทินชำระรายเดือน/index.html (+4ms)
14.05.58 ▶ src/pages/คำนวณประกัน-top-up/index.astro
14.05.58   └─ /คำนวณประกัน-top-up/index.html (+3ms)
14.05.58 ▶ src/pages/คำนวณประกันtopup/index.astro
14.05.58   └─ /คำนวณประกันtopup/index.html (+3ms)
14.05.58 ▶ src/pages/คำนวณประกันครอบ-gap/index.astro
14.05.58   └─ /คำนวณประกันครอบ-gap/index.html (+3ms)
14.05.58 ▶ src/pages/คำนวณประกันความรับผิดทางวิชาชีพ/index.astro
14.05.58   └─ /คำนวณประกันความรับผิดทางวิชาชีพ/index.html (+3ms)
14.05.58 ▶ src/pages/คำนวณประกันความรับผิดส่วนบุคคล/index.astro
14.05.58   └─ /คำนวณประกันความรับผิดส่วนบุคคล/index.html (+6ms)
14.05.58 ▶ src/pages/คำนวณประกันค่าจัดการศพ/index.astro
14.05.58   └─ /คำนวณประกันค่าจัดการศพ/index.html (+5ms)
14.05.58 ▶ src/pages/คำนวณประกันคุ้มครองรายได้/index.astro
14.05.58   └─ /คำนวณประกันคุ้มครองรายได้/index.html (+5ms)
14.05.58 ▶ src/pages/คำนวณประกันชีวิต/index.astro
14.05.58   └─ /คำนวณประกันชีวิต/index.html (+5ms)
14.05.58 ▶ src/pages/คำนวณประกันธุรกิจ-sme/index.astro
14.05.58   └─ /คำนวณประกันธุรกิจ-sme/index.html (+6ms)
14.05.58 ▶ src/pages/คำนวณประกันพืชผล/index.astro
14.05.58   └─ /คำนวณประกันพืชผล/index.html (+8ms)
14.05.58 ▶ src/pages/คำนวณประกันรถพาณิชย์/index.astro
14.05.58   └─ /คำนวณประกันรถพาณิชย์/index.html (+16ms)
14.05.58 ▶ src/pages/คำนวณประกันโรคเฉพาะทาง/index.astro
14.05.58   └─ /คำนวณประกันโรคเฉพาะทาง/index.html (+5ms)
14.05.58 ▶ src/pages/คำนวณประกันสะสมทรัพย์/index.astro
14.05.58   └─ /คำนวณประกันสะสมทรัพย์/index.html (+9ms)
14.05.58 ▶ src/pages/คำนวณประกันสังคม/index.astro
14.05.58   └─ /คำนวณประกันสังคม/index.html (+6ms)
14.05.58 ▶ src/pages/คำนวณประกันสังคมมาตรา39/index.astro
14.05.58   └─ /คำนวณประกันสังคมมาตรา39/index.html (+5ms)
14.05.58 ▶ src/pages/คำนวณประกันสังคมมาตรา40/index.astro
14.05.58   └─ /คำนวณประกันสังคมมาตรา40/index.html (+9ms)
14.05.58 ▶ src/pages/คำนวณประกันสินค้านำเข้า-ส่งออก/index.astro
14.05.58   └─ /คำนวณประกันสินค้านำเข้า-ส่งออก/index.html (+4ms)
14.05.58 ▶ src/pages/คำนวณประกันสุขภาพครอบครัว/index.astro
14.05.58   └─ /คำนวณประกันสุขภาพครอบครัว/index.html (+7ms)
14.05.58 ▶ src/pages/คำนวณประกันอสังหาฯ/index.astro
14.05.58   └─ /คำนวณประกันอสังหาฯ/index.html (+4ms)
14.05.58 ▶ src/pages/คำนวณประกันอุปกรณ์อิเล็กทรอนิกส์/index.astro
14.05.58   └─ /คำนวณประกันอุปกรณ์อิเล็กทรอนิกส์/index.html (+5ms)
14.05.58 ▶ src/pages/คำนวณประมาณการชดเชยประกัน/index.astro
14.05.58   └─ /คำนวณประมาณการชดเชยประกัน/index.html (+6ms)
14.05.58 ▶ src/pages/คำนวณประมาณเบี้ยประกันน้ำท่วม/index.astro
14.05.58   └─ /คำนวณประมาณเบี้ยประกันน้ำท่วม/index.html (+23ms)
14.05.58 ▶ src/pages/คำนวณประมาณเบี้ยประกันอัคคีภัย/index.astro
14.05.58   └─ /คำนวณประมาณเบี้ยประกันอัคคีภัย/index.html (+28ms)
14.05.58 ▶ src/pages/คำนวณประหยัดจากการติดตั้งแผง-solar/index.astro
14.05.58   └─ /คำนวณประหยัดจากการติดตั้งแผง-solar/index.html (+11ms)
14.05.58 ▶ src/pages/คำนวณประหยัดจากปิดหนี้ก่อนกำหนด/index.astro
14.05.58   └─ /คำนวณประหยัดจากปิดหนี้ก่อนกำหนด/index.html (+5ms)
14.05.58 ▶ src/pages/คำนวณประหยัดจากพลังงานหลอด-led/index.astro
14.05.58   └─ /คำนวณประหยัดจากพลังงานหลอด-led/index.html (+4ms)
14.05.58 ▶ src/pages/คำนวณประหยัดรีไฟแนนซ์บ้าน/index.astro
14.05.58   └─ /คำนวณประหยัดรีไฟแนนซ์บ้าน/index.html (+8ms)
14.05.58 ▶ src/pages/คำนวณเปรียบเทียบ-deductible-กับเบี้ย/index.astro
14.05.58   └─ /คำนวณเปรียบเทียบ-deductible-กับเบี้ย/index.html (+8ms)
14.05.58 ▶ src/pages/คำนวณเปรียบเทียบเงินก้อน-vs-รายเดือน/index.astro
14.05.58   └─ /คำนวณเปรียบเทียบเงินก้อน-vs-รายเดือน/index.html (+5ms)
14.05.58 ▶ src/pages/คำนวณเปรียบเทียบจ่ายสดกับบัตร/index.astro
14.05.58   └─ /คำนวณเปรียบเทียบจ่ายสดกับบัตร/index.html (+6ms)
14.05.58 ▶ src/pages/คำนวณเปรียบเทียบจำนองกับเงินลงทุน/index.astro
14.05.58   └─ /คำนวณเปรียบเทียบจำนองกับเงินลงทุน/index.html (+4ms)
14.05.58 ▶ src/pages/คำนวณเปรียบเทียบเช่าที่ดิน-vs-ซื้อที่ดิน/index.astro
14.05.58   └─ /คำนวณเปรียบเทียบเช่าที่ดิน-vs-ซื้อที่ดิน/index.html (+5ms)
14.05.58 ▶ src/pages/คำนวณเปรียบเทียบซื้อรถ-vs-เช่า/index.astro
14.05.58   └─ /คำนวณเปรียบเทียบซื้อรถ-vs-เช่า/index.html (+4ms)
14.05.58 ▶ src/pages/คำนวณเปรียบเทียบทุนการศึกษา/index.astro
14.05.58   └─ /คำนวณเปรียบเทียบทุนการศึกษา/index.html (+6ms)
14.05.58 ▶ src/pages/คำนวณเปรียบเทียบประกันบ้าน/index.astro
14.05.58   └─ /คำนวณเปรียบเทียบประกันบ้าน/index.html (+3ms)
14.05.58 ▶ src/pages/คำนวณเปรียบเทียบแพ็คเกจอินเทอร์เน็ต/index.astro
14.05.58   └─ /คำนวณเปรียบเทียบแพ็คเกจอินเทอร์เน็ต/index.html (+8ms)
14.05.58 ▶ src/pages/คำนวณเปรียบเทียบฟรีแลนซ์กับพนักงานประจำ/index.astro
14.05.58   └─ /คำนวณเปรียบเทียบฟรีแลนซ์กับพนักงานประจำ/index.html (+4ms)
14.05.58 ▶ src/pages/คำนวณเปรียบเทียบร้านแลกเงิน/index.astro
14.05.58   └─ /คำนวณเปรียบเทียบร้านแลกเงิน/index.html (+5ms)
14.05.58 ▶ src/pages/คำนวณเปรียบเทียบโรงเรียนเอกชนกับรัฐ/index.astro
14.05.58   └─ /คำนวณเปรียบเทียบโรงเรียนเอกชนกับรัฐ/index.html (+4ms)
14.05.59 ▶ src/pages/คำนวณเปรียบเทียบไรด์แชร์-vs-รถส่วนตัว/index.astro
14.05.59   └─ /คำนวณเปรียบเทียบไรด์แชร์-vs-รถส่วนตัว/index.html (+3ms)
14.05.59 ▶ src/pages/คำนวณเปรียบเทียบสินเชื่อ/index.astro
14.05.59   └─ /คำนวณเปรียบเทียบสินเชื่อ/index.html (+3ms)
14.05.59 ▶ src/pages/คำนวณเปรียบเทียบไฮบริด-vs-เบนซิน/index.astro
14.05.59   └─ /คำนวณเปรียบเทียบไฮบริด-vs-เบนซิน/index.html (+3ms)
Cannot find module 'C:\Users\Henrik Madsen\.paperclip\instances\default\projects\3fee8de0-ac05-47ee-a8bd-b3b8a17cc09e\7bc34589-7df0-4922-a15b-7effc6367f4d\calculator-thailand\dist\chunks\astro\server_JTzX17Xn.mjs' imported from C:\Users\Henrik Madsen\.paperclip\instances\default\projects\3fee8de0-ac05-47ee-a8bd-b3b8a17cc09e\7bc34589-7df0-4922-a15b-7effc6367f4d\calculator-thailand\dist\pages\คำนวณเปอร์เซ็นต์.astro.mjs
  Stack trace:
    at finalizeResolution (node:internal/modules/esm/resolve:275:11)
    at defaultResolve (node:internal/modules/esm/resolve:991:11)
    at #resolveAndMaybeBlockOnLoaderThread (node:internal/modules/esm/loader:736:38)
    at #resolve (node:internal/modules/esm/loader:701:17)
    at ModuleJob.syncLink (node:internal/modules/esm/module_job:160:33)
